******************************************************************************
             TMS320C2000 Linker PC v22.6.3                     
******************************************************************************
>> Linked Tue Jun  2 15:31:19 2026

OUTPUT FILE NAME:   <totempole_spll.out>
ENTRY POINT SYMBOL: "code_start"  address: 00080000


MEMORY CONFIGURATION

         name            origin    length      used     unused   attr    fill
----------------------  --------  ---------  --------  --------  ----  --------
PAGE 0:
  RAMM0                 000000f6   0000030a  00000000  0000030a  RWIX
  RAMLS0                00008000   00000800  00000129  000006d7  RWIX
  RAMLS1                00008800   00000800  00000000  00000800  RWIX
  RAMLS2                00009000   00000800  00000000  00000800  RWIX
  RAMLS3                00009800   00000800  00000000  00000800  RWIX
  RAMLS4                0000a000   00000800  00000000  00000800  RWIX
  BEGIN                 00080000   00000002  00000002  00000000  RWIX
  FLASH_BANK0_SEC0      00080002   00000ffe  00000000  00000ffe  RWIX
  FLASH_BANK0_SEC1      00081000   00001000  0000014b  00000eb5  RWIX
  FLASH_BANK0_SEC2      00082000   00001000  00001000  00000000  RWIX
  FLASH_BANK0_SEC3      00083000   00001000  00001000  00000000  RWIX
  FLASH_BANK0_SEC4      00084000   00001000  00000574  00000a8c  RWIX
  FLASH_BANK0_SEC5      00085000   00001000  0000096e  00000692  RWIX
  FLASH_BANK0_SEC6      00086000   00001000  00000000  00001000  RWIX
  FLASH_BANK0_SEC7      00087000   00001000  00000000  00001000  RWIX
  FLASH_BANK0_SEC8      00088000   00001000  00000000  00001000  RWIX
  FLASH_BANK0_SEC9      00089000   00001000  00000000  00001000  RWIX
  FLASH_BANK0_SEC10     0008a000   00001000  00000000  00001000  RWIX
  FLASH_BANK0_SEC11     0008b000   00001000  00000000  00001000  RWIX
  FLASH_BANK0_SEC12     0008c000   00001000  00000000  00001000  RWIX
  FLASH_BANK0_SEC13     0008d000   00001000  00000000  00001000  RWIX
  FLASH_BANK0_SEC14     0008e000   00001000  00000000  00001000  RWIX
  FLASH_BANK0_SEC15     0008f000   00001000  00000000  00001000  RWIX
  FLASH_BANK1_SEC0      00090000   00001000  00000000  00001000  RWIX
  FLASH_BANK1_SEC1      00091000   00001000  00000000  00001000  RWIX
  FLASH_BANK1_SEC2      00092000   00001000  00000000  00001000  RWIX
  FLASH_BANK1_SEC3      00093000   00001000  00000000  00001000  RWIX
  FLASH_BANK1_SEC4      00094000   00001000  00000000  00001000  RWIX
  FLASH_BANK1_SEC5      00095000   00001000  00000000  00001000  RWIX
  FLASH_BANK1_SEC6      00096000   00001000  00000000  00001000  RWIX
  FLASH_BANK1_SEC7      00097000   00001000  00000000  00001000  RWIX
  FLASH_BANK1_SEC8      00098000   00001000  00000000  00001000  RWIX
  FLASH_BANK1_SEC9      00099000   00001000  00000000  00001000  RWIX
  FLASH_BANK1_SEC10     0009a000   00001000  00000000  00001000  RWIX
  FLASH_BANK1_SEC11     0009b000   00001000  00000000  00001000  RWIX
  FLASH_BANK1_SEC12     0009c000   00001000  00000000  00001000  RWIX
  FLASH_BANK1_SEC13     0009d000   00001000  00000000  00001000  RWIX
  FLASH_BANK1_SEC14     0009e000   00001000  00000000  00001000  RWIX
  FLASH_BANK1_SEC15     0009f000   00000ff0  00000000  00000ff0  RWIX
  RESET                 003fffc0   00000002  00000000  00000002  RWIX

PAGE 1:
  BOOT_RSVD             00000002   000000f1  00000000  000000f1  RWIX
  RAMM1                 00000400   000003f8  000003f8  00000000  RWIX
  RAMLS5                0000a800   00000800  0000006b  00000795  RWIX
  RAMLS6                0000b000   00000800  00000000  00000800  RWIX
  RAMLS7                0000b800   00000800  00000000  00000800  RWIX
  RAMGS0                0000c000   00002000  00000000  00002000  RWIX
  RAMGS1                0000e000   00002000  00000000  00002000  RWIX
  RAMGS2                00010000   00002000  00000000  00002000  RWIX
  RAMGS3                00012000   00001ff8  00000000  00001ff8  RWIX


SECTION ALLOCATION MAP

 output                                  attributes/
section   page    origin      length       input sections
--------  ----  ----------  ----------   ----------------
codestart 
*          0    00080000    00000002     
                  00080000    00000002     f28004x_codestartbranch.obj (codestart)

.cinit     0    0008112c    00000022     
                  0008112c    0000000f     (.cinit..data.load) [load image, compression = lzss]
                  0008113b    00000001     --HOLE-- [fill = 0]
                  0008113c    00000006     (__TI_handler_table)
                  00081142    00000004     (.cinit..bss.load) [load image, compression = zero_init]
                  00081146    00000008     (__TI_cinit_table)

.reset     0    003fffc0    00000000     DSECT

.stack     1    00000400    000003f8     UNINITIALIZED
                  00000400    000003f8     --HOLE--

.init_array 
*          0    00081000    00000000     UNINITIALIZED

.bss       1    0000a800    00000042     UNINITIALIZED
                  0000a800    00000042     spll_sample_study.obj (.bss)

.data      1    0000a842    00000029     UNINITIALIZED
                  0000a842    0000001e     spll_sample_study.obj (.data)
                  0000a860    00000006     rts2800_fpu32_eabi.lib : exit.c.obj (.data)
                  0000a866    00000002                            : _lock.c.obj (.data:_lock)
                  0000a868    00000002                            : _lock.c.obj (.data:_unlock)
                  0000a86a    00000001                            : errno.c.obj (.data)

.const     0    00084000    00000574     
                  00084000    00000101     rts2800_fpu32_eabi.lib : ctype.c.obj (.const:.string:_ctypes_)
                  00084101    00000001     --HOLE-- [fill = 0]
                  00084102    000000fd     spll_sample_study.obj (.const:.string)
                  000841ff    00000001     --HOLE-- [fill = 0]
                  00084200    0000009b     driverlib_eabi.lib : flash.obj (.const:.string)
                  0008429b    00000001     --HOLE-- [fill = 0]
                  0008429c    0000009a                        : sysctl.obj (.const:.string)
                  00084336    00000098                        : gpio.obj (.const:.string)
                  000843ce    00000097                        : sci.obj (.const:.string)
                  00084465    00000001     --HOLE-- [fill = 0]
                  00084466    00000055     device.obj (.const:.string)
                  000844bb    00000001     --HOLE-- [fill = 0]
                  000844bc    0000004b     driverlib_eabi.lib : adc.obj (.const:.string)
                  00084507    00000001     --HOLE-- [fill = 0]
                  00084508    00000026     rts2800_fpu32_eabi.lib : _printfi.c.obj (.const:.string)
                  0008452e    0000001c                            : _printfi.c.obj (.const)
                  0008454a    0000001c                            : s_scalbn.c.obj (.const)
                  00084566    00000008                            : s_frexp.c.obj (.const)
                  0008456e    00000006     spll_sample_study.obj (.const)

.TI.ramfunc 
*          0    00081000    00000129     RUN ADDR = 00008000
                  00081000    00000044     driverlib_eabi.lib : flash.obj (.TI.ramfunc:Flash_initModule)
                  00081044    0000002c                        : flash.obj (.TI.ramfunc:Flash_setBankPowerMode)
                  00081070    00000024                        : flash.obj (.TI.ramfunc:Flash_setWaitstates)
                  00081094    0000001d                        : flash.obj (.TI.ramfunc:Flash_setPumpPowerMode)
                  000810b1    00000018                        : flash.obj (.TI.ramfunc:Flash_disableCache)
                  000810c9    00000018                        : flash.obj (.TI.ramfunc:Flash_disablePrefetch)
                  000810e1    00000017                        : flash.obj (.TI.ramfunc:Flash_enableCache)
                  000810f8    00000017                        : flash.obj (.TI.ramfunc:Flash_enablePrefetch)
                  0008110f    00000016                        : flash.obj (.TI.ramfunc:Flash_enableECC)
                  00081125    00000004                        : sysctl.obj (.TI.ramfunc)

.text.1    0    00082000    00001000     
                  00082000    000006c2     rts2800_fpu32_eabi.lib : _printfi.c.obj (.text)
                  000826c2    00000614                            : _printfi.c.obj (.text:__TI_printfi)
                  00082cd6    0000016a     spll_sample_study.obj (.text:SPLL_1PH_SOGI_run)
                  00082e40    0000010b     spll_sample_study.obj (.text:fastCurrentLoop_ISR)
                  00082f4b    000000ab     spll_sample_study.obj (.text:initEPWM_HFL)
                  00082ff6    0000000a     driverlib_eabi.lib : interrupt.obj (.text:Interrupt_illegalOperationHandler)

.text.2    0    00083000    00001000     
                  00083000    00000107     rts2800_fpu32_eabi.lib : ll_div28.asm.obj (.text)
                  00083107    000000e0     device.obj (.text:Device_enableAllPeripherals)
                  000831e7    000000c8     driverlib_eabi.lib : sysctl.obj (.text:SysCtl_setClock)
                  000832af    000000bd                        : sysctl.obj (.text:SysCtl_isPLLValid)
                  0008336c    000000bb     spll_sample_study.obj (.text:main)
                  00083427    000000b6     spll_sample_study.obj (.text:SPLL_1PH_SOGI_coeff_calc)
                  000834dd    000000a9     rts2800_fpu32_eabi.lib : s_scalbn.c.obj (.text)
                  00083586    0000009c                            : fd_add28.asm.obj (.text)
                  00083622    0000008b                            : fd_div28.asm.obj (.text)
                  000836ad    00000083                            : fd_mpy28.asm.obj (.text)
                  00083730    00000075     spll_sample_study.obj (.text:EPWM_setADCTriggerSource)
                  000837a5    00000073     driverlib_eabi.lib : sysctl.obj (.text:DCC_setCounterSeeds)
                  00083818    00000070     spll_sample_study.obj (.text:initADC)
                  00083888    00000066     spll_sample_study.obj (.text:initEPWM_LFL)
                  000838ee    00000062     device.obj (.text:Device_init)
                  00083950    0000005e     driverlib_eabi.lib : sysctl.obj (.text:SysCtl_getClock)
                  000839ae    0000005b     spll_sample_study.obj (.text:SPLL_1PH_SOGI_reset)
                  00083a09    0000005a     rts2800_fpu32_eabi.lib : s_frexp.c.obj (.text)
                  00083a63    00000052     driverlib_eabi.lib : gpio.obj (.text:GPIO_setPadConfig)
                  00083ab5    00000051     spll_sample_study.obj (.text:initSCIA)
                  00083b06    0000004d     driverlib_eabi.lib : sysctl.obj (.text:SysCtl_selectOscSource)
                  00083b53    0000004c                        : adc.obj (.text:ADC_setVREF)
                  00083b9f    0000004a     spll_sample_study.obj (.text:slowVoltageLoop_ISR)
                  00083be9    00000046     spll_sample_study.obj (.text:ADC_setupSOC)
                  00083c2f    00000040     spll_sample_study.obj (.text:EPWM_setActionQualifierAction)
                  00083c6f    00000040     driverlib_eabi.lib : sysctl.obj (.text:SysCtl_pollX1Counter)
                  00083caf    00000040                        : sysctl.obj (.text:SysCtl_selectXTAL)
                  00083cef    0000003e     spll_sample_study.obj (.text:EPWM_setCounterCompareShadowLoadMode)
                  00083d2d    0000003e     driverlib_eabi.lib : sci.obj (.text:SCI_setConfig)
                  00083d6b    0000003d                        : interrupt.obj (.text:Interrupt_initModule)
                  00083da8    0000003a     spll_sample_study.obj (.text:EPWM_setADCTriggerEventPrescale)
                  00083de2    0000003a     driverlib_eabi.lib : gpio.obj (.text:GPIO_setAnalogMode)
                  00083e1c    00000037     spll_sample_study.obj (.text:EPWM_setFallingEdgeDeadBandDelayInput)
                  00083e53    00000037     driverlib_eabi.lib : gpio.obj (.text:GPIO_setPinConfig)
                  00083e8a    00000037                        : gpio.obj (.text:GPIO_setQualificationMode)
                  00083ec1    00000037                        : interrupt.obj (.text:Interrupt_enable)
                  00083ef8    00000032     rts2800_fpu32_eabi.lib : sprintf.c.obj (.text)
                  00083f2a    00000031     driverlib_eabi.lib : gpio.obj (.text:GPIO_setDirectionMode)
                  00083f5b    00000031     rts2800_fpu32_eabi.lib : atoi.c.obj (.text)
                  00083f8c    00000030                            : _ltoa.c.obj (.text)
                  00083fbc    0000002f     spll_sample_study.obj (.text:ADC_setInterruptSource)
                  00083feb    00000015     driverlib_eabi.lib : sysctl.obj (.text:DCC_clearDoneFlag)

.text.3    0    00085000    0000096e     
                  00085000    0000002e     rts2800_fpu32_eabi.lib : copy_decompress_lzss.c.obj (.text:decompress:lzss)
                  0008502e    0000002c     spll_sample_study.obj (.text:EPWM_setActionQualifierContSWForceAction)
                  0008505a    0000002c     spll_sample_study.obj (.text:EPWM_setDeadBandDelayMode)
                  00085086    0000002b     spll_sample_study.obj (.text:EPWM_isBaseValid)
                  000850b1    0000002b     rts2800_fpu32_eabi.lib : autoinit.c.obj (.text:__TI_auto_init_nobinit_nopinit)
                  000850dc    0000002a     spll_sample_study.obj (.text:SPLL_1PH_SOGI_config)
                  00085106    0000002a     rts2800_fpu32_eabi.lib : fd_cmp28.asm.obj (.text)
                  00085130    0000002a                            : l_div28.asm.obj (.text)
                  0008515a    00000029                            : exit.c.obj (.text)
                  00085183    00000028     driverlib_eabi.lib : adc.obj (.text:ADC_setOffsetTrimAll)
                  000851ab    00000027     spll_sample_study.obj (.text:EPWM_setRisingEdgeDeadBandDelayInput)
                  000851d2    00000025     driverlib_eabi.lib : sysctl.obj (.text:SysCtl_selectXTALSingleEnded)
                  000851f7    00000024                        : sysctl.obj (.text:DCC_enableSingleShotMode)
                  0008521b    00000024     spll_sample_study.obj (.text:EPWM_setDeadBandDelayPolarity)
                  0008523f    00000024     rts2800_fpu32_eabi.lib : s_copysign.c.obj (.text)
                  00085263    00000022     spll_sample_study.obj (.text:EPWM_setCounterCompareValue)
                  00085285    00000022     spll_sample_study.obj (.text:EPWM_setTripZoneAction)
                  000852a7    00000021     rts2800_fpu32_eabi.lib : fd_toi28.asm.obj (.text)
                  000852c8    00000020     spll_sample_study.obj (.text:ADC_enableInterrupt)
                  000852e8    0000001f     spll_sample_study.obj (.text:EPWM_clearTripZoneFlag)
                  00085307    0000001f     spll_sample_study.obj (.text:EPWM_forceTripZoneEvent)
                  00085326    0000001f     rts2800_fpu32_eabi.lib : fd_tol28.asm.obj (.text)
                  00085345    0000001e     driverlib_eabi.lib : sysctl.obj (.text:DCC_setCounter1ClkSource)
                  00085363    0000001e     spll_sample_study.obj (.text:EPWM_setPhaseShift)
                  00085381    0000001e     driverlib_eabi.lib : interrupt.obj (.text:Interrupt_initVectorTable)
                  0008539f    0000001e     rts2800_fpu32_eabi.lib : ll_cmp28.asm.obj (.text)
                  000853bd    0000001d     spll_sample_study.obj (.text:EPWM_setFallingEdgeDelayCount)
                  000853da    0000001d     spll_sample_study.obj (.text:EPWM_setRisingEdgeDelayCount)
                  000853f7    0000001d     spll_sample_study.obj (.text:SCI_enableFIFO)
                  00085414    0000001d     rts2800_fpu32_eabi.lib : i_tofd28.asm.obj (.text)
                  00085431    0000001d                            : memcpy.c.obj (.text)
                  0008544e    0000001c     driverlib_eabi.lib : sysctl.obj (.text:DCC_setCounter0ClkSource)
                  0008546a    0000001c     spll_sample_study.obj (.text:EPWM_enableADCTrigger)
                  00085486    0000001c     spll_sample_study.obj (.text:EPWM_setClockPrescaler)
                  000854a2    0000001c     rts2800_fpu32_eabi.lib : l_tofd28.asm.obj (.text)
                  000854be    0000001a     spll_sample_study.obj (.text:ADC_readResult)
                  000854d8    0000001a     driverlib_eabi.lib : sysctl.obj (.text:SysCtl_getLowSpeedClock)
                  000854f2    00000019     spll_sample_study.obj (.text:SCI_writeCharBlockingFIFO)
                  0008550b    00000018     driverlib_eabi.lib : sci.obj (.text:SCI_disableModule)
                  00085523    00000018     spll_sample_study.obj (.text:SCI_resetChannels)
                  0008553b    00000018     spll_sample_study.obj (.text:SCI_resetRxFIFO)
                  00085553    00000018     spll_sample_study.obj (.text:SCI_resetTxFIFO)
                  0008556b    00000018     spll_sample_study.obj (.text:SysCtl_disablePeripheral)
                  00085583    00000018     rts2800_fpu32_eabi.lib : ll_aox28.asm.obj (.text)
                  0008559b    00000017     spll_sample_study.obj (.text:ADC_forceSOC)
                  000855b2    00000017     driverlib_eabi.lib : adc.obj (.text:ADC_isBaseValid)
                  000855c9    00000017     spll_sample_study.obj (.text:ADC_isBaseValid)
                  000855e0    00000017     device.obj (.text:SysCtl_enablePeripheral)
                  000855f7    00000017     driverlib_eabi.lib : sysctl.obj (.text:SysCtl_enablePeripheral)
                  0008560e    00000017     spll_sample_study.obj (.text:SysCtl_enablePeripheral)
                  00085625    00000017     rts2800_fpu32_eabi.lib : boot28.asm.obj (.text)
                  0008563c    00000016     spll_sample_study.obj (.text:ADC_setPrescaler)
                  00085652    00000016     driverlib_eabi.lib : sysctl.obj (.text:DCC_disableDoneSignal)
                  00085668    00000016                        : sysctl.obj (.text:DCC_enableDoneSignal)
                  0008567e    00000016                        : interrupt.obj (.text:Interrupt_defaultHandler)
                  00085694    00000015                        : sysctl.obj (.text:DCC_clearErrorFlag)
                  000856a9    00000015                        : sysctl.obj (.text:DCC_disableErrorSignal)
                  000856be    00000015                        : sysctl.obj (.text:DCC_enableErrorSignal)
                  000856d3    00000015     device.obj (.text:GPIO_unlockPortConfig)
                  000856e8    00000014     spll_sample_study.obj (.text:ADC_clearInterruptStatus)
                  000856fc    00000014     driverlib_eabi.lib : sysctl.obj (.text:DCC_disableModule)
                  00085710    00000014                        : sysctl.obj (.text:DCC_enableModule)
                  00085724    00000014     spll_sample_study.obj (.text:EPWM_setTimeBaseCounterMode)
                  00085738    00000014     spll_sample_study.obj (.text:EPWM_setTimeBasePeriod)
                  0008574c    00000014     driverlib_eabi.lib : gpio.obj (.text:GPIO_isPinValid)
                  00085760    00000014     spll_sample_study.obj (.text:SCI_getTxFIFOStatus)
                  00085774    00000013     spll_sample_study.obj (.text:ADC_enableConverter)
                  00085787    00000013     driverlib_eabi.lib : sci.obj (.text:SCI_enableModule)
                  0008579a    00000013     spll_sample_study.obj (.text:SCI_enableModule)
                  000857ad    00000013     spll_sample_study.obj (.text:SCI_enableRxModule)
                  000857c0    00000013     spll_sample_study.obj (.text:SCI_enableTxModule)
                  000857d3    00000013     driverlib_eabi.lib : sci.obj (.text:SCI_isBaseValid)
                  000857e6    00000013     spll_sample_study.obj (.text:SCI_isBaseValid)
                  000857f9    00000010     driverlib_eabi.lib : sysctl.obj (.text:DCC_isBaseValid)
                  00085809    00000010     device.obj (.text:Device_initGPIO)
                  00085819    00000010     driverlib_eabi.lib : flash.obj (.text:Flash_isCtrlBaseValid)
                  00085829    00000010                        : flash.obj (.text:Flash_isECCBaseValid)
                  00085839    00000010     rts2800_fpu32_eabi.lib : memccpy.c.obj (.text)
                  00085849    0000000f     device.obj (.text:ASysCtl_disableDCDC)
                  00085858    0000000f     spll_sample_study.obj (.text:Interrupt_register)
                  00085867    0000000f     spll_sample_study.obj (.text:sendSCIText)
                  00085876    0000000e     rts2800_fpu32_eabi.lib : fd_sub28.asm.obj (.text)
                  00085884    0000000d     driverlib_eabi.lib : interrupt.obj (.text:Interrupt_disableGlobal)
                  00085891    0000000d                        : interrupt.obj (.text:Interrupt_enableGlobal)
                  0008589e    0000000d     device.obj (.text:SysCtl_setLowSpeedClock)
                  000858ab    0000000d     rts2800_fpu32_eabi.lib : copy_zero_init.c.obj (.text:decompress:ZI:__TI_zero_init_nomemset)
                  000858b8    0000000c                            : args_main.c.obj (.text)
                  000858c4    0000000c                            : strchr.c.obj (.text)
                  000858d0    0000000b     device.obj (.text:SysCtl_disableWatchdog)
                  000858db    0000000b     driverlib_eabi.lib : sysctl.obj (.text:SysCtl_isMCDClockFailureDetected)
                  000858e6    0000000b     spll_sample_study.obj (.text:__relaxed_cosf)
                  000858f1    0000000b     spll_sample_study.obj (.text:__relaxed_sinf)
                  000858fc    0000000b     rts2800_fpu32_eabi.lib : wcslen.c.obj (.text)
                  00085907    0000000a     driverlib_eabi.lib : interrupt.obj (.text:Interrupt_nmiHandler)
                  00085911    00000009     spll_sample_study.obj (.text:__relaxed_sqrtf)
                  0008591a    00000009     rts2800_fpu32_eabi.lib : _lock.c.obj (.text)
                  00085923    00000009                            : fd_neg28.asm.obj (.text)
                  0008592c    00000008                            : copy_decompress_none.c.obj (.text:decompress:none)
                  00085934    00000008     f28004x_codestartbranch.obj (.text)
                  0008593c    00000008     rts2800_fpu32_eabi.lib : strlen.c.obj (.text)
                  00085944    00000007     driverlib_eabi.lib : sysctl.obj (.text:SysCtl_resetMCD)
                  0008594b    00000007     device.obj (.text:__error__)
                  00085952    00000007     rts2800_fpu32_eabi.lib : memset.c.obj (.text)
                  00085959    00000006     spll_sample_study.obj (.text:Interrupt_clearACKGroup)
                  0008595f    00000005     board.obj (.text:Board_init)
                  00085964    00000005     rts2800_fpu32_eabi.lib : strcpy.c.obj (.text)
                  00085969    00000002                            : pre_init.c.obj (.text)
                  0008596b    00000001     c2000ware_libraries.obj (.text:C2000Ware_libraries_init)
                  0008596c    00000001     board.obj (.text:PinMux_init)
                  0008596d    00000001     rts2800_fpu32_eabi.lib : startup.c.obj (.text)

MODULE SUMMARY

       Module                        code    ro data   rw data
       ------                        ----    -------   -------
    .\
       spll_sample_study.obj         3165    259       96     
    +--+-----------------------------+-------+---------+---------+
       Total:                        3165    259       96     
                                                              
    .\device\
       device.obj                    428     85        0      
       f28004x_codestartbranch.obj   10      0         0      
    +--+-----------------------------+-------+---------+---------+
       Total:                        438     85        0      
                                                              
    .\syscfg\
       board.obj                     6       0         0      
       c2000ware_libraries.obj       1       0         0      
    +--+-----------------------------+-------+---------+---------+
       Total:                        7       0         0      
                                                              
    C:\ti\C2000Ware_26_00_00_00\driverlib\f28004x\driverlib\ccs\Debug\driverlib_eabi.lib
       sysctl.obj                    1193    154       0      
       flash.obj                     618     155       0      
       gpio.obj                      319     152       0      
       sci.obj                       124     151       0      
       adc.obj                       139     75        0      
       interrupt.obj                 214     0         0      
    +--+-----------------------------+-------+---------+---------+
       Total:                        2607    687       0      
                                                              
    C:\ti\ccs2041\ccs\tools\compiler\ti-cgt-c2000_22.6.3.LTS\lib\rts2800_fpu32_eabi.lib
       _printfi.c.obj                3286    66        0      
       ll_div28.asm.obj              263     0         0      
       ctype.c.obj                   0       257       0      
       s_scalbn.c.obj                169     28        0      
       fd_add28.asm.obj              156     0         0      
       fd_div28.asm.obj              139     0         0      
       fd_mpy28.asm.obj              131     0         0      
       s_frexp.c.obj                 90      8         0      
       sprintf.c.obj                 50      0         0      
       atoi.c.obj                    49      0         0      
       _ltoa.c.obj                   48      0         0      
       exit.c.obj                    41      0         6      
       copy_decompress_lzss.c.obj    46      0         0      
       autoinit.c.obj                43      0         0      
       fd_cmp28.asm.obj              42      0         0      
       l_div28.asm.obj               42      0         0      
       s_copysign.c.obj              36      0         0      
       fd_toi28.asm.obj              33      0         0      
       fd_tol28.asm.obj              31      0         0      
       ll_cmp28.asm.obj              30      0         0      
       i_tofd28.asm.obj              29      0         0      
       memcpy.c.obj                  29      0         0      
       l_tofd28.asm.obj              28      0         0      
       ll_aox28.asm.obj              24      0         0      
       boot28.asm.obj                23      0         0      
       memccpy.c.obj                 16      0         0      
       fd_sub28.asm.obj              14      0         0      
       _lock.c.obj                   9       0         4      
       copy_zero_init.c.obj          13      0         0      
       args_main.c.obj               12      0         0      
       strchr.c.obj                  12      0         0      
       wcslen.c.obj                  11      0         0      
       fd_neg28.asm.obj              9       0         0      
       copy_decompress_none.c.obj    8       0         0      
       strlen.c.obj                  8       0         0      
       memset.c.obj                  7       0         0      
       strcpy.c.obj                  5       0         0      
       pre_init.c.obj                2       0         0      
       errno.c.obj                   0       0         1      
       startup.c.obj                 1       0         0      
    +--+-----------------------------+-------+---------+---------+
       Total:                        4985    359       11     
                                                              
       Stack:                        0       0         1016   
       Linker Generated:             0       33        0      
    +--+-----------------------------+-------+---------+---------+
       Grand Total:                  11202   1423      1123   


LINKER GENERATED COPY TABLES

__TI_cinit_table @ 00081146 records: 2, size/record: 4, table size: 8
	.data: load addr=0008112c, load size=0000000f bytes, run addr=0000a842, run size=00000029 bytes, compression=lzss
	.bss: load addr=00081142, load size=00000004 bytes, run addr=0000a800, run size=00000042 bytes, compression=zero_init


LINKER GENERATED HANDLER TABLE

__TI_handler_table @ 0008113c records: 3, size/record: 2, table size: 6
	index: 0, handler: __TI_zero_init
	index: 1, handler: __TI_decompress_lzss
	index: 2, handler: __TI_decompress_none


GLOBAL DATA SYMBOLS: SORTED BY DATA PAGE

address     data page           name
--------    ----------------    ----
00000400      10 (00000400)     __stack

0000a800     2a0 (0000a800)     spll1

0000a842     2a1 (0000a840)     currentDuty
0000a843     2a1 (0000a840)     pwm_flag
0000a844     2a1 (0000a840)     sample_counter
0000a845     2a1 (0000a840)     flatline_counter
0000a846     2a1 (0000a840)     data_ready_flag
0000a848     2a1 (0000a840)     sum_squares_ac
0000a84a     2a1 (0000a840)     final_rms
0000a84c     2a1 (0000a840)     final_dc_voltage
0000a84e     2a1 (0000a840)     instant_ac_i
0000a850     2a1 (0000a840)     temp_sum_squares
0000a852     2a1 (0000a840)     ac_vol_normalized
0000a854     2a1 (0000a840)     v_dc_meas
0000a856     2a1 (0000a840)     i_ac_meas
0000a858     2a1 (0000a840)     v_dc_ref
0000a85a     2a1 (0000a840)     i_ref_amplitude
0000a85c     2a1 (0000a840)     i_ref_inst
0000a85e     2a1 (0000a840)     currentDutyFloat
0000a860     2a1 (0000a840)     __TI_enable_exit_profile_output
0000a862     2a1 (0000a840)     __TI_cleanup_ptr
0000a864     2a1 (0000a840)     __TI_dtors_ptr
0000a866     2a1 (0000a840)     _lock
0000a868     2a1 (0000a840)     _unlock
0000a86a     2a1 (0000a840)     errno

00084000    2100 (00084000)     _ctypes_

0008456e    2115 (00084540)     ADC_SCALE_AC
00084570    2115 (00084540)     ADC_SCALE_DC
00084572    2115 (00084540)     ADC_SCALE_L_I


GLOBAL SYMBOLS: SORTED ALPHABETICALLY BY Name 

page  address   name                             
----  -------   ----                             
0     0008456e  ADC_SCALE_AC                     
0     00084570  ADC_SCALE_DC                     
0     00084572  ADC_SCALE_L_I                    
0     00085183  ADC_setOffsetTrimAll             
0     00083b53  ADC_setVREF                      
0     0008595f  Board_init                       
0     0008515a  C$$EXIT                          
0     0008596b  C2000Ware_libraries_init         
0     00083107  Device_enableAllPeripherals      
0     000838ee  Device_init                      
0     00085809  Device_initGPIO                  
0     00008000  Flash_initModule                 
0     00083de2  GPIO_setAnalogMode               
0     00083f2a  GPIO_setDirectionMode            
0     00083a63  GPIO_setPadConfig                
0     00083e53  GPIO_setPinConfig                
0     00083e8a  GPIO_setQualificationMode        
0     0008567e  Interrupt_defaultHandler         
0     00083ec1  Interrupt_enable                 
0     00082ff6  Interrupt_illegalOperationHandler
0     00083d6b  Interrupt_initModule             
0     00085381  Interrupt_initVectorTable        
0     00085907  Interrupt_nmiHandler             
0     0008596c  PinMux_init                      
0     00081129  RamfuncsLoadEnd                  
abs   00000129  RamfuncsLoadSize                 
0     00081000  RamfuncsLoadStart                
0     00008129  RamfuncsRunEnd                   
abs   00000129  RamfuncsRunSize                  
0     00008000  RamfuncsRunStart                 
0     00083d2d  SCI_setConfig                    
0     00008125  SysCtl_delay                     
0     00083950  SysCtl_getClock                  
0     000854d8  SysCtl_getLowSpeedClock          
0     000832af  SysCtl_isPLLValid                
0     00083b06  SysCtl_selectOscSource           
0     00083caf  SysCtl_selectXTAL                
0     000851d2  SysCtl_selectXTALSingleEnded     
0     000831e7  SysCtl_setClock                  
0     00081146  __TI_CINIT_Base                  
0     0008114e  __TI_CINIT_Limit                 
0     0008114e  __TI_CINIT_Warm                  
0     0008113c  __TI_Handler_Table_Base          
0     00081142  __TI_Handler_Table_Limit         
1     000007f8  __TI_STACK_END                   
abs   000003f8  __TI_STACK_SIZE                  
0     000850b1  __TI_auto_init_nobinit_nopinit   
1     0000a862  __TI_cleanup_ptr                 
0     00085000  __TI_decompress_lzss             
0     0008592c  __TI_decompress_none             
1     0000a864  __TI_dtors_ptr                   
1     0000a860  __TI_enable_exit_profile_output  
0     00083f8c  __TI_ltoa                        
abs   ffffffff  __TI_pprof_out_hndl              
0     00082b51  __TI_printfi                     
abs   ffffffff  __TI_prof_data_size              
abs   ffffffff  __TI_prof_data_start             
0     000858ab  __TI_zero_init_nomemset          
0     00083586  __c28xabi_addd                   
0     00085583  __c28xabi_andll                  
0     00085106  __c28xabi_cmpd                   
0     0008539f  __c28xabi_cmpll                  
0     000853b1  __c28xabi_cmpull                 
0     00083622  __c28xabi_divd                   
0     00085130  __c28xabi_divl                   
0     00083000  __c28xabi_divll                  
0     0008514d  __c28xabi_divul                  
0     00083076  __c28xabi_divull                 
0     000852a7  __c28xabi_dtoi                   
0     00085326  __c28xabi_dtol                   
0     00085414  __c28xabi_itod                   
0     000854a2  __c28xabi_ltod                   
0     0008513f  __c28xabi_modl                   
0     0008303c  __c28xabi_modll                  
0     00085154  __c28xabi_modul                  
0     000830a5  __c28xabi_modull                 
0     000836ad  __c28xabi_mpyd                   
0     00085923  __c28xabi_negd                   
0     0008558b  __c28xabi_orll                   
0     00085876  __c28xabi_subd                   
0     00085593  __c28xabi_xorll                  
n/a   UNDEFED   __c_args__                       
0     0008594b  __error__                        
0     000858e6  __relaxed_cosf                   
0     000858f1  __relaxed_sinf                   
0     00085911  __relaxed_sqrtf                  
1     00000400  __stack                          
0     000858b8  _args_main                       
0     00085625  _c_int00                         
0     00084000  _ctypes_                         
1     0000a866  _lock                            
0     00085922  _nop                             
0     0008591e  _register_lock                   
0     0008591a  _register_unlock                 
0     0008596d  _system_post_cinit               
0     00085969  _system_pre_init                 
1     0000a868  _unlock                          
0     0008515a  abort                            
1     0000a852  ac_vol_normalized                
0     00083f5b  atoi                             
0     00080000  code_start                       
0     0008523f  copysign                         
0     0008523f  copysignl                        
1     0000a842  currentDuty                      
1     0000a85e  currentDutyFloat                 
1     0000a846  data_ready_flag                  
1     0000a86a  errno                            
0     0008515c  exit                             
0     00082e40  fastCurrentLoop_ISR              
1     0000a84c  final_dc_voltage                 
1     0000a84a  final_rms                        
1     0000a845  flatline_counter                 
0     00083a09  frexp                            
0     00083a09  frexpl                           
1     0000a856  i_ac_meas                        
1     0000a85a  i_ref_amplitude                  
1     0000a85c  i_ref_inst                       
0     00083818  initADC                          
0     00082f4b  initEPWM_HFL                     
0     00083888  initEPWM_LFL                     
0     00083ab5  initSCIA                         
1     0000a84e  instant_ac_i                     
0     000834dd  ldexp                            
0     000834dd  ldexpl                           
0     0008336c  main                             
0     00085839  memccpy                          
0     00085431  memcpy                           
0     00085952  memset                           
1     0000a843  pwm_flag                         
1     0000a844  sample_counter                   
0     000834dd  scalbn                           
0     000834dd  scalbnl                          
0     00085867  sendSCIText                      
0     00083b9f  slowVoltageLoop_ISR              
1     0000a800  spll1                            
0     00083ef8  sprintf                          
0     000858c4  strchr                           
0     00085964  strcpy                           
0     0008593c  strlen                           
1     0000a848  sum_squares_ac                   
1     0000a850  temp_sum_squares                 
1     0000a854  v_dc_meas                        
1     0000a858  v_dc_ref                         
0     000858fc  wcslen                           


GLOBAL SYMBOLS: SORTED BY Symbol Address 

page  address   name                             
----  -------   ----                             
0     00008000  Flash_initModule                 
0     00008000  RamfuncsRunStart                 
0     00008125  SysCtl_delay                     
0     00008129  RamfuncsRunEnd                   
0     00080000  code_start                       
0     00081000  RamfuncsLoadStart                
0     00081129  RamfuncsLoadEnd                  
0     0008113c  __TI_Handler_Table_Base          
0     00081142  __TI_Handler_Table_Limit         
0     00081146  __TI_CINIT_Base                  
0     0008114e  __TI_CINIT_Limit                 
0     0008114e  __TI_CINIT_Warm                  
0     00082b51  __TI_printfi                     
0     00082e40  fastCurrentLoop_ISR              
0     00082f4b  initEPWM_HFL                     
0     00082ff6  Interrupt_illegalOperationHandler
0     00083000  __c28xabi_divll                  
0     0008303c  __c28xabi_modll                  
0     00083076  __c28xabi_divull                 
0     000830a5  __c28xabi_modull                 
0     00083107  Device_enableAllPeripherals      
0     000831e7  SysCtl_setClock                  
0     000832af  SysCtl_isPLLValid                
0     0008336c  main                             
0     000834dd  ldexp                            
0     000834dd  ldexpl                           
0     000834dd  scalbn                           
0     000834dd  scalbnl                          
0     00083586  __c28xabi_addd                   
0     00083622  __c28xabi_divd                   
0     000836ad  __c28xabi_mpyd                   
0     00083818  initADC                          
0     00083888  initEPWM_LFL                     
0     000838ee  Device_init                      
0     00083950  SysCtl_getClock                  
0     00083a09  frexp                            
0     00083a09  frexpl                           
0     00083a63  GPIO_setPadConfig                
0     00083ab5  initSCIA                         
0     00083b06  SysCtl_selectOscSource           
0     00083b53  ADC_setVREF                      
0     00083b9f  slowVoltageLoop_ISR              
0     00083caf  SysCtl_selectXTAL                
0     00083d2d  SCI_setConfig                    
0     00083d6b  Interrupt_initModule             
0     00083de2  GPIO_setAnalogMode               
0     00083e53  GPIO_setPinConfig                
0     00083e8a  GPIO_setQualificationMode        
0     00083ec1  Interrupt_enable                 
0     00083ef8  sprintf                          
0     00083f2a  GPIO_setDirectionMode            
0     00083f5b  atoi                             
0     00083f8c  __TI_ltoa                        
0     00084000  _ctypes_                         
0     0008456e  ADC_SCALE_AC                     
0     00084570  ADC_SCALE_DC                     
0     00084572  ADC_SCALE_L_I                    
0     00085000  __TI_decompress_lzss             
0     000850b1  __TI_auto_init_nobinit_nopinit   
0     00085106  __c28xabi_cmpd                   
0     00085130  __c28xabi_divl                   
0     0008513f  __c28xabi_modl                   
0     0008514d  __c28xabi_divul                  
0     00085154  __c28xabi_modul                  
0     0008515a  C$$EXIT                          
0     0008515a  abort                            
0     0008515c  exit                             
0     00085183  ADC_setOffsetTrimAll             
0     000851d2  SysCtl_selectXTALSingleEnded     
0     0008523f  copysign                         
0     0008523f  copysignl                        
0     000852a7  __c28xabi_dtoi                   
0     00085326  __c28xabi_dtol                   
0     00085381  Interrupt_initVectorTable        
0     0008539f  __c28xabi_cmpll                  
0     000853b1  __c28xabi_cmpull                 
0     00085414  __c28xabi_itod                   
0     00085431  memcpy                           
0     000854a2  __c28xabi_ltod                   
0     000854d8  SysCtl_getLowSpeedClock          
0     00085583  __c28xabi_andll                  
0     0008558b  __c28xabi_orll                   
0     00085593  __c28xabi_xorll                  
0     00085625  _c_int00                         
0     0008567e  Interrupt_defaultHandler         
0     00085809  Device_initGPIO                  
0     00085839  memccpy                          
0     00085867  sendSCIText                      
0     00085876  __c28xabi_subd                   
0     000858ab  __TI_zero_init_nomemset          
0     000858b8  _args_main                       
0     000858c4  strchr                           
0     000858e6  __relaxed_cosf                   
0     000858f1  __relaxed_sinf                   
0     000858fc  wcslen                           
0     00085907  Interrupt_nmiHandler             
0     00085911  __relaxed_sqrtf                  
0     0008591a  _register_unlock                 
0     0008591e  _register_lock                   
0     00085922  _nop                             
0     00085923  __c28xabi_negd                   
0     0008592c  __TI_decompress_none             
0     0008593c  strlen                           
0     0008594b  __error__                        
0     00085952  memset                           
0     0008595f  Board_init                       
0     00085964  strcpy                           
0     00085969  _system_pre_init                 
0     0008596b  C2000Ware_libraries_init         
0     0008596c  PinMux_init                      
0     0008596d  _system_post_cinit               
1     00000400  __stack                          
1     000007f8  __TI_STACK_END                   
1     0000a800  spll1                            
1     0000a842  currentDuty                      
1     0000a843  pwm_flag                         
1     0000a844  sample_counter                   
1     0000a845  flatline_counter                 
1     0000a846  data_ready_flag                  
1     0000a848  sum_squares_ac                   
1     0000a84a  final_rms                        
1     0000a84c  final_dc_voltage                 
1     0000a84e  instant_ac_i                     
1     0000a850  temp_sum_squares                 
1     0000a852  ac_vol_normalized                
1     0000a854  v_dc_meas                        
1     0000a856  i_ac_meas                        
1     0000a858  v_dc_ref                         
1     0000a85a  i_ref_amplitude                  
1     0000a85c  i_ref_inst                       
1     0000a85e  currentDutyFloat                 
1     0000a860  __TI_enable_exit_profile_output  
1     0000a862  __TI_cleanup_ptr                 
1     0000a864  __TI_dtors_ptr                   
1     0000a866  _lock                            
1     0000a868  _unlock                          
1     0000a86a  errno                            
abs   00000129  RamfuncsLoadSize                 
abs   00000129  RamfuncsRunSize                  
abs   000003f8  __TI_STACK_SIZE                  
abs   ffffffff  __TI_pprof_out_hndl              
abs   ffffffff  __TI_prof_data_size              
abs   ffffffff  __TI_prof_data_start             
n/a   UNDEFED   __c_args__                       

[144 symbols]
