<?xml version="1.0" encoding="ISO-8859-1" ?>
<link_info>
   <banner>TMS320C2000 Linker PC v22.6.3.LTS</banner>
   <copyright>Copyright (c) 1996-2018 Texas Instruments Incorporated</copyright>
   <link_time>0x6a0a922d</link_time>
   <link_errors>0x0</link_errors>
   <output_file>totempole_spll.out</output_file>
   <entry_point>
      <name>code_start</name>
      <address>0x80000</address>
   </entry_point>
   <input_file_list>
      <input_file id="fl-2">
         <path>.\syscfg\</path>
         <kind>object</kind>
         <file>board.obj</file>
         <name>board.obj</name>
      </input_file>
      <input_file id="fl-3">
         <path>.\syscfg\</path>
         <kind>object</kind>
         <file>c2000ware_libraries.obj</file>
         <name>c2000ware_libraries.obj</name>
      </input_file>
      <input_file id="fl-4">
         <path>.\</path>
         <kind>object</kind>
         <file>spll_sample_study.obj</file>
         <name>spll_sample_study.obj</name>
      </input_file>
      <input_file id="fl-5">
         <path>.\device\</path>
         <kind>object</kind>
         <file>device.obj</file>
         <name>device.obj</name>
      </input_file>
      <input_file id="fl-6">
         <path>.\device\</path>
         <kind>object</kind>
         <file>f28004x_codestartbranch.obj</file>
         <name>f28004x_codestartbranch.obj</name>
      </input_file>
      <input_file id="fl-c">
         <kind>object</kind>
         <file>&lt;internal&gt;</file>
         <name>&lt;internal&gt;</name>
      </input_file>
      <input_file id="fl-10">
         <path>C:\ti\C2000Ware_26_00_00_00\driverlib\f28004x\driverlib\ccs\Debug\</path>
         <kind>archive</kind>
         <file>driverlib_eabi.lib</file>
         <name>adc.obj</name>
      </input_file>
      <input_file id="fl-11">
         <path>C:\ti\C2000Ware_26_00_00_00\driverlib\f28004x\driverlib\ccs\Debug\</path>
         <kind>archive</kind>
         <file>driverlib_eabi.lib</file>
         <name>dcc.obj</name>
      </input_file>
      <input_file id="fl-12">
         <path>C:\ti\C2000Ware_26_00_00_00\driverlib\f28004x\driverlib\ccs\Debug\</path>
         <kind>archive</kind>
         <file>driverlib_eabi.lib</file>
         <name>flash.obj</name>
      </input_file>
      <input_file id="fl-13">
         <path>C:\ti\C2000Ware_26_00_00_00\driverlib\f28004x\driverlib\ccs\Debug\</path>
         <kind>archive</kind>
         <file>driverlib_eabi.lib</file>
         <name>gpio.obj</name>
      </input_file>
      <input_file id="fl-14">
         <path>C:\ti\C2000Ware_26_00_00_00\driverlib\f28004x\driverlib\ccs\Debug\</path>
         <kind>archive</kind>
         <file>driverlib_eabi.lib</file>
         <name>interrupt.obj</name>
      </input_file>
      <input_file id="fl-15">
         <path>C:\ti\C2000Ware_26_00_00_00\driverlib\f28004x\driverlib\ccs\Debug\</path>
         <kind>archive</kind>
         <file>driverlib_eabi.lib</file>
         <name>sci.obj</name>
      </input_file>
      <input_file id="fl-16">
         <path>C:\ti\C2000Ware_26_00_00_00\driverlib\f28004x\driverlib\ccs\Debug\</path>
         <kind>archive</kind>
         <file>driverlib_eabi.lib</file>
         <name>sysctl.obj</name>
      </input_file>
      <input_file id="fl-22">
         <path>C:\ti\ccs2041\ccs\tools\compiler\ti-cgt-c2000_22.6.3.LTS\lib\</path>
         <kind>archive</kind>
         <file>rts2800_fpu32_eabi.lib</file>
         <name>sprintf.c.obj</name>
      </input_file>
      <input_file id="fl-23">
         <path>C:\ti\ccs2041\ccs\tools\compiler\ti-cgt-c2000_22.6.3.LTS\lib\</path>
         <kind>archive</kind>
         <file>rts2800_fpu32_eabi.lib</file>
         <name>boot28.asm.obj</name>
      </input_file>
      <input_file id="fl-24">
         <path>C:\ti\ccs2041\ccs\tools\compiler\ti-cgt-c2000_22.6.3.LTS\lib\</path>
         <kind>archive</kind>
         <file>rts2800_fpu32_eabi.lib</file>
         <name>fs_div28.asm.obj</name>
      </input_file>
      <input_file id="fl-25">
         <path>C:\ti\ccs2041\ccs\tools\compiler\ti-cgt-c2000_22.6.3.LTS\lib\</path>
         <kind>archive</kind>
         <file>rts2800_fpu32_eabi.lib</file>
         <name>ll_cmp28.asm.obj</name>
      </input_file>
      <input_file id="fl-26">
         <path>C:\ti\ccs2041\ccs\tools\compiler\ti-cgt-c2000_22.6.3.LTS\lib\</path>
         <kind>archive</kind>
         <file>rts2800_fpu32_eabi.lib</file>
         <name>memcpy.c.obj</name>
      </input_file>
      <input_file id="fl-27">
         <path>C:\ti\ccs2041\ccs\tools\compiler\ti-cgt-c2000_22.6.3.LTS\lib\</path>
         <kind>archive</kind>
         <file>rts2800_fpu32_eabi.lib</file>
         <name>pre_init.c.obj</name>
      </input_file>
      <input_file id="fl-28">
         <path>C:\ti\ccs2041\ccs\tools\compiler\ti-cgt-c2000_22.6.3.LTS\lib\</path>
         <kind>archive</kind>
         <file>rts2800_fpu32_eabi.lib</file>
         <name>autoinit.c.obj</name>
      </input_file>
      <input_file id="fl-29">
         <path>C:\ti\ccs2041\ccs\tools\compiler\ti-cgt-c2000_22.6.3.LTS\lib\</path>
         <kind>archive</kind>
         <file>rts2800_fpu32_eabi.lib</file>
         <name>copy_zero_init.c.obj</name>
      </input_file>
      <input_file id="fl-2a">
         <path>C:\ti\ccs2041\ccs\tools\compiler\ti-cgt-c2000_22.6.3.LTS\lib\</path>
         <kind>archive</kind>
         <file>rts2800_fpu32_eabi.lib</file>
         <name>copy_decompress_none.c.obj</name>
      </input_file>
      <input_file id="fl-2b">
         <path>C:\ti\ccs2041\ccs\tools\compiler\ti-cgt-c2000_22.6.3.LTS\lib\</path>
         <kind>archive</kind>
         <file>rts2800_fpu32_eabi.lib</file>
         <name>copy_decompress_lzss.c.obj</name>
      </input_file>
      <input_file id="fl-2c">
         <path>C:\ti\ccs2041\ccs\tools\compiler\ti-cgt-c2000_22.6.3.LTS\lib\</path>
         <kind>archive</kind>
         <file>rts2800_fpu32_eabi.lib</file>
         <name>exit.c.obj</name>
      </input_file>
      <input_file id="fl-2d">
         <path>C:\ti\ccs2041\ccs\tools\compiler\ti-cgt-c2000_22.6.3.LTS\lib\</path>
         <kind>archive</kind>
         <file>rts2800_fpu32_eabi.lib</file>
         <name>_lock.c.obj</name>
      </input_file>
      <input_file id="fl-2e">
         <path>C:\ti\ccs2041\ccs\tools\compiler\ti-cgt-c2000_22.6.3.LTS\lib\</path>
         <kind>archive</kind>
         <file>rts2800_fpu32_eabi.lib</file>
         <name>args_main.c.obj</name>
      </input_file>
      <input_file id="fl-2f">
         <path>C:\ti\ccs2041\ccs\tools\compiler\ti-cgt-c2000_22.6.3.LTS\lib\</path>
         <kind>archive</kind>
         <file>rts2800_fpu32_eabi.lib</file>
         <name>memset.c.obj</name>
      </input_file>
      <input_file id="fl-30">
         <path>C:\ti\ccs2041\ccs\tools\compiler\ti-cgt-c2000_22.6.3.LTS\lib\</path>
         <kind>archive</kind>
         <file>rts2800_fpu32_eabi.lib</file>
         <name>_printfi.c.obj</name>
      </input_file>
      <input_file id="fl-31">
         <path>C:\ti\ccs2041\ccs\tools\compiler\ti-cgt-c2000_22.6.3.LTS\lib\</path>
         <kind>archive</kind>
         <file>rts2800_fpu32_eabi.lib</file>
         <name>wcslen.c.obj</name>
      </input_file>
      <input_file id="fl-32">
         <path>C:\ti\ccs2041\ccs\tools\compiler\ti-cgt-c2000_22.6.3.LTS\lib\</path>
         <kind>archive</kind>
         <file>rts2800_fpu32_eabi.lib</file>
         <name>fd_cmp28.asm.obj</name>
      </input_file>
      <input_file id="fl-33">
         <path>C:\ti\ccs2041\ccs\tools\compiler\ti-cgt-c2000_22.6.3.LTS\lib\</path>
         <kind>archive</kind>
         <file>rts2800_fpu32_eabi.lib</file>
         <name>fd_mpy28.asm.obj</name>
      </input_file>
      <input_file id="fl-34">
         <path>C:\ti\ccs2041\ccs\tools\compiler\ti-cgt-c2000_22.6.3.LTS\lib\</path>
         <kind>archive</kind>
         <file>rts2800_fpu32_eabi.lib</file>
         <name>fd_neg28.asm.obj</name>
      </input_file>
      <input_file id="fl-35">
         <path>C:\ti\ccs2041\ccs\tools\compiler\ti-cgt-c2000_22.6.3.LTS\lib\</path>
         <kind>archive</kind>
         <file>rts2800_fpu32_eabi.lib</file>
         <name>fd_sub28.asm.obj</name>
      </input_file>
      <input_file id="fl-36">
         <path>C:\ti\ccs2041\ccs\tools\compiler\ti-cgt-c2000_22.6.3.LTS\lib\</path>
         <kind>archive</kind>
         <file>rts2800_fpu32_eabi.lib</file>
         <name>fd_toi28.asm.obj</name>
      </input_file>
      <input_file id="fl-37">
         <path>C:\ti\ccs2041\ccs\tools\compiler\ti-cgt-c2000_22.6.3.LTS\lib\</path>
         <kind>archive</kind>
         <file>rts2800_fpu32_eabi.lib</file>
         <name>fd_tol28.asm.obj</name>
      </input_file>
      <input_file id="fl-38">
         <path>C:\ti\ccs2041\ccs\tools\compiler\ti-cgt-c2000_22.6.3.LTS\lib\</path>
         <kind>archive</kind>
         <file>rts2800_fpu32_eabi.lib</file>
         <name>ll_aox28.asm.obj</name>
      </input_file>
      <input_file id="fl-39">
         <path>C:\ti\ccs2041\ccs\tools\compiler\ti-cgt-c2000_22.6.3.LTS\lib\</path>
         <kind>archive</kind>
         <file>rts2800_fpu32_eabi.lib</file>
         <name>ll_div28.asm.obj</name>
      </input_file>
      <input_file id="fl-3a">
         <path>C:\ti\ccs2041\ccs\tools\compiler\ti-cgt-c2000_22.6.3.LTS\lib\</path>
         <kind>archive</kind>
         <file>rts2800_fpu32_eabi.lib</file>
         <name>i_tofd28.asm.obj</name>
      </input_file>
      <input_file id="fl-3b">
         <path>C:\ti\ccs2041\ccs\tools\compiler\ti-cgt-c2000_22.6.3.LTS\lib\</path>
         <kind>archive</kind>
         <file>rts2800_fpu32_eabi.lib</file>
         <name>l_tofd28.asm.obj</name>
      </input_file>
      <input_file id="fl-3c">
         <path>C:\ti\ccs2041\ccs\tools\compiler\ti-cgt-c2000_22.6.3.LTS\lib\</path>
         <kind>archive</kind>
         <file>rts2800_fpu32_eabi.lib</file>
         <name>fd_div28.asm.obj</name>
      </input_file>
      <input_file id="fl-3d">
         <path>C:\ti\ccs2041\ccs\tools\compiler\ti-cgt-c2000_22.6.3.LTS\lib\</path>
         <kind>archive</kind>
         <file>rts2800_fpu32_eabi.lib</file>
         <name>cpy_tbl.c.obj</name>
      </input_file>
      <input_file id="fl-3e">
         <path>C:\ti\ccs2041\ccs\tools\compiler\ti-cgt-c2000_22.6.3.LTS\lib\</path>
         <kind>archive</kind>
         <file>rts2800_fpu32_eabi.lib</file>
         <name>startup.c.obj</name>
      </input_file>
      <input_file id="fl-3f">
         <path>C:\ti\ccs2041\ccs\tools\compiler\ti-cgt-c2000_22.6.3.LTS\lib\</path>
         <kind>archive</kind>
         <file>rts2800_fpu32_eabi.lib</file>
         <name>_ltoa.c.obj</name>
      </input_file>
      <input_file id="fl-40">
         <path>C:\ti\ccs2041\ccs\tools\compiler\ti-cgt-c2000_22.6.3.LTS\lib\</path>
         <kind>archive</kind>
         <file>rts2800_fpu32_eabi.lib</file>
         <name>atoi.c.obj</name>
      </input_file>
      <input_file id="fl-41">
         <path>C:\ti\ccs2041\ccs\tools\compiler\ti-cgt-c2000_22.6.3.LTS\lib\</path>
         <kind>archive</kind>
         <file>rts2800_fpu32_eabi.lib</file>
         <name>ctype.c.obj</name>
      </input_file>
      <input_file id="fl-42">
         <path>C:\ti\ccs2041\ccs\tools\compiler\ti-cgt-c2000_22.6.3.LTS\lib\</path>
         <kind>archive</kind>
         <file>rts2800_fpu32_eabi.lib</file>
         <name>memccpy.c.obj</name>
      </input_file>
      <input_file id="fl-43">
         <path>C:\ti\ccs2041\ccs\tools\compiler\ti-cgt-c2000_22.6.3.LTS\lib\</path>
         <kind>archive</kind>
         <file>rts2800_fpu32_eabi.lib</file>
         <name>strchr.c.obj</name>
      </input_file>
      <input_file id="fl-44">
         <path>C:\ti\ccs2041\ccs\tools\compiler\ti-cgt-c2000_22.6.3.LTS\lib\</path>
         <kind>archive</kind>
         <file>rts2800_fpu32_eabi.lib</file>
         <name>strcpy.c.obj</name>
      </input_file>
      <input_file id="fl-45">
         <path>C:\ti\ccs2041\ccs\tools\compiler\ti-cgt-c2000_22.6.3.LTS\lib\</path>
         <kind>archive</kind>
         <file>rts2800_fpu32_eabi.lib</file>
         <name>strlen.c.obj</name>
      </input_file>
      <input_file id="fl-46">
         <path>C:\ti\ccs2041\ccs\tools\compiler\ti-cgt-c2000_22.6.3.LTS\lib\</path>
         <kind>archive</kind>
         <file>rts2800_fpu32_eabi.lib</file>
         <name>errno.c.obj</name>
      </input_file>
      <input_file id="fl-47">
         <path>C:\ti\ccs2041\ccs\tools\compiler\ti-cgt-c2000_22.6.3.LTS\lib\</path>
         <kind>archive</kind>
         <file>rts2800_fpu32_eabi.lib</file>
         <name>s_frexp.c.obj</name>
      </input_file>
      <input_file id="fl-48">
         <path>C:\ti\ccs2041\ccs\tools\compiler\ti-cgt-c2000_22.6.3.LTS\lib\</path>
         <kind>archive</kind>
         <file>rts2800_fpu32_eabi.lib</file>
         <name>s_scalbn.c.obj</name>
      </input_file>
      <input_file id="fl-49">
         <path>C:\ti\ccs2041\ccs\tools\compiler\ti-cgt-c2000_22.6.3.LTS\lib\</path>
         <kind>archive</kind>
         <file>rts2800_fpu32_eabi.lib</file>
         <name>s_copysign.c.obj</name>
      </input_file>
      <input_file id="fl-4a">
         <path>C:\ti\ccs2041\ccs\tools\compiler\ti-cgt-c2000_22.6.3.LTS\lib\</path>
         <kind>archive</kind>
         <file>rts2800_fpu32_eabi.lib</file>
         <name>fd_add28.asm.obj</name>
      </input_file>
      <input_file id="fl-4b">
         <path>C:\ti\ccs2041\ccs\tools\compiler\ti-cgt-c2000_22.6.3.LTS\lib\</path>
         <kind>archive</kind>
         <file>rts2800_fpu32_eabi.lib</file>
         <name>l_div28.asm.obj</name>
      </input_file>
   </input_file_list>
   <object_component_list>
      <object_component id="oc-20">
         <name>codestart</name>
         <load_address>0x80000</load_address>
         <run_address>0x80000</run_address>
         <size>0x2</size>
         <input_file_ref idref="fl-6"/>
      </object_component>
      <object_component id="oc-498">
         <name>.text</name>
         <load_address>0x82000</load_address>
         <run_address>0x82000</run_address>
         <size>0x6c2</size>
         <input_file_ref idref="fl-30"/>
      </object_component>
      <object_component id="oc-396">
         <name>.text:__TI_printfi</name>
         <load_address>0x826c2</load_address>
         <run_address>0x826c2</run_address>
         <size>0x614</size>
         <input_file_ref idref="fl-30"/>
      </object_component>
      <object_component id="oc-75">
         <name>.text:SPLL_1PH_SOGI_run</name>
         <load_address>0x82cd6</load_address>
         <run_address>0x82cd6</run_address>
         <size>0x16a</size>
         <input_file_ref idref="fl-4"/>
      </object_component>
      <object_component id="oc-484">
         <name>.text</name>
         <load_address>0x82e40</load_address>
         <run_address>0x82e40</run_address>
         <size>0x107</size>
         <input_file_ref idref="fl-39"/>
      </object_component>
      <object_component id="oc-ea">
         <name>.text:SPLL_1PH_SOGI_coeff_calc</name>
         <load_address>0x82f47</load_address>
         <run_address>0x82f47</run_address>
         <size>0xb6</size>
         <input_file_ref idref="fl-4"/>
      </object_component>
      <object_component id="oc-2ad">
         <name>.text</name>
         <load_address>0x82ffd</load_address>
         <run_address>0x82ffd</run_address>
         <size>0x2</size>
         <input_file_ref idref="fl-27"/>
      </object_component>
      <object_component id="oc-f0">
         <name>.text:C2000Ware_libraries_init</name>
         <load_address>0x82fff</load_address>
         <run_address>0x82fff</run_address>
         <size>0x1</size>
         <input_file_ref idref="fl-3"/>
      </object_component>
      <object_component id="oc-2b">
         <name>.text:adcA1_ISR</name>
         <load_address>0x83000</load_address>
         <run_address>0x83000</run_address>
         <size>0xe4</size>
         <input_file_ref idref="fl-4"/>
      </object_component>
      <object_component id="oc-18a">
         <name>.text:Device_enableAllPeripherals</name>
         <load_address>0x830e4</load_address>
         <run_address>0x830e4</run_address>
         <size>0xe0</size>
         <input_file_ref idref="fl-5"/>
      </object_component>
      <object_component id="oc-171">
         <name>.text:SysCtl_setClock</name>
         <load_address>0x831c4</load_address>
         <run_address>0x831c4</run_address>
         <size>0xc8</size>
         <input_file_ref idref="fl-16"/>
      </object_component>
      <object_component id="oc-2c">
         <name>.text:main</name>
         <load_address>0x8328c</load_address>
         <run_address>0x8328c</run_address>
         <size>0xc4</size>
         <input_file_ref idref="fl-4"/>
      </object_component>
      <object_component id="oc-311">
         <name>.text:SysCtl_isPLLValid</name>
         <load_address>0x83350</load_address>
         <run_address>0x83350</run_address>
         <size>0xbd</size>
         <input_file_ref idref="fl-16"/>
      </object_component>
      <object_component id="oc-535">
         <name>.text</name>
         <load_address>0x8340d</load_address>
         <run_address>0x8340d</run_address>
         <size>0xa9</size>
         <input_file_ref idref="fl-48"/>
      </object_component>
      <object_component id="oc-57a">
         <name>.text</name>
         <load_address>0x834b6</load_address>
         <run_address>0x834b6</run_address>
         <size>0x9c</size>
         <input_file_ref idref="fl-4a"/>
      </object_component>
      <object_component id="oc-c6">
         <name>.text:initEPWM_HFL</name>
         <load_address>0x83552</load_address>
         <run_address>0x83552</run_address>
         <size>0x98</size>
         <input_file_ref idref="fl-4"/>
      </object_component>
      <object_component id="oc-50b">
         <name>.text</name>
         <load_address>0x835ea</load_address>
         <run_address>0x835ea</run_address>
         <size>0x8b</size>
         <input_file_ref idref="fl-3c"/>
      </object_component>
      <object_component id="oc-510">
         <name>.text</name>
         <load_address>0x83675</load_address>
         <run_address>0x83675</run_address>
         <size>0x83</size>
         <input_file_ref idref="fl-33"/>
      </object_component>
      <object_component id="oc-20f">
         <name>.text:EPWM_setADCTriggerSource</name>
         <load_address>0x836f8</load_address>
         <run_address>0x836f8</run_address>
         <size>0x75</size>
         <input_file_ref idref="fl-4"/>
      </object_component>
      <object_component id="oc-430">
         <name>.text:DCC_setCounterSeeds</name>
         <load_address>0x8376d</load_address>
         <run_address>0x8376d</run_address>
         <size>0x73</size>
         <input_file_ref idref="fl-16"/>
      </object_component>
      <object_component id="oc-cc">
         <name>.text:initEPWM_LFL</name>
         <load_address>0x837e0</load_address>
         <run_address>0x837e0</run_address>
         <size>0x66</size>
         <input_file_ref idref="fl-4"/>
      </object_component>
      <object_component id="oc-a8">
         <name>.text:Device_init</name>
         <load_address>0x83846</load_address>
         <run_address>0x83846</run_address>
         <size>0x62</size>
         <input_file_ref idref="fl-5"/>
      </object_component>
      <object_component id="oc-17d">
         <name>.text:SysCtl_getClock</name>
         <load_address>0x838a8</load_address>
         <run_address>0x838a8</run_address>
         <size>0x5e</size>
         <input_file_ref idref="fl-16"/>
      </object_component>
      <object_component id="oc-de">
         <name>.text:SPLL_1PH_SOGI_reset</name>
         <load_address>0x83906</load_address>
         <run_address>0x83906</run_address>
         <size>0x5b</size>
         <input_file_ref idref="fl-4"/>
      </object_component>
      <object_component id="oc-52f">
         <name>.text</name>
         <load_address>0x83961</load_address>
         <run_address>0x83961</run_address>
         <size>0x5a</size>
         <input_file_ref idref="fl-47"/>
      </object_component>
      <object_component id="oc-196">
         <name>.text:GPIO_setPadConfig</name>
         <load_address>0x839bb</load_address>
         <run_address>0x839bb</run_address>
         <size>0x52</size>
         <input_file_ref idref="fl-13"/>
      </object_component>
      <object_component id="oc-d8">
         <name>.text:initSCIA</name>
         <load_address>0x83a0d</load_address>
         <run_address>0x83a0d</run_address>
         <size>0x51</size>
         <input_file_ref idref="fl-4"/>
      </object_component>
      <object_component id="oc-30b">
         <name>.text:SysCtl_selectOscSource</name>
         <load_address>0x83a5e</load_address>
         <run_address>0x83a5e</run_address>
         <size>0x4d</size>
         <input_file_ref idref="fl-16"/>
      </object_component>
      <object_component id="oc-229">
         <name>.text:ADC_setVREF</name>
         <load_address>0x83aab</load_address>
         <run_address>0x83aab</run_address>
         <size>0x4c</size>
         <input_file_ref idref="fl-10"/>
      </object_component>
      <object_component id="oc-d2">
         <name>.text:initADC</name>
         <load_address>0x83af7</load_address>
         <run_address>0x83af7</run_address>
         <size>0x4c</size>
         <input_file_ref idref="fl-4"/>
      </object_component>
      <object_component id="oc-23c">
         <name>.text:ADC_setupSOC</name>
         <load_address>0x83b43</load_address>
         <run_address>0x83b43</run_address>
         <size>0x46</size>
         <input_file_ref idref="fl-4"/>
      </object_component>
      <object_component id="oc-1e5">
         <name>.text:EPWM_setActionQualifierAction</name>
         <load_address>0x83b89</load_address>
         <run_address>0x83b89</run_address>
         <size>0x40</size>
         <input_file_ref idref="fl-4"/>
      </object_component>
      <object_component id="oc-4c9">
         <name>.text:SysCtl_pollX1Counter</name>
         <load_address>0x83bc9</load_address>
         <run_address>0x83bc9</run_address>
         <size>0x40</size>
         <input_file_ref idref="fl-16"/>
      </object_component>
      <object_component id="oc-3f3">
         <name>.text:SysCtl_selectXTAL</name>
         <load_address>0x83c09</load_address>
         <run_address>0x83c09</run_address>
         <size>0x40</size>
         <input_file_ref idref="fl-16"/>
      </object_component>
      <object_component id="oc-1df">
         <name>.text:EPWM_setCounterCompareShadowLoadMode</name>
         <load_address>0x83c49</load_address>
         <run_address>0x83c49</run_address>
         <size>0x3e</size>
         <input_file_ref idref="fl-4"/>
      </object_component>
      <object_component id="oc-25b">
         <name>.text:SCI_setConfig</name>
         <load_address>0x83c87</load_address>
         <run_address>0x83c87</run_address>
         <size>0x3e</size>
         <input_file_ref idref="fl-15"/>
      </object_component>
      <object_component id="oc-b4">
         <name>.text:Interrupt_initModule</name>
         <load_address>0x83cc5</load_address>
         <run_address>0x83cc5</run_address>
         <size>0x3d</size>
         <input_file_ref idref="fl-14"/>
      </object_component>
      <object_component id="oc-215">
         <name>.text:EPWM_setADCTriggerEventPrescale</name>
         <load_address>0x83d02</load_address>
         <run_address>0x83d02</run_address>
         <size>0x3a</size>
         <input_file_ref idref="fl-4"/>
      </object_component>
      <object_component id="oc-1a2">
         <name>.text:GPIO_setAnalogMode</name>
         <load_address>0x83d3c</load_address>
         <run_address>0x83d3c</run_address>
         <size>0x3a</size>
         <input_file_ref idref="fl-13"/>
      </object_component>
      <object_component id="oc-1f7">
         <name>.text:EPWM_setFallingEdgeDeadBandDelayInput</name>
         <load_address>0x83d76</load_address>
         <run_address>0x83d76</run_address>
         <size>0x37</size>
         <input_file_ref idref="fl-4"/>
      </object_component>
      <object_component id="oc-1c1">
         <name>.text:GPIO_setPinConfig</name>
         <load_address>0x83dad</load_address>
         <run_address>0x83dad</run_address>
         <size>0x37</size>
         <input_file_ref idref="fl-13"/>
      </object_component>
      <object_component id="oc-255">
         <name>.text:GPIO_setQualificationMode</name>
         <load_address>0x83de4</load_address>
         <run_address>0x83de4</run_address>
         <size>0x37</size>
         <input_file_ref idref="fl-13"/>
      </object_component>
      <object_component id="oc-24e">
         <name>.text:Interrupt_enable</name>
         <load_address>0x83e1b</load_address>
         <run_address>0x83e1b</run_address>
         <size>0x37</size>
         <input_file_ref idref="fl-14"/>
      </object_component>
      <object_component id="oc-10a">
         <name>.text</name>
         <load_address>0x83e52</load_address>
         <run_address>0x83e52</run_address>
         <size>0x32</size>
         <input_file_ref idref="fl-22"/>
      </object_component>
      <object_component id="oc-19c">
         <name>.text:GPIO_setDirectionMode</name>
         <load_address>0x83e84</load_address>
         <run_address>0x83e84</run_address>
         <size>0x31</size>
         <input_file_ref idref="fl-13"/>
      </object_component>
      <object_component id="oc-479">
         <name>.text</name>
         <load_address>0x83eb5</load_address>
         <run_address>0x83eb5</run_address>
         <size>0x31</size>
         <input_file_ref idref="fl-40"/>
      </object_component>
      <object_component id="oc-51a">
         <name>.text</name>
         <load_address>0x83ee6</load_address>
         <run_address>0x83ee6</run_address>
         <size>0x30</size>
         <input_file_ref idref="fl-3f"/>
      </object_component>
      <object_component id="oc-242">
         <name>.text:ADC_setInterruptSource</name>
         <load_address>0x83f16</load_address>
         <run_address>0x83f16</run_address>
         <size>0x2f</size>
         <input_file_ref idref="fl-4"/>
      </object_component>
      <object_component id="oc-13">
         <name>.text:decompress:lzss</name>
         <load_address>0x83f45</load_address>
         <run_address>0x83f45</run_address>
         <size>0x2e</size>
         <input_file_ref idref="fl-2b"/>
      </object_component>
      <object_component id="oc-87">
         <name>.text:EPWM_setActionQualifierContSWForceAction</name>
         <load_address>0x83f73</load_address>
         <run_address>0x83f73</run_address>
         <size>0x2c</size>
         <input_file_ref idref="fl-4"/>
      </object_component>
      <object_component id="oc-1eb">
         <name>.text:EPWM_setDeadBandDelayMode</name>
         <load_address>0x83f9f</load_address>
         <run_address>0x83f9f</run_address>
         <size>0x2c</size>
         <input_file_ref idref="fl-4"/>
      </object_component>
      <object_component id="oc-150">
         <name>.text:EPWM_isBaseValid</name>
         <load_address>0x83fcb</load_address>
         <run_address>0x83fcb</run_address>
         <size>0x2b</size>
         <input_file_ref idref="fl-4"/>
      </object_component>
      <object_component id="oc-43">
         <name>.text:Interrupt_illegalOperationHandler</name>
         <load_address>0x83ff6</load_address>
         <run_address>0x83ff6</run_address>
         <size>0xa</size>
         <input_file_ref idref="fl-14"/>
      </object_component>
      <object_component id="oc-3ab">
         <name>.text:__TI_auto_init_nobinit_nopinit</name>
         <load_address>0x85000</load_address>
         <run_address>0x85000</run_address>
         <size>0x2b</size>
         <input_file_ref idref="fl-28"/>
      </object_component>
      <object_component id="oc-e4">
         <name>.text:SPLL_1PH_SOGI_config</name>
         <load_address>0x8502b</load_address>
         <run_address>0x8502b</run_address>
         <size>0x2a</size>
         <input_file_ref idref="fl-4"/>
      </object_component>
      <object_component id="oc-501">
         <name>.text</name>
         <load_address>0x85055</load_address>
         <run_address>0x85055</run_address>
         <size>0x2a</size>
         <input_file_ref idref="fl-32"/>
      </object_component>
      <object_component id="oc-572">
         <name>.text</name>
         <load_address>0x8507f</load_address>
         <run_address>0x8507f</run_address>
         <size>0x2a</size>
         <input_file_ref idref="fl-4b"/>
      </object_component>
      <object_component id="oc-2ba">
         <name>.text</name>
         <load_address>0x850a9</load_address>
         <run_address>0x850a9</run_address>
         <size>0x29</size>
         <input_file_ref idref="fl-2c"/>
      </object_component>
      <object_component id="oc-350">
         <name>.text:ADC_setOffsetTrimAll</name>
         <load_address>0x850d2</load_address>
         <run_address>0x850d2</run_address>
         <size>0x28</size>
         <input_file_ref idref="fl-10"/>
      </object_component>
      <object_component id="oc-1f1">
         <name>.text:EPWM_setRisingEdgeDeadBandDelayInput</name>
         <load_address>0x850fa</load_address>
         <run_address>0x850fa</run_address>
         <size>0x27</size>
         <input_file_ref idref="fl-4"/>
      </object_component>
      <object_component id="oc-3f9">
         <name>.text:SysCtl_selectXTALSingleEnded</name>
         <load_address>0x85121</load_address>
         <run_address>0x85121</run_address>
         <size>0x25</size>
         <input_file_ref idref="fl-16"/>
      </object_component>
      <object_component id="oc-436">
         <name>.text:DCC_enableSingleShotMode</name>
         <load_address>0x85146</load_address>
         <run_address>0x85146</run_address>
         <size>0x24</size>
         <input_file_ref idref="fl-16"/>
      </object_component>
      <object_component id="oc-1fd">
         <name>.text:EPWM_setDeadBandDelayPolarity</name>
         <load_address>0x8516a</load_address>
         <run_address>0x8516a</run_address>
         <size>0x24</size>
         <input_file_ref idref="fl-4"/>
      </object_component>
      <object_component id="oc-589">
         <name>.text</name>
         <load_address>0x8518e</load_address>
         <run_address>0x8518e</run_address>
         <size>0x24</size>
         <input_file_ref idref="fl-49"/>
      </object_component>
      <object_component id="oc-81">
         <name>.text:EPWM_setCounterCompareValue</name>
         <load_address>0x851b2</load_address>
         <run_address>0x851b2</run_address>
         <size>0x22</size>
         <input_file_ref idref="fl-4"/>
      </object_component>
      <object_component id="oc-221">
         <name>.text:EPWM_setTripZoneAction</name>
         <load_address>0x851d4</load_address>
         <run_address>0x851d4</run_address>
         <size>0x22</size>
         <input_file_ref idref="fl-4"/>
      </object_component>
      <object_component id="oc-52a">
         <name>.text</name>
         <load_address>0x851f6</load_address>
         <run_address>0x851f6</run_address>
         <size>0x21</size>
         <input_file_ref idref="fl-36"/>
      </object_component>
      <object_component id="oc-248">
         <name>.text:ADC_enableInterrupt</name>
         <load_address>0x85217</load_address>
         <run_address>0x85217</run_address>
         <size>0x20</size>
         <input_file_ref idref="fl-4"/>
      </object_component>
      <object_component id="oc-7b">
         <name>.text:EPWM_clearTripZoneFlag</name>
         <load_address>0x85237</load_address>
         <run_address>0x85237</run_address>
         <size>0x1f</size>
         <input_file_ref idref="fl-4"/>
      </object_component>
      <object_component id="oc-8d">
         <name>.text:EPWM_forceTripZoneEvent</name>
         <load_address>0x85256</load_address>
         <run_address>0x85256</run_address>
         <size>0x1f</size>
         <input_file_ref idref="fl-4"/>
      </object_component>
      <object_component id="oc-515">
         <name>.text</name>
         <load_address>0x85275</load_address>
         <run_address>0x85275</run_address>
         <size>0x1f</size>
         <input_file_ref idref="fl-37"/>
      </object_component>
      <object_component id="oc-42a">
         <name>.text:DCC_setCounter1ClkSource</name>
         <load_address>0x85294</load_address>
         <run_address>0x85294</run_address>
         <size>0x1e</size>
         <input_file_ref idref="fl-16"/>
      </object_component>
      <object_component id="oc-1d9">
         <name>.text:EPWM_setPhaseShift</name>
         <load_address>0x852b2</load_address>
         <run_address>0x852b2</run_address>
         <size>0x1e</size>
         <input_file_ref idref="fl-4"/>
      </object_component>
      <object_component id="oc-39">
         <name>.text:Interrupt_initVectorTable</name>
         <load_address>0x852d0</load_address>
         <run_address>0x852d0</run_address>
         <size>0x1e</size>
         <input_file_ref idref="fl-14"/>
      </object_component>
      <object_component id="oc-47f">
         <name>.text</name>
         <load_address>0x852ee</load_address>
         <run_address>0x852ee</run_address>
         <size>0x1e</size>
         <input_file_ref idref="fl-25"/>
      </object_component>
      <object_component id="oc-209">
         <name>.text:EPWM_setFallingEdgeDelayCount</name>
         <load_address>0x8530c</load_address>
         <run_address>0x8530c</run_address>
         <size>0x1d</size>
         <input_file_ref idref="fl-4"/>
      </object_component>
      <object_component id="oc-203">
         <name>.text:EPWM_setRisingEdgeDelayCount</name>
         <load_address>0x85329</load_address>
         <run_address>0x85329</run_address>
         <size>0x1d</size>
         <input_file_ref idref="fl-4"/>
      </object_component>
      <object_component id="oc-261">
         <name>.text:SCI_enableFIFO</name>
         <load_address>0x85346</load_address>
         <run_address>0x85346</run_address>
         <size>0x1d</size>
         <input_file_ref idref="fl-4"/>
      </object_component>
      <object_component id="oc-53b">
         <name>.text</name>
         <load_address>0x85363</load_address>
         <run_address>0x85363</run_address>
         <size>0x1d</size>
         <input_file_ref idref="fl-3a"/>
      </object_component>
      <object_component id="oc-52">
         <name>.text</name>
         <load_address>0x85380</load_address>
         <run_address>0x85380</run_address>
         <size>0x1d</size>
         <input_file_ref idref="fl-26"/>
      </object_component>
      <object_component id="oc-424">
         <name>.text:DCC_setCounter0ClkSource</name>
         <load_address>0x8539d</load_address>
         <run_address>0x8539d</run_address>
         <size>0x1c</size>
         <input_file_ref idref="fl-16"/>
      </object_component>
      <object_component id="oc-21b">
         <name>.text:EPWM_enableADCTrigger</name>
         <load_address>0x853b9</load_address>
         <run_address>0x853b9</run_address>
         <size>0x1c</size>
         <input_file_ref idref="fl-4"/>
      </object_component>
      <object_component id="oc-1c7">
         <name>.text:EPWM_setClockPrescaler</name>
         <load_address>0x853d5</load_address>
         <run_address>0x853d5</run_address>
         <size>0x1c</size>
         <input_file_ref idref="fl-4"/>
      </object_component>
      <object_component id="oc-520">
         <name>.text</name>
         <load_address>0x853f1</load_address>
         <run_address>0x853f1</run_address>
         <size>0x1c</size>
         <input_file_ref idref="fl-3b"/>
      </object_component>
      <object_component id="oc-6c">
         <name>.text:ADC_readResult</name>
         <load_address>0x8540d</load_address>
         <run_address>0x8540d</run_address>
         <size>0x1a</size>
         <input_file_ref idref="fl-4"/>
      </object_component>
      <object_component id="oc-184">
         <name>.text:SysCtl_getLowSpeedClock</name>
         <load_address>0x85427</load_address>
         <run_address>0x85427</run_address>
         <size>0x1a</size>
         <input_file_ref idref="fl-16"/>
      </object_component>
      <object_component id="oc-296">
         <name>.text:SCI_writeCharBlockingFIFO</name>
         <load_address>0x85441</load_address>
         <run_address>0x85441</run_address>
         <size>0x19</size>
         <input_file_ref idref="fl-4"/>
      </object_component>
      <object_component id="oc-36c">
         <name>.text:SCI_disableModule</name>
         <load_address>0x8545a</load_address>
         <run_address>0x8545a</run_address>
         <size>0x18</size>
         <input_file_ref idref="fl-15"/>
      </object_component>
      <object_component id="oc-267">
         <name>.text:SCI_resetChannels</name>
         <load_address>0x85472</load_address>
         <run_address>0x85472</run_address>
         <size>0x18</size>
         <input_file_ref idref="fl-4"/>
      </object_component>
      <object_component id="oc-26d">
         <name>.text:SCI_resetRxFIFO</name>
         <load_address>0x8548a</load_address>
         <run_address>0x8548a</run_address>
         <size>0x18</size>
         <input_file_ref idref="fl-4"/>
      </object_component>
      <object_component id="oc-273">
         <name>.text:SCI_resetTxFIFO</name>
         <load_address>0x854a2</load_address>
         <run_address>0x854a2</run_address>
         <size>0x18</size>
         <input_file_ref idref="fl-4"/>
      </object_component>
      <object_component id="oc-f6">
         <name>.text:SysCtl_disablePeripheral</name>
         <load_address>0x854ba</load_address>
         <run_address>0x854ba</run_address>
         <size>0x18</size>
         <input_file_ref idref="fl-4"/>
      </object_component>
      <object_component id="oc-489">
         <name>.text</name>
         <load_address>0x854d2</load_address>
         <run_address>0x854d2</run_address>
         <size>0x18</size>
         <input_file_ref idref="fl-38"/>
      </object_component>
      <object_component id="oc-93">
         <name>.text:ADC_forceSOC</name>
         <load_address>0x854ea</load_address>
         <run_address>0x854ea</run_address>
         <size>0x17</size>
         <input_file_ref idref="fl-4"/>
      </object_component>
      <object_component id="oc-349">
         <name>.text:ADC_isBaseValid</name>
         <load_address>0x85501</load_address>
         <run_address>0x85501</run_address>
         <size>0x17</size>
         <input_file_ref idref="fl-10"/>
      </object_component>
      <object_component id="oc-15a">
         <name>.text:ADC_isBaseValid</name>
         <load_address>0x85518</load_address>
         <run_address>0x85518</run_address>
         <size>0x17</size>
         <input_file_ref idref="fl-4"/>
      </object_component>
      <object_component id="oc-31c">
         <name>.text:SysCtl_enablePeripheral</name>
         <load_address>0x8552f</load_address>
         <run_address>0x8552f</run_address>
         <size>0x17</size>
         <input_file_ref idref="fl-5"/>
      </object_component>
      <object_component id="oc-400">
         <name>.text:SysCtl_enablePeripheral</name>
         <load_address>0x85546</load_address>
         <run_address>0x85546</run_address>
         <size>0x17</size>
         <input_file_ref idref="fl-16"/>
      </object_component>
      <object_component id="oc-fc">
         <name>.text:SysCtl_enablePeripheral</name>
         <load_address>0x8555d</load_address>
         <run_address>0x8555d</run_address>
         <size>0x17</size>
         <input_file_ref idref="fl-4"/>
      </object_component>
      <object_component id="oc-132">
         <name>.text</name>
         <load_address>0x85574</load_address>
         <run_address>0x85574</run_address>
         <size>0x17</size>
         <input_file_ref idref="fl-23"/>
      </object_component>
      <object_component id="oc-22f">
         <name>.text:ADC_setPrescaler</name>
         <load_address>0x8558b</load_address>
         <run_address>0x8558b</run_address>
         <size>0x16</size>
         <input_file_ref idref="fl-4"/>
      </object_component>
      <object_component id="oc-41e">
         <name>.text:DCC_disableDoneSignal</name>
         <load_address>0x855a1</load_address>
         <run_address>0x855a1</run_address>
         <size>0x16</size>
         <input_file_ref idref="fl-16"/>
      </object_component>
      <object_component id="oc-442">
         <name>.text:DCC_enableDoneSignal</name>
         <load_address>0x855b7</load_address>
         <run_address>0x855b7</run_address>
         <size>0x16</size>
         <input_file_ref idref="fl-16"/>
      </object_component>
      <object_component id="oc-37">
         <name>.text:Interrupt_defaultHandler</name>
         <load_address>0x855cd</load_address>
         <run_address>0x855cd</run_address>
         <size>0x16</size>
         <input_file_ref idref="fl-14"/>
      </object_component>
      <object_component id="oc-40c">
         <name>.text:DCC_clearDoneFlag</name>
         <load_address>0x855e3</load_address>
         <run_address>0x855e3</run_address>
         <size>0x15</size>
         <input_file_ref idref="fl-16"/>
      </object_component>
      <object_component id="oc-406">
         <name>.text:DCC_clearErrorFlag</name>
         <load_address>0x855f8</load_address>
         <run_address>0x855f8</run_address>
         <size>0x15</size>
         <input_file_ref idref="fl-16"/>
      </object_component>
      <object_component id="oc-418">
         <name>.text:DCC_disableErrorSignal</name>
         <load_address>0x8560d</load_address>
         <run_address>0x8560d</run_address>
         <size>0x15</size>
         <input_file_ref idref="fl-16"/>
      </object_component>
      <object_component id="oc-43c">
         <name>.text:DCC_enableErrorSignal</name>
         <load_address>0x85622</load_address>
         <run_address>0x85622</run_address>
         <size>0x15</size>
         <input_file_ref idref="fl-16"/>
      </object_component>
      <object_component id="oc-1aa">
         <name>.text:GPIO_unlockPortConfig</name>
         <load_address>0x85637</load_address>
         <run_address>0x85637</run_address>
         <size>0x15</size>
         <input_file_ref idref="fl-5"/>
      </object_component>
      <object_component id="oc-99">
         <name>.text:ADC_clearInterruptStatus</name>
         <load_address>0x8564c</load_address>
         <run_address>0x8564c</run_address>
         <size>0x14</size>
         <input_file_ref idref="fl-4"/>
      </object_component>
      <object_component id="oc-412">
         <name>.text:DCC_disableModule</name>
         <load_address>0x85660</load_address>
         <run_address>0x85660</run_address>
         <size>0x14</size>
         <input_file_ref idref="fl-16"/>
      </object_component>
      <object_component id="oc-448">
         <name>.text:DCC_enableModule</name>
         <load_address>0x85674</load_address>
         <run_address>0x85674</run_address>
         <size>0x14</size>
         <input_file_ref idref="fl-16"/>
      </object_component>
      <object_component id="oc-1d3">
         <name>.text:EPWM_setTimeBaseCounterMode</name>
         <load_address>0x85688</load_address>
         <run_address>0x85688</run_address>
         <size>0x14</size>
         <input_file_ref idref="fl-4"/>
      </object_component>
      <object_component id="oc-1cd">
         <name>.text:EPWM_setTimeBasePeriod</name>
         <load_address>0x8569c</load_address>
         <run_address>0x8569c</run_address>
         <size>0x14</size>
         <input_file_ref idref="fl-4"/>
      </object_component>
      <object_component id="oc-324">
         <name>.text:GPIO_isPinValid</name>
         <load_address>0x856b0</load_address>
         <run_address>0x856b0</run_address>
         <size>0x14</size>
         <input_file_ref idref="fl-13"/>
      </object_component>
      <object_component id="oc-39f">
         <name>.text:SCI_getTxFIFOStatus</name>
         <load_address>0x856c4</load_address>
         <run_address>0x856c4</run_address>
         <size>0x14</size>
         <input_file_ref idref="fl-4"/>
      </object_component>
      <object_component id="oc-235">
         <name>.text:ADC_enableConverter</name>
         <load_address>0x856d8</load_address>
         <run_address>0x856d8</run_address>
         <size>0x13</size>
         <input_file_ref idref="fl-4"/>
      </object_component>
      <object_component id="oc-372">
         <name>.text:SCI_enableModule</name>
         <load_address>0x856eb</load_address>
         <run_address>0x856eb</run_address>
         <size>0x13</size>
         <input_file_ref idref="fl-15"/>
      </object_component>
      <object_component id="oc-279">
         <name>.text:SCI_enableModule</name>
         <load_address>0x856fe</load_address>
         <run_address>0x856fe</run_address>
         <size>0x13</size>
         <input_file_ref idref="fl-4"/>
      </object_component>
      <object_component id="oc-285">
         <name>.text:SCI_enableRxModule</name>
         <load_address>0x85711</load_address>
         <run_address>0x85711</run_address>
         <size>0x13</size>
         <input_file_ref idref="fl-4"/>
      </object_component>
      <object_component id="oc-27f">
         <name>.text:SCI_enableTxModule</name>
         <load_address>0x85724</load_address>
         <run_address>0x85724</run_address>
         <size>0x13</size>
         <input_file_ref idref="fl-4"/>
      </object_component>
      <object_component id="oc-365">
         <name>.text:SCI_isBaseValid</name>
         <load_address>0x85737</load_address>
         <run_address>0x85737</run_address>
         <size>0x13</size>
         <input_file_ref idref="fl-15"/>
      </object_component>
      <object_component id="oc-37a">
         <name>.text:SCI_isBaseValid</name>
         <load_address>0x8574a</load_address>
         <run_address>0x8574a</run_address>
         <size>0x13</size>
         <input_file_ref idref="fl-4"/>
      </object_component>
      <object_component id="oc-4d8">
         <name>.text:DCC_isBaseValid</name>
         <load_address>0x8575d</load_address>
         <run_address>0x8575d</run_address>
         <size>0x10</size>
         <input_file_ref idref="fl-16"/>
      </object_component>
      <object_component id="oc-ae">
         <name>.text:Device_initGPIO</name>
         <load_address>0x8576d</load_address>
         <run_address>0x8576d</run_address>
         <size>0x10</size>
         <input_file_ref idref="fl-5"/>
      </object_component>
      <object_component id="oc-2c5">
         <name>.text:Flash_isCtrlBaseValid</name>
         <load_address>0x8577d</load_address>
         <run_address>0x8577d</run_address>
         <size>0x10</size>
         <input_file_ref idref="fl-12"/>
      </object_component>
      <object_component id="oc-2cc">
         <name>.text:Flash_isECCBaseValid</name>
         <load_address>0x8578d</load_address>
         <run_address>0x8578d</run_address>
         <size>0x10</size>
         <input_file_ref idref="fl-12"/>
      </object_component>
      <object_component id="oc-471">
         <name>.text</name>
         <load_address>0x8579d</load_address>
         <run_address>0x8579d</run_address>
         <size>0x10</size>
         <input_file_ref idref="fl-42"/>
      </object_component>
      <object_component id="oc-190">
         <name>.text:ASysCtl_disableDCDC</name>
         <load_address>0x857ad</load_address>
         <run_address>0x857ad</run_address>
         <size>0xf</size>
         <input_file_ref idref="fl-5"/>
      </object_component>
      <object_component id="oc-ba">
         <name>.text:Interrupt_register</name>
         <load_address>0x857bc</load_address>
         <run_address>0x857bc</run_address>
         <size>0xf</size>
         <input_file_ref idref="fl-4"/>
      </object_component>
      <object_component id="oc-110">
         <name>.text:sendSCIText</name>
         <load_address>0x857cb</load_address>
         <run_address>0x857cb</run_address>
         <size>0xf</size>
         <input_file_ref idref="fl-4"/>
      </object_component>
      <object_component id="oc-525">
         <name>.text</name>
         <load_address>0x857da</load_address>
         <run_address>0x857da</run_address>
         <size>0xe</size>
         <input_file_ref idref="fl-35"/>
      </object_component>
      <object_component id="oc-1b1">
         <name>.text:Interrupt_disableGlobal</name>
         <load_address>0x857e8</load_address>
         <run_address>0x857e8</run_address>
         <size>0xd</size>
         <input_file_ref idref="fl-14"/>
      </object_component>
      <object_component id="oc-35d">
         <name>.text:Interrupt_enableGlobal</name>
         <load_address>0x857f5</load_address>
         <run_address>0x857f5</run_address>
         <size>0xd</size>
         <input_file_ref idref="fl-14"/>
      </object_component>
      <object_component id="oc-177">
         <name>.text:SysCtl_setLowSpeedClock</name>
         <load_address>0x85802</load_address>
         <run_address>0x85802</run_address>
         <size>0xd</size>
         <input_file_ref idref="fl-5"/>
      </object_component>
      <object_component id="oc-5a">
         <name>.text:decompress:ZI:__TI_zero_init_nomemset</name>
         <load_address>0x8580f</load_address>
         <run_address>0x8580f</run_address>
         <size>0xd</size>
         <input_file_ref idref="fl-29"/>
      </object_component>
      <object_component id="oc-2b4">
         <name>.text</name>
         <load_address>0x8581c</load_address>
         <run_address>0x8581c</run_address>
         <size>0xc</size>
         <input_file_ref idref="fl-2e"/>
      </object_component>
      <object_component id="oc-540">
         <name>.text</name>
         <load_address>0x85828</load_address>
         <run_address>0x85828</run_address>
         <size>0xc</size>
         <input_file_ref idref="fl-43"/>
      </object_component>
      <object_component id="oc-165">
         <name>.text:SysCtl_disableWatchdog</name>
         <load_address>0x85834</load_address>
         <run_address>0x85834</run_address>
         <size>0xb</size>
         <input_file_ref idref="fl-5"/>
      </object_component>
      <object_component id="oc-305">
         <name>.text:SysCtl_isMCDClockFailureDetected</name>
         <load_address>0x8583f</load_address>
         <run_address>0x8583f</run_address>
         <size>0xb</size>
         <input_file_ref idref="fl-16"/>
      </object_component>
      <object_component id="oc-148">
         <name>.text:__relaxed_cosf</name>
         <load_address>0x8584a</load_address>
         <run_address>0x8584a</run_address>
         <size>0xb</size>
         <input_file_ref idref="fl-4"/>
      </object_component>
      <object_component id="oc-141">
         <name>.text:__relaxed_sinf</name>
         <load_address>0x85855</load_address>
         <run_address>0x85855</run_address>
         <size>0xb</size>
         <input_file_ref idref="fl-4"/>
      </object_component>
      <object_component id="oc-48e">
         <name>.text</name>
         <load_address>0x85860</load_address>
         <run_address>0x85860</run_address>
         <size>0xb</size>
         <input_file_ref idref="fl-31"/>
      </object_component>
      <object_component id="oc-49">
         <name>.text:Interrupt_nmiHandler</name>
         <load_address>0x8586b</load_address>
         <run_address>0x8586b</run_address>
         <size>0xa</size>
         <input_file_ref idref="fl-14"/>
      </object_component>
      <object_component id="oc-102">
         <name>.text:__relaxed_sqrtf</name>
         <load_address>0x85875</load_address>
         <run_address>0x85875</run_address>
         <size>0x9</size>
         <input_file_ref idref="fl-4"/>
      </object_component>
      <object_component id="oc-4bd">
         <name>.text</name>
         <load_address>0x8587e</load_address>
         <run_address>0x8587e</run_address>
         <size>0x9</size>
         <input_file_ref idref="fl-2d"/>
      </object_component>
      <object_component id="oc-506">
         <name>.text</name>
         <load_address>0x85887</load_address>
         <run_address>0x85887</run_address>
         <size>0x9</size>
         <input_file_ref idref="fl-34"/>
      </object_component>
      <object_component id="oc-19">
         <name>.text:decompress:none</name>
         <load_address>0x85890</load_address>
         <run_address>0x85890</run_address>
         <size>0x8</size>
         <input_file_ref idref="fl-2a"/>
      </object_component>
      <object_component id="oc-66">
         <name>.text</name>
         <load_address>0x85898</load_address>
         <run_address>0x85898</run_address>
         <size>0x8</size>
         <input_file_ref idref="fl-6"/>
      </object_component>
      <object_component id="oc-465">
         <name>.text</name>
         <load_address>0x858a0</load_address>
         <run_address>0x858a0</run_address>
         <size>0x8</size>
         <input_file_ref idref="fl-45"/>
      </object_component>
      <object_component id="oc-4cf">
         <name>.text:SysCtl_resetMCD</name>
         <load_address>0x858a8</load_address>
         <run_address>0x858a8</run_address>
         <size>0x7</size>
         <input_file_ref idref="fl-16"/>
      </object_component>
      <object_component id="oc-138">
         <name>.text:__error__</name>
         <load_address>0x858af</load_address>
         <run_address>0x858af</run_address>
         <size>0x7</size>
         <input_file_ref idref="fl-5"/>
      </object_component>
      <object_component id="oc-12b">
         <name>.text</name>
         <load_address>0x858b6</load_address>
         <run_address>0x858b6</run_address>
         <size>0x7</size>
         <input_file_ref idref="fl-2f"/>
      </object_component>
      <object_component id="oc-9f">
         <name>.text:Interrupt_clearACKGroup</name>
         <load_address>0x858bd</load_address>
         <run_address>0x858bd</run_address>
         <size>0x6</size>
         <input_file_ref idref="fl-4"/>
      </object_component>
      <object_component id="oc-c0">
         <name>.text:Board_init</name>
         <load_address>0x858c3</load_address>
         <run_address>0x858c3</run_address>
         <size>0x5</size>
         <input_file_ref idref="fl-2"/>
      </object_component>
      <object_component id="oc-46b">
         <name>.text</name>
         <load_address>0x858c8</load_address>
         <run_address>0x858c8</run_address>
         <size>0x5</size>
         <input_file_ref idref="fl-44"/>
      </object_component>
      <object_component id="oc-1b9">
         <name>.text:PinMux_init</name>
         <load_address>0x858cd</load_address>
         <run_address>0x858cd</run_address>
         <size>0x1</size>
         <input_file_ref idref="fl-2"/>
      </object_component>
      <object_component id="oc-4a3">
         <name>.text</name>
         <load_address>0x858ce</load_address>
         <run_address>0x858ce</run_address>
         <size>0x1</size>
         <input_file_ref idref="fl-3e"/>
      </object_component>
      <object_component id="oc-5e1">
         <name>.cinit..data.load</name>
         <load_address>0x8112c</load_address>
         <run_address>0x8112c</run_address>
         <size>0xd</size>
      </object_component>
      <object_component id="oc-5de">
         <name>__TI_handler_table</name>
         <load_address>0x8113a</load_address>
         <run_address>0x8113a</run_address>
         <size>0x6</size>
      </object_component>
      <object_component id="oc-5e0">
         <name>.cinit..bss.load</name>
         <load_address>0x81140</load_address>
         <run_address>0x81140</run_address>
         <size>0x4</size>
      </object_component>
      <object_component id="oc-5df">
         <name>__TI_cinit_table</name>
         <load_address>0x81144</load_address>
         <run_address>0x81144</run_address>
         <size>0x8</size>
      </object_component>
      <object_component id="oc-4f">
         <name>.stack</name>
         <uninitialized>true</uninitialized>
         <run_address>0x400</run_address>
         <size>0x0</size>
         <input_file_ref idref="fl-23"/>
      </object_component>
      <object_component id="oc-5e2">
         <name>.stack</name>
         <uninitialized>true</uninitialized>
         <run_address>0x400</run_address>
         <size>0x0</size>
      </object_component>
      <object_component id="oc-72">
         <name>.bss</name>
         <uninitialized>true</uninitialized>
         <run_address>0xa800</run_address>
         <size>0x42</size>
         <input_file_ref idref="fl-4"/>
      </object_component>
      <object_component id="oc-a5">
         <name>.data</name>
         <load_address>0xa842</load_address>
         <run_address>0xa842</run_address>
         <size>0x14</size>
         <input_file_ref idref="fl-4"/>
      </object_component>
      <object_component id="oc-3dd">
         <name>.data</name>
         <load_address>0xa856</load_address>
         <run_address>0xa856</run_address>
         <size>0x6</size>
         <input_file_ref idref="fl-2c"/>
      </object_component>
      <object_component id="oc-3e0">
         <name>.data:_lock</name>
         <load_address>0xa85c</load_address>
         <run_address>0xa85c</run_address>
         <size>0x2</size>
         <input_file_ref idref="fl-2d"/>
      </object_component>
      <object_component id="oc-54e">
         <name>.data:_unlock</name>
         <load_address>0xa85e</load_address>
         <run_address>0xa85e</run_address>
         <size>0x2</size>
         <input_file_ref idref="fl-2d"/>
      </object_component>
      <object_component id="oc-494">
         <name>.data</name>
         <load_address>0xa860</load_address>
         <run_address>0xa860</run_address>
         <size>0x1</size>
         <input_file_ref idref="fl-46"/>
      </object_component>
      <object_component id="oc-4f3">
         <name>.const:.string:_ctypes_</name>
         <load_address>0x84000</load_address>
         <run_address>0x84000</run_address>
         <size>0x101</size>
         <input_file_ref idref="fl-41"/>
      </object_component>
      <object_component id="oc-109">
         <name>.const:.string</name>
         <load_address>0x84102</load_address>
         <run_address>0x84102</run_address>
         <size>0xfe</size>
         <input_file_ref idref="fl-4"/>
      </object_component>
      <object_component id="oc-2cb">
         <name>.const:.string</name>
         <load_address>0x84200</load_address>
         <run_address>0x84200</run_address>
         <size>0x9b</size>
         <input_file_ref idref="fl-12"/>
      </object_component>
      <object_component id="oc-304">
         <name>.const:.string</name>
         <load_address>0x8429c</load_address>
         <run_address>0x8429c</run_address>
         <size>0x9a</size>
         <input_file_ref idref="fl-16"/>
      </object_component>
      <object_component id="oc-32a">
         <name>.const:.string</name>
         <load_address>0x84336</load_address>
         <run_address>0x84336</run_address>
         <size>0x98</size>
         <input_file_ref idref="fl-13"/>
      </object_component>
      <object_component id="oc-36b">
         <name>.const:.string</name>
         <load_address>0x843ce</load_address>
         <run_address>0x843ce</run_address>
         <size>0x97</size>
         <input_file_ref idref="fl-15"/>
      </object_component>
      <object_component id="oc-183">
         <name>.const:.string</name>
         <load_address>0x84466</load_address>
         <run_address>0x84466</run_address>
         <size>0x55</size>
         <input_file_ref idref="fl-5"/>
      </object_component>
      <object_component id="oc-34f">
         <name>.const:.string</name>
         <load_address>0x844bc</load_address>
         <run_address>0x844bc</run_address>
         <size>0x4b</size>
         <input_file_ref idref="fl-10"/>
      </object_component>
      <object_component id="oc-464">
         <name>.const:.string</name>
         <load_address>0x84508</load_address>
         <run_address>0x84508</run_address>
         <size>0x26</size>
         <input_file_ref idref="fl-30"/>
      </object_component>
      <object_component id="oc-500">
         <name>.const</name>
         <load_address>0x8452e</load_address>
         <run_address>0x8452e</run_address>
         <size>0x1c</size>
         <input_file_ref idref="fl-30"/>
      </object_component>
      <object_component id="oc-586">
         <name>.const</name>
         <load_address>0x8454a</load_address>
         <run_address>0x8454a</run_address>
         <size>0x1c</size>
         <input_file_ref idref="fl-48"/>
      </object_component>
      <object_component id="oc-581">
         <name>.const</name>
         <load_address>0x84566</load_address>
         <run_address>0x84566</run_address>
         <size>0x8</size>
         <input_file_ref idref="fl-47"/>
      </object_component>
      <object_component id="oc-116">
         <name>.const</name>
         <load_address>0x8456e</load_address>
         <run_address>0x8456e</run_address>
         <size>0x6</size>
         <input_file_ref idref="fl-4"/>
      </object_component>
      <object_component id="oc-16b">
         <name>.TI.ramfunc:Flash_initModule</name>
         <load_address>0x81000</load_address>
         <run_address>0x8000</run_address>
         <size>0x44</size>
         <input_file_ref idref="fl-12"/>
      </object_component>
      <object_component id="oc-2d2">
         <name>.TI.ramfunc:Flash_setBankPowerMode</name>
         <load_address>0x81044</load_address>
         <run_address>0x8044</run_address>
         <size>0x2c</size>
         <input_file_ref idref="fl-12"/>
      </object_component>
      <object_component id="oc-2ea">
         <name>.TI.ramfunc:Flash_setWaitstates</name>
         <load_address>0x81070</load_address>
         <run_address>0x8070</run_address>
         <size>0x24</size>
         <input_file_ref idref="fl-12"/>
      </object_component>
      <object_component id="oc-2d8">
         <name>.TI.ramfunc:Flash_setPumpPowerMode</name>
         <load_address>0x81094</load_address>
         <run_address>0x8094</run_address>
         <size>0x1d</size>
         <input_file_ref idref="fl-12"/>
      </object_component>
      <object_component id="oc-2de">
         <name>.TI.ramfunc:Flash_disableCache</name>
         <load_address>0x810b1</load_address>
         <run_address>0x80b1</run_address>
         <size>0x18</size>
         <input_file_ref idref="fl-12"/>
      </object_component>
      <object_component id="oc-2e4">
         <name>.TI.ramfunc:Flash_disablePrefetch</name>
         <load_address>0x810c9</load_address>
         <run_address>0x80c9</run_address>
         <size>0x18</size>
         <input_file_ref idref="fl-12"/>
      </object_component>
      <object_component id="oc-2f0">
         <name>.TI.ramfunc:Flash_enableCache</name>
         <load_address>0x810e1</load_address>
         <run_address>0x80e1</run_address>
         <size>0x17</size>
         <input_file_ref idref="fl-12"/>
      </object_component>
      <object_component id="oc-2f6">
         <name>.TI.ramfunc:Flash_enablePrefetch</name>
         <load_address>0x810f8</load_address>
         <run_address>0x80f8</run_address>
         <size>0x17</size>
         <input_file_ref idref="fl-12"/>
      </object_component>
      <object_component id="oc-2fc">
         <name>.TI.ramfunc:Flash_enableECC</name>
         <load_address>0x8110f</load_address>
         <run_address>0x810f</run_address>
         <size>0x16</size>
         <input_file_ref idref="fl-12"/>
      </object_component>
      <object_component id="oc-23b">
         <name>.TI.ramfunc</name>
         <load_address>0x81125</load_address>
         <run_address>0x8125</run_address>
         <size>0x4</size>
         <input_file_ref idref="fl-16"/>
      </object_component>
      <object_component id="oc-1c0">
         <name>.debug_types</name>
         <load_address>0x0</load_address>
         <run_address>0x0</run_address>
         <size>0x2d9</size>
         <input_file_ref idref="fl-2"/>
      </object_component>
      <object_component id="oc-290">
         <name>.debug_types</name>
         <load_address>0x0</load_address>
         <run_address>0x0</run_address>
         <size>0x0</size>
         <input_file_ref idref="fl-3"/>
      </object_component>
      <object_component id="oc-11a">
         <name>.debug_types</name>
         <load_address>0x2d9</load_address>
         <run_address>0x2d9</run_address>
         <size>0x2c7d</size>
         <input_file_ref idref="fl-4"/>
      </object_component>
      <object_component id="oc-1a9">
         <name>.debug_types</name>
         <load_address>0x2f56</load_address>
         <run_address>0x2f56</run_address>
         <size>0x43e</size>
         <input_file_ref idref="fl-5"/>
      </object_component>
      <object_component id="oc-357">
         <name>.debug_types</name>
         <load_address>0x3394</load_address>
         <run_address>0x3394</run_address>
         <size>0xe5</size>
         <input_file_ref idref="fl-10"/>
      </object_component>
      <object_component id="oc-303">
         <name>.debug_types</name>
         <load_address>0x3479</load_address>
         <run_address>0x3479</run_address>
         <size>0x1e9</size>
         <input_file_ref idref="fl-12"/>
      </object_component>
      <object_component id="oc-32c">
         <name>.debug_types</name>
         <load_address>0x3662</load_address>
         <run_address>0x3662</run_address>
         <size>0x2e2</size>
         <input_file_ref idref="fl-13"/>
      </object_component>
      <object_component id="oc-11d">
         <name>.debug_types</name>
         <load_address>0x0</load_address>
         <run_address>0x0</run_address>
         <size>0x0</size>
         <input_file_ref idref="fl-14"/>
      </object_component>
      <object_component id="oc-379">
         <name>.debug_types</name>
         <load_address>0x3944</load_address>
         <run_address>0x3944</run_address>
         <size>0x259</size>
         <input_file_ref idref="fl-15"/>
      </object_component>
      <object_component id="oc-318">
         <name>.debug_types</name>
         <load_address>0x3b9d</load_address>
         <run_address>0x3b9d</run_address>
         <size>0x1d4</size>
         <input_file_ref idref="fl-16"/>
      </object_component>
      <object_component id="oc-295">
         <name>.debug_types</name>
         <load_address>0x3d71</load_address>
         <run_address>0x3d71</run_address>
         <size>0x2c2</size>
         <input_file_ref idref="fl-22"/>
      </object_component>
      <object_component id="oc-125">
         <name>.debug_types</name>
         <load_address>0x4033</load_address>
         <run_address>0x4033</run_address>
         <size>0x89</size>
         <input_file_ref idref="fl-26"/>
      </object_component>
      <object_component id="oc-3aa">
         <name>.debug_types</name>
         <load_address>0x0</load_address>
         <run_address>0x0</run_address>
         <size>0x0</size>
         <input_file_ref idref="fl-27"/>
      </object_component>
      <object_component id="oc-4aa">
         <name>.debug_types</name>
         <load_address>0x40bc</load_address>
         <run_address>0x40bc</run_address>
         <size>0x412</size>
         <input_file_ref idref="fl-28"/>
      </object_component>
      <object_component id="oc-12a">
         <name>.debug_types</name>
         <load_address>0x44ce</load_address>
         <run_address>0x44ce</run_address>
         <size>0x194</size>
         <input_file_ref idref="fl-29"/>
      </object_component>
      <object_component id="oc-59">
         <name>.debug_types</name>
         <load_address>0x0</load_address>
         <run_address>0x0</run_address>
         <size>0x0</size>
         <input_file_ref idref="fl-2a"/>
      </object_component>
      <object_component id="oc-51">
         <name>.debug_types</name>
         <load_address>0x4662</load_address>
         <run_address>0x4662</run_address>
         <size>0x191</size>
         <input_file_ref idref="fl-2b"/>
      </object_component>
      <object_component id="oc-3e4">
         <name>.debug_types</name>
         <load_address>0x47f3</load_address>
         <run_address>0x47f3</run_address>
         <size>0x90</size>
         <input_file_ref idref="fl-2c"/>
      </object_component>
      <object_component id="oc-4c5">
         <name>.debug_types</name>
         <load_address>0x4883</load_address>
         <run_address>0x4883</run_address>
         <size>0x2f</size>
         <input_file_ref idref="fl-2d"/>
      </object_component>
      <object_component id="oc-3dc">
         <name>.debug_types</name>
         <load_address>0x48b2</load_address>
         <run_address>0x48b2</run_address>
         <size>0xb6</size>
         <input_file_ref idref="fl-2e"/>
      </object_component>
      <object_component id="oc-2ac">
         <name>.debug_types</name>
         <load_address>0x0</load_address>
         <run_address>0x0</run_address>
         <size>0x0</size>
         <input_file_ref idref="fl-2f"/>
      </object_component>
      <object_component id="oc-478">
         <name>.debug_types</name>
         <load_address>0x4968</load_address>
         <run_address>0x4968</run_address>
         <size>0x926</size>
         <input_file_ref idref="fl-30"/>
      </object_component>
      <object_component id="oc-4fc">
         <name>.debug_types</name>
         <load_address>0x528e</load_address>
         <run_address>0x528e</run_address>
         <size>0x160</size>
         <input_file_ref idref="fl-31"/>
      </object_component>
      <object_component id="oc-548">
         <name>.debug_types</name>
         <load_address>0x0</load_address>
         <run_address>0x0</run_address>
         <size>0x0</size>
         <input_file_ref idref="fl-3e"/>
      </object_component>
      <object_component id="oc-578">
         <name>.debug_types</name>
         <load_address>0x53ee</load_address>
         <run_address>0x53ee</run_address>
         <size>0x61</size>
         <input_file_ref idref="fl-3f"/>
      </object_component>
      <object_component id="oc-4f7">
         <name>.debug_types</name>
         <load_address>0x544f</load_address>
         <run_address>0x544f</run_address>
         <size>0x34</size>
         <input_file_ref idref="fl-40"/>
      </object_component>
      <object_component id="oc-563">
         <name>.debug_types</name>
         <load_address>0x0</load_address>
         <run_address>0x0</run_address>
         <size>0x0</size>
         <input_file_ref idref="fl-41"/>
      </object_component>
      <object_component id="oc-4ef">
         <name>.debug_types</name>
         <load_address>0x0</load_address>
         <run_address>0x0</run_address>
         <size>0x0</size>
         <input_file_ref idref="fl-42"/>
      </object_component>
      <object_component id="oc-593">
         <name>.debug_types</name>
         <load_address>0x0</load_address>
         <run_address>0x0</run_address>
         <size>0x0</size>
         <input_file_ref idref="fl-43"/>
      </object_component>
      <object_component id="oc-4ed">
         <name>.debug_types</name>
         <load_address>0x5483</load_address>
         <run_address>0x5483</run_address>
         <size>0x34</size>
         <input_file_ref idref="fl-44"/>
      </object_component>
      <object_component id="oc-4eb">
         <name>.debug_types</name>
         <load_address>0x0</load_address>
         <run_address>0x0</run_address>
         <size>0x0</size>
         <input_file_ref idref="fl-45"/>
      </object_component>
      <object_component id="oc-4ff">
         <name>.debug_types</name>
         <load_address>0x0</load_address>
         <run_address>0x0</run_address>
         <size>0x0</size>
         <input_file_ref idref="fl-46"/>
      </object_component>
      <object_component id="oc-585">
         <name>.debug_types</name>
         <load_address>0x54b7</load_address>
         <run_address>0x54b7</run_address>
         <size>0x2f</size>
         <input_file_ref idref="fl-47"/>
      </object_component>
      <object_component id="oc-590">
         <name>.debug_types</name>
         <load_address>0x0</load_address>
         <run_address>0x0</run_address>
         <size>0x0</size>
         <input_file_ref idref="fl-48"/>
      </object_component>
      <object_component id="oc-5ac">
         <name>.debug_types</name>
         <load_address>0x0</load_address>
         <run_address>0x0</run_address>
         <size>0x0</size>
         <input_file_ref idref="fl-49"/>
      </object_component>
      <object_component id="oc-c1">
         <name>.debug_info</name>
         <load_address>0x0</load_address>
         <run_address>0x0</run_address>
         <size>0x127</size>
         <input_file_ref idref="fl-2"/>
      </object_component>
      <object_component id="oc-1ba">
         <name>.debug_info</name>
         <load_address>0x127</load_address>
         <run_address>0x127</run_address>
         <size>0x118</size>
         <input_file_ref idref="fl-2"/>
      </object_component>
      <object_component id="oc-f1">
         <name>.debug_info</name>
         <load_address>0x23f</load_address>
         <run_address>0x23f</run_address>
         <size>0x14e</size>
         <input_file_ref idref="fl-3"/>
      </object_component>
      <object_component id="oc-a6">
         <name>.debug_info</name>
         <load_address>0x38d</load_address>
         <run_address>0x38d</run_address>
         <size>0x332</size>
         <input_file_ref idref="fl-4"/>
      </object_component>
      <object_component id="oc-117">
         <name>.debug_info</name>
         <load_address>0x6bf</load_address>
         <run_address>0x6bf</run_address>
         <size>0x162</size>
         <input_file_ref idref="fl-4"/>
      </object_component>
      <object_component id="oc-73">
         <name>.debug_info</name>
         <load_address>0x821</load_address>
         <run_address>0x821</run_address>
         <size>0xf6</size>
         <input_file_ref idref="fl-4"/>
      </object_component>
      <object_component id="oc-15b">
         <name>.debug_info</name>
         <load_address>0x917</load_address>
         <run_address>0x917</run_address>
         <size>0x182</size>
         <input_file_ref idref="fl-4"/>
      </object_component>
      <object_component id="oc-230">
         <name>.debug_info</name>
         <load_address>0xa99</load_address>
         <run_address>0xa99</run_address>
         <size>0x1cf</size>
         <input_file_ref idref="fl-4"/>
      </object_component>
      <object_component id="oc-23d">
         <name>.debug_info</name>
         <load_address>0xc68</load_address>
         <run_address>0xc68</run_address>
         <size>0x24e</size>
         <input_file_ref idref="fl-4"/>
      </object_component>
      <object_component id="oc-236">
         <name>.debug_info</name>
         <load_address>0xeb6</load_address>
         <run_address>0xeb6</run_address>
         <size>0x1a6</size>
         <input_file_ref idref="fl-4"/>
      </object_component>
      <object_component id="oc-94">
         <name>.debug_info</name>
         <load_address>0x105c</load_address>
         <run_address>0x105c</run_address>
         <size>0x1c3</size>
         <input_file_ref idref="fl-4"/>
      </object_component>
      <object_component id="oc-9a">
         <name>.debug_info</name>
         <load_address>0x121f</load_address>
         <run_address>0x121f</run_address>
         <size>0x1db</size>
         <input_file_ref idref="fl-4"/>
      </object_component>
      <object_component id="oc-6d">
         <name>.debug_info</name>
         <load_address>0x13fa</load_address>
         <run_address>0x13fa</run_address>
         <size>0x1c6</size>
         <input_file_ref idref="fl-4"/>
      </object_component>
      <object_component id="oc-249">
         <name>.debug_info</name>
         <load_address>0x15c0</load_address>
         <run_address>0x15c0</run_address>
         <size>0x1fd</size>
         <input_file_ref idref="fl-4"/>
      </object_component>
      <object_component id="oc-243">
         <name>.debug_info</name>
         <load_address>0x17bd</load_address>
         <run_address>0x17bd</run_address>
         <size>0x23f</size>
         <input_file_ref idref="fl-4"/>
      </object_component>
      <object_component id="oc-bb">
         <name>.debug_info</name>
         <load_address>0x19fc</load_address>
         <run_address>0x19fc</run_address>
         <size>0x1d6</size>
         <input_file_ref idref="fl-4"/>
      </object_component>
      <object_component id="oc-a0">
         <name>.debug_info</name>
         <load_address>0x1bd2</load_address>
         <run_address>0x1bd2</run_address>
         <size>0x192</size>
         <input_file_ref idref="fl-4"/>
      </object_component>
      <object_component id="oc-fd">
         <name>.debug_info</name>
         <load_address>0x1d64</load_address>
         <run_address>0x1d64</run_address>
         <size>0x1c3</size>
         <input_file_ref idref="fl-4"/>
      </object_component>
      <object_component id="oc-f7">
         <name>.debug_info</name>
         <load_address>0x1f27</load_address>
         <run_address>0x1f27</run_address>
         <size>0x1c5</size>
         <input_file_ref idref="fl-4"/>
      </object_component>
      <object_component id="oc-151">
         <name>.debug_info</name>
         <load_address>0x20ec</load_address>
         <run_address>0x20ec</run_address>
         <size>0x185</size>
         <input_file_ref idref="fl-4"/>
      </object_component>
      <object_component id="oc-1c8">
         <name>.debug_info</name>
         <load_address>0x2271</load_address>
         <run_address>0x2271</run_address>
         <size>0x216</size>
         <input_file_ref idref="fl-4"/>
      </object_component>
      <object_component id="oc-1d4">
         <name>.debug_info</name>
         <load_address>0x2487</load_address>
         <run_address>0x2487</run_address>
         <size>0x1e7</size>
         <input_file_ref idref="fl-4"/>
      </object_component>
      <object_component id="oc-1da">
         <name>.debug_info</name>
         <load_address>0x266e</load_address>
         <run_address>0x266e</run_address>
         <size>0x1d3</size>
         <input_file_ref idref="fl-4"/>
      </object_component>
      <object_component id="oc-1ce">
         <name>.debug_info</name>
         <load_address>0x2841</load_address>
         <run_address>0x2841</run_address>
         <size>0x1dd</size>
         <input_file_ref idref="fl-4"/>
      </object_component>
      <object_component id="oc-1e0">
         <name>.debug_info</name>
         <load_address>0x2a1e</load_address>
         <run_address>0x2a1e</run_address>
         <size>0x28e</size>
         <input_file_ref idref="fl-4"/>
      </object_component>
      <object_component id="oc-82">
         <name>.debug_info</name>
         <load_address>0x2cac</load_address>
         <run_address>0x2cac</run_address>
         <size>0x22b</size>
         <input_file_ref idref="fl-4"/>
      </object_component>
      <object_component id="oc-1e6">
         <name>.debug_info</name>
         <load_address>0x2ed7</load_address>
         <run_address>0x2ed7</run_address>
         <size>0x257</size>
         <input_file_ref idref="fl-4"/>
      </object_component>
      <object_component id="oc-88">
         <name>.debug_info</name>
         <load_address>0x312e</load_address>
         <run_address>0x312e</run_address>
[...]
         <name>__TI_STACK_END</name>
         <value>0x7f8</value>
      </symbol>
      <symbol id="sm-e">
         <name>__TI_pprof_out_hndl</name>
         <value>0xffffffff</value>
      </symbol>
      <symbol id="sm-f">
         <name>__TI_prof_data_start</name>
         <value>0xffffffff</value>
      </symbol>
      <symbol id="sm-10">
         <name>__TI_prof_data_size</name>
         <value>0xffffffff</value>
      </symbol>
      <symbol id="sm-3f">
         <name>PinMux_init</name>
         <value>0x858cd</value>
         <object_component_ref idref="oc-1b9"/>
      </symbol>
      <symbol id="sm-40">
         <name>Board_init</name>
         <value>0x858c3</value>
         <object_component_ref idref="oc-c0"/>
      </symbol>
      <symbol id="sm-4d">
         <name>C2000Ware_libraries_init</name>
         <value>0x82fff</value>
         <object_component_ref idref="oc-f0"/>
      </symbol>
      <symbol id="sm-28d">
         <name>flatline_counter</name>
         <value>0xa846</value>
         <object_component_ref idref="oc-a5"/>
      </symbol>
      <symbol id="sm-28e">
         <name>__relaxed_sinf</name>
         <value>0x85855</value>
         <object_component_ref idref="oc-141"/>
      </symbol>
      <symbol id="sm-28f">
         <name>sendSCIText</name>
         <value>0x857cb</value>
         <object_component_ref idref="oc-110"/>
      </symbol>
      <symbol id="sm-290">
         <name>adcA1_ISR</name>
         <value>0x83000</value>
         <object_component_ref idref="oc-2b"/>
      </symbol>
      <symbol id="sm-291">
         <name>sample_counter</name>
         <value>0xa844</value>
         <object_component_ref idref="oc-a5"/>
      </symbol>
      <symbol id="sm-292">
         <name>spll1</name>
         <value>0xa800</value>
         <object_component_ref idref="oc-72"/>
      </symbol>
      <symbol id="sm-293">
         <name>ac_vol_normalized</name>
         <value>0xa854</value>
         <object_component_ref idref="oc-a5"/>
      </symbol>
      <symbol id="sm-294">
         <name>initSCIA</name>
         <value>0x83a0d</value>
         <object_component_ref idref="oc-d8"/>
      </symbol>
      <symbol id="sm-295">
         <name>final_rms</name>
         <value>0xa84a</value>
         <object_component_ref idref="oc-a5"/>
      </symbol>
      <symbol id="sm-296">
         <name>temp_sum_raw_dc</name>
         <value>0xa850</value>
         <object_component_ref idref="oc-a5"/>
      </symbol>
      <symbol id="sm-297">
         <name>sum_raw_dc</name>
         <value>0xa852</value>
         <object_component_ref idref="oc-a5"/>
      </symbol>
      <symbol id="sm-298">
         <name>main</name>
         <value>0x8328c</value>
         <object_component_ref idref="oc-2c"/>
      </symbol>
      <symbol id="sm-299">
         <name>__relaxed_sqrtf</name>
         <value>0x85875</value>
         <object_component_ref idref="oc-102"/>
      </symbol>
      <symbol id="sm-29a">
         <name>__relaxed_cosf</name>
         <value>0x8584a</value>
         <object_component_ref idref="oc-148"/>
      </symbol>
      <symbol id="sm-29b">
         <name>ADC_SCALE_AC</name>
         <value>0x84570</value>
         <object_component_ref idref="oc-116"/>
      </symbol>
      <symbol id="sm-29c">
         <name>sum_squares_ac</name>
         <value>0xa848</value>
         <object_component_ref idref="oc-a5"/>
      </symbol>
      <symbol id="sm-29d">
         <name>currentDuty</name>
         <value>0xa842</value>
         <object_component_ref idref="oc-a5"/>
      </symbol>
      <symbol id="sm-29e">
         <name>pwm_flag</name>
         <value>0xa843</value>
         <object_component_ref idref="oc-a5"/>
      </symbol>
      <symbol id="sm-29f">
         <name>data_ready_flag</name>
         <value>0xa847</value>
         <object_component_ref idref="oc-a5"/>
      </symbol>
      <symbol id="sm-2a0">
         <name>ADC_SCALE_DC</name>
         <value>0x84572</value>
         <object_component_ref idref="oc-116"/>
      </symbol>
      <symbol id="sm-2a1">
         <name>initADC</name>
         <value>0x83af7</value>
         <object_component_ref idref="oc-d2"/>
      </symbol>
      <symbol id="sm-2a2">
         <name>raw_cal_dc</name>
         <value>0xa845</value>
         <object_component_ref idref="oc-a5"/>
      </symbol>
      <symbol id="sm-2a3">
         <name>final_dc_voltage</name>
         <value>0xa84c</value>
         <object_component_ref idref="oc-a5"/>
      </symbol>
      <symbol id="sm-2a4">
         <name>temp_sum_squares</name>
         <value>0xa84e</value>
         <object_component_ref idref="oc-a5"/>
      </symbol>
      <symbol id="sm-2a5">
         <name>VOLTS_PER_COUNT</name>
         <value>0x8456e</value>
         <object_component_ref idref="oc-116"/>
      </symbol>
      <symbol id="sm-2a6">
         <name>initEPWM_LFL</name>
         <value>0x837e0</value>
         <object_component_ref idref="oc-cc"/>
      </symbol>
      <symbol id="sm-2a7">
         <name>initEPWM_HFL</name>
         <value>0x83552</value>
         <object_component_ref idref="oc-c6"/>
      </symbol>
      <symbol id="sm-2f6">
         <name>Device_enableAllPeripherals</name>
         <value>0x830e4</value>
         <object_component_ref idref="oc-18a"/>
      </symbol>
      <symbol id="sm-2f7">
         <name>Device_initGPIO</name>
         <value>0x8576d</value>
         <object_component_ref idref="oc-ae"/>
      </symbol>
      <symbol id="sm-2f8">
         <name>Device_init</name>
         <value>0x83846</value>
         <object_component_ref idref="oc-a8"/>
      </symbol>
      <symbol id="sm-2f9">
         <name>__error__</name>
         <value>0x858af</value>
         <object_component_ref idref="oc-138"/>
      </symbol>
      <symbol id="sm-308">
         <name>code_start</name>
         <value>0x80000</value>
         <object_component_ref idref="oc-20"/>
      </symbol>
      <symbol id="sm-334">
         <name>ADC_setOffsetTrimAll</name>
         <value>0x850d2</value>
         <object_component_ref idref="oc-350"/>
      </symbol>
      <symbol id="sm-335">
         <name>ADC_setVREF</name>
         <value>0x83aab</value>
         <object_component_ref idref="oc-229"/>
      </symbol>
      <symbol id="sm-3a6">
         <name>Flash_initModule</name>
         <value>0x8000</value>
         <object_component_ref idref="oc-16b"/>
      </symbol>
      <symbol id="sm-3ec">
         <name>GPIO_setQualificationMode</name>
         <value>0x83de4</value>
         <object_component_ref idref="oc-255"/>
      </symbol>
      <symbol id="sm-3ed">
         <name>GPIO_setPadConfig</name>
         <value>0x839bb</value>
         <object_component_ref idref="oc-196"/>
      </symbol>
      <symbol id="sm-3ee">
         <name>GPIO_setAnalogMode</name>
         <value>0x83d3c</value>
         <object_component_ref idref="oc-1a2"/>
      </symbol>
      <symbol id="sm-3ef">
         <name>GPIO_setDirectionMode</name>
         <value>0x83e84</value>
         <object_component_ref idref="oc-19c"/>
      </symbol>
      <symbol id="sm-3f0">
         <name>GPIO_setPinConfig</name>
         <value>0x83dad</value>
         <object_component_ref idref="oc-1c1"/>
      </symbol>
      <symbol id="sm-43f">
         <name>Interrupt_defaultHandler</name>
         <value>0x855cd</value>
         <object_component_ref idref="oc-37"/>
      </symbol>
      <symbol id="sm-440">
         <name>Interrupt_initModule</name>
         <value>0x83cc5</value>
         <object_component_ref idref="oc-b4"/>
      </symbol>
      <symbol id="sm-441">
         <name>Interrupt_nmiHandler</name>
         <value>0x8586b</value>
         <object_component_ref idref="oc-49"/>
      </symbol>
      <symbol id="sm-442">
         <name>Interrupt_enable</name>
         <value>0x83e1b</value>
         <object_component_ref idref="oc-24e"/>
      </symbol>
      <symbol id="sm-443">
         <name>Interrupt_initVectorTable</name>
         <value>0x852d0</value>
         <object_component_ref idref="oc-39"/>
      </symbol>
      <symbol id="sm-444">
         <name>Interrupt_illegalOperationHandler</name>
         <value>0x83ff6</value>
         <object_component_ref idref="oc-43"/>
      </symbol>
      <symbol id="sm-473">
         <name>SCI_setConfig</name>
         <value>0x83c87</value>
         <object_component_ref idref="oc-25b"/>
      </symbol>
      <symbol id="sm-586">
         <name>SysCtl_isPLLValid</name>
         <value>0x83350</value>
         <object_component_ref idref="oc-311"/>
      </symbol>
      <symbol id="sm-587">
         <name>SysCtl_delay</name>
         <value>0x8125</value>
         <object_component_ref idref="oc-23b"/>
      </symbol>
      <symbol id="sm-588">
         <name>SysCtl_selectXTALSingleEnded</name>
         <value>0x85121</value>
         <object_component_ref idref="oc-3f9"/>
      </symbol>
      <symbol id="sm-589">
         <name>SysCtl_selectXTAL</name>
         <value>0x83c09</value>
         <object_component_ref idref="oc-3f3"/>
      </symbol>
      <symbol id="sm-58a">
         <name>SysCtl_selectOscSource</name>
         <value>0x83a5e</value>
         <object_component_ref idref="oc-30b"/>
      </symbol>
      <symbol id="sm-58b">
         <name>SysCtl_getLowSpeedClock</name>
         <value>0x85427</value>
         <object_component_ref idref="oc-184"/>
      </symbol>
      <symbol id="sm-58c">
         <name>SysCtl_setClock</name>
         <value>0x831c4</value>
         <object_component_ref idref="oc-171"/>
      </symbol>
      <symbol id="sm-58d">
         <name>SysCtl_getClock</name>
         <value>0x838a8</value>
         <object_component_ref idref="oc-17d"/>
      </symbol>
      <symbol id="sm-59c">
         <name>sprintf</name>
         <value>0x83e52</value>
         <object_component_ref idref="oc-10a"/>
      </symbol>
      <symbol id="sm-5a6">
         <name>_c_int00</name>
         <value>0x85574</value>
         <object_component_ref idref="oc-132"/>
      </symbol>
      <symbol id="sm-5a7">
         <name>__stack</name>
         <value>0x400</value>
         <object_component_ref idref="oc-4f"/>
      </symbol>
      <symbol id="sm-5b2">
         <name>__c28xabi_cmpll</name>
         <value>0x852ee</value>
         <object_component_ref idref="oc-47f"/>
      </symbol>
      <symbol id="sm-5b3">
         <name>__c28xabi_cmpull</name>
         <value>0x85300</value>
         <object_component_ref idref="oc-47f"/>
      </symbol>
      <symbol id="sm-5c5">
         <name>memcpy</name>
         <value>0x85380</value>
         <object_component_ref idref="oc-52"/>
      </symbol>
      <symbol id="sm-5d2">
         <name>_system_pre_init</name>
         <value>0x82ffd</value>
         <object_component_ref idref="oc-2ad"/>
      </symbol>
      <symbol id="sm-5e1">
         <name>__TI_auto_init_nobinit_nopinit</name>
         <value>0x85000</value>
         <object_component_ref idref="oc-3ab"/>
      </symbol>
      <symbol id="sm-5f0">
         <name>__TI_zero_init_nomemset</name>
         <value>0x8580f</value>
         <object_component_ref idref="oc-5a"/>
      </symbol>
      <symbol id="sm-5fd">
         <name>__TI_decompress_none</name>
         <value>0x85890</value>
         <object_component_ref idref="oc-19"/>
      </symbol>
      <symbol id="sm-611">
         <name>__TI_decompress_lzss</name>
         <value>0x83f45</value>
         <object_component_ref idref="oc-13"/>
      </symbol>
      <symbol id="sm-627">
         <name>C$$EXIT</name>
         <value>0x850a9</value>
         <object_component_ref idref="oc-2ba"/>
      </symbol>
      <symbol id="sm-628">
         <name>abort</name>
         <value>0x850a9</value>
         <object_component_ref idref="oc-2ba"/>
      </symbol>
      <symbol id="sm-629">
         <name>exit</name>
         <value>0x850ab</value>
         <object_component_ref idref="oc-2ba"/>
      </symbol>
      <symbol id="sm-62a">
         <name>__TI_dtors_ptr</name>
         <value>0xa85a</value>
         <object_component_ref idref="oc-3dd"/>
      </symbol>
      <symbol id="sm-62b">
         <name>__TI_cleanup_ptr</name>
         <value>0xa858</value>
         <object_component_ref idref="oc-3dd"/>
      </symbol>
      <symbol id="sm-62c">
         <name>__TI_enable_exit_profile_output</name>
         <value>0xa856</value>
         <object_component_ref idref="oc-3dd"/>
      </symbol>
      <symbol id="sm-643">
         <name>_nop</name>
         <value>0x85886</value>
         <object_component_ref idref="oc-4bd"/>
      </symbol>
      <symbol id="sm-644">
         <name>_lock</name>
         <value>0xa85c</value>
         <object_component_ref idref="oc-3e0"/>
      </symbol>
      <symbol id="sm-645">
         <name>_unlock</name>
         <value>0xa85e</value>
         <object_component_ref idref="oc-54e"/>
      </symbol>
      <symbol id="sm-646">
         <name>_register_lock</name>
         <value>0x85882</value>
         <object_component_ref idref="oc-4bd"/>
      </symbol>
      <symbol id="sm-647">
         <name>_register_unlock</name>
         <value>0x8587e</value>
         <object_component_ref idref="oc-4bd"/>
      </symbol>
      <symbol id="sm-656">
         <name>_args_main</name>
         <value>0x8581c</value>
         <object_component_ref idref="oc-2b4"/>
      </symbol>
      <symbol id="sm-665">
         <name>memset</name>
         <value>0x858b6</value>
         <object_component_ref idref="oc-12b"/>
      </symbol>
      <symbol id="sm-7cd">
         <name>__TI_printfi</name>
         <value>0x82b51</value>
         <object_component_ref idref="oc-396"/>
      </symbol>
      <symbol id="sm-7dc">
         <name>wcslen</name>
         <value>0x85860</value>
         <object_component_ref idref="oc-48e"/>
      </symbol>
      <symbol id="sm-7e8">
         <name>__c28xabi_cmpd</name>
         <value>0x85055</value>
         <object_component_ref idref="oc-501"/>
      </symbol>
      <symbol id="sm-7f6">
         <name>__c28xabi_mpyd</name>
         <value>0x83675</value>
         <object_component_ref idref="oc-510"/>
      </symbol>
      <symbol id="sm-7ff">
         <name>__c28xabi_negd</name>
         <value>0x85887</value>
         <object_component_ref idref="oc-506"/>
      </symbol>
      <symbol id="sm-807">
         <name>__c28xabi_subd</name>
         <value>0x857da</value>
         <object_component_ref idref="oc-525"/>
      </symbol>
      <symbol id="sm-812">
         <name>__c28xabi_dtoi</name>
         <value>0x851f6</value>
         <object_component_ref idref="oc-52a"/>
      </symbol>
      <symbol id="sm-81d">
         <name>__c28xabi_dtol</name>
         <value>0x85275</value>
         <object_component_ref idref="oc-515"/>
      </symbol>
      <symbol id="sm-825">
         <name>__c28xabi_orll</name>
         <value>0x854da</value>
         <object_component_ref idref="oc-489"/>
      </symbol>
      <symbol id="sm-826">
         <name>__c28xabi_xorll</name>
         <value>0x854e2</value>
         <object_component_ref idref="oc-489"/>
      </symbol>
      <symbol id="sm-827">
         <name>__c28xabi_andll</name>
         <value>0x854d2</value>
         <object_component_ref idref="oc-489"/>
      </symbol>
      <symbol id="sm-84e">
         <name>__c28xabi_modull</name>
         <value>0x82ee5</value>
         <object_component_ref idref="oc-484"/>
      </symbol>
      <symbol id="sm-84f">
         <name>__c28xabi_divull</name>
         <value>0x82eb6</value>
         <object_component_ref idref="oc-484"/>
      </symbol>
      <symbol id="sm-850">
         <name>__c28xabi_divll</name>
         <value>0x82e40</value>
         <object_component_ref idref="oc-484"/>
      </symbol>
      <symbol id="sm-851">
         <name>__c28xabi_modll</name>
         <value>0x82e7c</value>
         <object_component_ref idref="oc-484"/>
      </symbol>
      <symbol id="sm-85d">
         <name>__c28xabi_itod</name>
         <value>0x85363</value>
         <object_component_ref idref="oc-53b"/>
      </symbol>
      <symbol id="sm-869">
         <name>__c28xabi_ltod</name>
         <value>0x853f1</value>
         <object_component_ref idref="oc-520"/>
      </symbol>
      <symbol id="sm-87c">
         <name>__c28xabi_divd</name>
         <value>0x835ea</value>
         <object_component_ref idref="oc-50b"/>
      </symbol>
      <symbol id="sm-88a">
         <name>_system_post_cinit</name>
         <value>0x858ce</value>
         <object_component_ref idref="oc-4a3"/>
      </symbol>
      <symbol id="sm-899">
         <name>__TI_ltoa</name>
         <value>0x83ee6</value>
         <object_component_ref idref="oc-51a"/>
      </symbol>
      <symbol id="sm-8ae">
         <name>atoi</name>
         <value>0x83eb5</value>
         <object_component_ref idref="oc-479"/>
      </symbol>
      <symbol id="sm-8b9">
         <name>_ctypes_</name>
         <value>0x84000</value>
         <object_component_ref idref="oc-4f3"/>
      </symbol>
      <symbol id="sm-8c9">
         <name>memccpy</name>
         <value>0x8579d</value>
         <object_component_ref idref="oc-471"/>
      </symbol>
      <symbol id="sm-8d9">
         <name>strchr</name>
         <value>0x85828</value>
         <object_component_ref idref="oc-540"/>
      </symbol>
      <symbol id="sm-8e7">
         <name>strcpy</name>
         <value>0x858c8</value>
         <object_component_ref idref="oc-46b"/>
      </symbol>
      <symbol id="sm-8f5">
         <name>strlen</name>
         <value>0x858a0</value>
         <object_component_ref idref="oc-465"/>
      </symbol>
      <symbol id="sm-900">
         <name>errno</name>
         <value>0xa860</value>
         <object_component_ref idref="oc-494"/>
      </symbol>
      <symbol id="sm-917">
         <name>frexpl</name>
         <value>0x83961</value>
         <object_component_ref idref="oc-52f"/>
      </symbol>
      <symbol id="sm-918">
         <name>frexp</name>
         <value>0x83961</value>
         <object_component_ref idref="oc-52f"/>
      </symbol>
      <symbol id="sm-93a">
         <name>scalbn</name>
         <value>0x8340d</value>
         <object_component_ref idref="oc-535"/>
      </symbol>
      <symbol id="sm-93b">
         <name>scalbnl</name>
         <value>0x8340d</value>
         <object_component_ref idref="oc-535"/>
      </symbol>
      <symbol id="sm-93c">
         <name>ldexpl</name>
         <value>0x8340d</value>
         <object_component_ref idref="oc-535"/>
      </symbol>
      <symbol id="sm-93d">
         <name>ldexp</name>
         <value>0x8340d</value>
         <object_component_ref idref="oc-535"/>
      </symbol>
      <symbol id="sm-94b">
         <name>copysign</name>
         <value>0x8518e</value>
         <object_component_ref idref="oc-589"/>
      </symbol>
      <symbol id="sm-94c">
         <name>copysignl</name>
         <value>0x8518e</value>
         <object_component_ref idref="oc-589"/>
      </symbol>
      <symbol id="sm-963">
         <name>__c28xabi_addd</name>
         <value>0x834b6</value>
         <object_component_ref idref="oc-57a"/>
      </symbol>
      <symbol id="sm-96b">
         <name>__c28xabi_divul</name>
         <value>0x8509c</value>
         <object_component_ref idref="oc-572"/>
      </symbol>
      <symbol id="sm-96c">
         <name>__c28xabi_modul</name>
         <value>0x850a3</value>
         <object_component_ref idref="oc-572"/>
      </symbol>
      <symbol id="sm-96d">
         <name>__c28xabi_modl</name>
         <value>0x8508e</value>
         <object_component_ref idref="oc-572"/>
      </symbol>
      <symbol id="sm-96e">
         <name>__c28xabi_divl</name>
         <value>0x8507f</value>
         <object_component_ref idref="oc-572"/>
      </symbol>
      <symbol id="sm-970">
         <name>__c_args__</name>
         <value>0x0</value>
      </symbol>
   </symbol_table>
   <title>Link successful</title>
</link_info>
