******************************************************************************
             TMS320C2000 Linker PC v22.6.3                     
******************************************************************************
>> Linked Mon May 18 09:44:37 2026

OUTPUT FILE NAME:   <totempole_spll.out>
ENTRY POINT SYMBOL: "code_start"  address: 00080000


MEMORY CONFIGURATION

         name            origin    length      used     unused   attr    fill
----------------------  --------  ---------  --------  --------  ----  --------
PAGE 0:
  RAMM0                 000000f6   0000030a  00000000  0000030a  RWIX
  RAMLS0                00008000   00000800  00000129  000006d7  RWIX
  RAMLS1                00008800   00000800  00000000  00000800  RWIX
  RAMLS2                00009000   00000800  00000000  00000800  RWIX
  RAMLS3                00009800   00000800  00000000  00000800  RWIX
  RAMLS4                0000a000   00000800  00000000  00000800  RWIX
  BEGIN                 00080000   00000002  00000002  00000000  RWIX
  FLASH_BANK0_SEC0      00080002   00000ffe  00000000  00000ffe  RWIX
  FLASH_BANK0_SEC1      00081000   00001000  00000149  00000eb7  RWIX
  FLASH_BANK0_SEC2      00082000   00001000  00001000  00000000  RWIX
  FLASH_BANK0_SEC3      00083000   00001000  00001000  00000000  RWIX
  FLASH_BANK0_SEC4      00084000   00001000  00000574  00000a8c  RWIX
  FLASH_BANK0_SEC5      00085000   00001000  000008cf  00000731  RWIX
  FLASH_BANK0_SEC6      00086000   00001000  00000000  00001000  RWIX
  FLASH_BANK0_SEC7      00087000   00001000  00000000  00001000  RWIX
  FLASH_BANK0_SEC8      00088000   00001000  00000000  00001000  RWIX
  FLASH_BANK0_SEC9      00089000   00001000  00000000  00001000  RWIX
  FLASH_BANK0_SEC10     0008a000   00001000  00000000  00001000  RWIX
  FLASH_BANK0_SEC11     0008b000   00001000  00000000  00001000  RWIX
  FLASH_BANK0_SEC12     0008c000   00001000  00000000  00001000  RWIX
  FLASH_BANK0_SEC13     0008d000   00001000  00000000  00001000  RWIX
  FLASH_BANK0_SEC14     0008e000   00001000  00000000  00001000  RWIX
  FLASH_BANK0_SEC15     0008f000   00001000  00000000  00001000  RWIX
  FLASH_BANK1_SEC0      00090000   00001000  00000000  00001000  RWIX
  FLASH_BANK1_SEC1      00091000   00001000  00000000  00001000  RWIX
  FLASH_BANK1_SEC2      00092000   00001000  00000000  00001000  RWIX
  FLASH_BANK1_SEC3      00093000   00001000  00000000  00001000  RWIX
  FLASH_BANK1_SEC4      00094000   00001000  00000000  00001000  RWIX
  FLASH_BANK1_SEC5      00095000   00001000  00000000  00001000  RWIX
  FLASH_BANK1_SEC6      00096000   00001000  00000000  00001000  RWIX
  FLASH_BANK1_SEC7      00097000   00001000  00000000  00001000  RWIX
  FLASH_BANK1_SEC8      00098000   00001000  00000000  00001000  RWIX
  FLASH_BANK1_SEC9      00099000   00001000  00000000  00001000  RWIX
  FLASH_BANK1_SEC10     0009a000   00001000  00000000  00001000  RWIX
  FLASH_BANK1_SEC11     0009b000   00001000  00000000  00001000  RWIX
  FLASH_BANK1_SEC12     0009c000   00001000  00000000  00001000  RWIX
  FLASH_BANK1_SEC13     0009d000   00001000  00000000  00001000  RWIX
  FLASH_BANK1_SEC14     0009e000   00001000  00000000  00001000  RWIX
  FLASH_BANK1_SEC15     0009f000   00000ff0  00000000  00000ff0  RWIX
  RESET                 003fffc0   00000002  00000000  00000002  RWIX

PAGE 1:
  BOOT_RSVD             00000002   000000f1  00000000  000000f1  RWIX
  RAMM1                 00000400   000003f8  000003f8  00000000  RWIX
  RAMLS5                0000a800   00000800  00000061  0000079f  RWIX
  RAMLS6                0000b000   00000800  00000000  00000800  RWIX
  RAMLS7                0000b800   00000800  00000000  00000800  RWIX
  RAMGS0                0000c000   00002000  00000000  00002000  RWIX
  RAMGS1                0000e000   00002000  00000000  00002000  RWIX
  RAMGS2                00010000   00002000  00000000  00002000  RWIX
  RAMGS3                00012000   00001ff8  00000000  00001ff8  RWIX


SECTION ALLOCATION MAP

 output                                  attributes/
section   page    origin      length       input sections
--------  ----  ----------  ----------   ----------------
codestart 
*          0    00080000    00000002     
                  00080000    00000002     f28004x_codestartbranch.obj (codestart)

.cinit     0    0008112c    00000020     
                  0008112c    0000000d     (.cinit..data.load) [load image, compression = lzss]
                  00081139    00000001     --HOLE-- [fill = 0]
                  0008113a    00000006     (__TI_handler_table)
                  00081140    00000004     (.cinit..bss.load) [load image, compression = zero_init]
                  00081144    00000008     (__TI_cinit_table)

.reset     0    003fffc0    00000000     DSECT

.stack     1    00000400    000003f8     UNINITIALIZED
                  00000400    000003f8     --HOLE--

.init_array 
*          0    00081000    00000000     UNINITIALIZED

.bss       1    0000a800    00000042     UNINITIALIZED
                  0000a800    00000042     spll_sample_study.obj (.bss)

.data      1    0000a842    0000001f     UNINITIALIZED
                  0000a842    00000014     spll_sample_study.obj (.data)
                  0000a856    00000006     rts2800_fpu32_eabi.lib : exit.c.obj (.data)
                  0000a85c    00000002                            : _lock.c.obj (.data:_lock)
                  0000a85e    00000002                            : _lock.c.obj (.data:_unlock)
                  0000a860    00000001                            : errno.c.obj (.data)

.const     0    00084000    00000574     
                  00084000    00000101     rts2800_fpu32_eabi.lib : ctype.c.obj (.const:.string:_ctypes_)
                  00084101    00000001     --HOLE-- [fill = 0]
                  00084102    000000fe     spll_sample_study.obj (.const:.string)
                  00084200    0000009b     driverlib_eabi.lib : flash.obj (.const:.string)
                  0008429b    00000001     --HOLE-- [fill = 0]
                  0008429c    0000009a                        : sysctl.obj (.const:.string)
                  00084336    00000098                        : gpio.obj (.const:.string)
                  000843ce    00000097                        : sci.obj (.const:.string)
                  00084465    00000001     --HOLE-- [fill = 0]
                  00084466    00000055     device.obj (.const:.string)
                  000844bb    00000001     --HOLE-- [fill = 0]
                  000844bc    0000004b     driverlib_eabi.lib : adc.obj (.const:.string)
                  00084507    00000001     --HOLE-- [fill = 0]
                  00084508    00000026     rts2800_fpu32_eabi.lib : _printfi.c.obj (.const:.string)
                  0008452e    0000001c                            : _printfi.c.obj (.const)
                  0008454a    0000001c                            : s_scalbn.c.obj (.const)
                  00084566    00000008                            : s_frexp.c.obj (.const)
                  0008456e    00000006     spll_sample_study.obj (.const)

.TI.ramfunc 
*          0    00081000    00000129     RUN ADDR = 00008000
                  00081000    00000044     driverlib_eabi.lib : flash.obj (.TI.ramfunc:Flash_initModule)
                  00081044    0000002c                        : flash.obj (.TI.ramfunc:Flash_setBankPowerMode)
                  00081070    00000024                        : flash.obj (.TI.ramfunc:Flash_setWaitstates)
                  00081094    0000001d                        : flash.obj (.TI.ramfunc:Flash_setPumpPowerMode)
                  000810b1    00000018                        : flash.obj (.TI.ramfunc:Flash_disableCache)
                  000810c9    00000018                        : flash.obj (.TI.ramfunc:Flash_disablePrefetch)
                  000810e1    00000017                        : flash.obj (.TI.ramfunc:Flash_enableCache)
                  000810f8    00000017                        : flash.obj (.TI.ramfunc:Flash_enablePrefetch)
                  0008110f    00000016                        : flash.obj (.TI.ramfunc:Flash_enableECC)
                  00081125    00000004                        : sysctl.obj (.TI.ramfunc)

.text.1    0    00082000    00001000     
                  00082000    000006c2     rts2800_fpu32_eabi.lib : _printfi.c.obj (.text)
                  000826c2    00000614                            : _printfi.c.obj (.text:__TI_printfi)
                  00082cd6    0000016a     spll_sample_study.obj (.text:SPLL_1PH_SOGI_run)
                  00082e40    00000107     rts2800_fpu32_eabi.lib : ll_div28.asm.obj (.text)
                  00082f47    000000b6     spll_sample_study.obj (.text:SPLL_1PH_SOGI_coeff_calc)
                  00082ffd    00000002     rts2800_fpu32_eabi.lib : pre_init.c.obj (.text)
                  00082fff    00000001     c2000ware_libraries.obj (.text:C2000Ware_libraries_init)

.text.2    0    00083000    00001000     
                  00083000    000000e4     spll_sample_study.obj (.text:adcA1_ISR)
                  000830e4    000000e0     device.obj (.text:Device_enableAllPeripherals)
                  000831c4    000000c8     driverlib_eabi.lib : sysctl.obj (.text:SysCtl_setClock)
                  0008328c    000000c4     spll_sample_study.obj (.text:main)
                  00083350    000000bd     driverlib_eabi.lib : sysctl.obj (.text:SysCtl_isPLLValid)
                  0008340d    000000a9     rts2800_fpu32_eabi.lib : s_scalbn.c.obj (.text)
                  000834b6    0000009c                            : fd_add28.asm.obj (.text)
                  00083552    00000098     spll_sample_study.obj (.text:initEPWM_HFL)
                  000835ea    0000008b     rts2800_fpu32_eabi.lib : fd_div28.asm.obj (.text)
                  00083675    00000083                            : fd_mpy28.asm.obj (.text)
                  000836f8    00000075     spll_sample_study.obj (.text:EPWM_setADCTriggerSource)
                  0008376d    00000073     driverlib_eabi.lib : sysctl.obj (.text:DCC_setCounterSeeds)
                  000837e0    00000066     spll_sample_study.obj (.text:initEPWM_LFL)
                  00083846    00000062     device.obj (.text:Device_init)
                  000838a8    0000005e     driverlib_eabi.lib : sysctl.obj (.text:SysCtl_getClock)
                  00083906    0000005b     spll_sample_study.obj (.text:SPLL_1PH_SOGI_reset)
                  00083961    0000005a     rts2800_fpu32_eabi.lib : s_frexp.c.obj (.text)
                  000839bb    00000052     driverlib_eabi.lib : gpio.obj (.text:GPIO_setPadConfig)
                  00083a0d    00000051     spll_sample_study.obj (.text:initSCIA)
                  00083a5e    0000004d     driverlib_eabi.lib : sysctl.obj (.text:SysCtl_selectOscSource)
                  00083aab    0000004c                        : adc.obj (.text:ADC_setVREF)
                  00083af7    0000004c     spll_sample_study.obj (.text:initADC)
                  00083b43    00000046     spll_sample_study.obj (.text:ADC_setupSOC)
                  00083b89    00000040     spll_sample_study.obj (.text:EPWM_setActionQualifierAction)
                  00083bc9    00000040     driverlib_eabi.lib : sysctl.obj (.text:SysCtl_pollX1Counter)
                  00083c09    00000040                        : sysctl.obj (.text:SysCtl_selectXTAL)
                  00083c49    0000003e     spll_sample_study.obj (.text:EPWM_setCounterCompareShadowLoadMode)
                  00083c87    0000003e     driverlib_eabi.lib : sci.obj (.text:SCI_setConfig)
                  00083cc5    0000003d                        : interrupt.obj (.text:Interrupt_initModule)
                  00083d02    0000003a     spll_sample_study.obj (.text:EPWM_setADCTriggerEventPrescale)
                  00083d3c    0000003a     driverlib_eabi.lib : gpio.obj (.text:GPIO_setAnalogMode)
                  00083d76    00000037     spll_sample_study.obj (.text:EPWM_setFallingEdgeDeadBandDelayInput)
                  00083dad    00000037     driverlib_eabi.lib : gpio.obj (.text:GPIO_setPinConfig)
                  00083de4    00000037                        : gpio.obj (.text:GPIO_setQualificationMode)
                  00083e1b    00000037                        : interrupt.obj (.text:Interrupt_enable)
                  00083e52    00000032     rts2800_fpu32_eabi.lib : sprintf.c.obj (.text)
                  00083e84    00000031     driverlib_eabi.lib : gpio.obj (.text:GPIO_setDirectionMode)
                  00083eb5    00000031     rts2800_fpu32_eabi.lib : atoi.c.obj (.text)
                  00083ee6    00000030                            : _ltoa.c.obj (.text)
                  00083f16    0000002f     spll_sample_study.obj (.text:ADC_setInterruptSource)
                  00083f45    0000002e     rts2800_fpu32_eabi.lib : copy_decompress_lzss.c.obj (.text:decompress:lzss)
                  00083f73    0000002c     spll_sample_study.obj (.text:EPWM_setActionQualifierContSWForceAction)
                  00083f9f    0000002c     spll_sample_study.obj (.text:EPWM_setDeadBandDelayMode)
                  00083fcb    0000002b     spll_sample_study.obj (.text:EPWM_isBaseValid)
                  00083ff6    0000000a     driverlib_eabi.lib : interrupt.obj (.text:Interrupt_illegalOperationHandler)

.text.3    0    00085000    000008cf     
                  00085000    0000002b     rts2800_fpu32_eabi.lib : autoinit.c.obj (.text:__TI_auto_init_nobinit_nopinit)
                  0008502b    0000002a     spll_sample_study.obj (.text:SPLL_1PH_SOGI_config)
                  00085055    0000002a     rts2800_fpu32_eabi.lib : fd_cmp28.asm.obj (.text)
                  0008507f    0000002a                            : l_div28.asm.obj (.text)
                  000850a9    00000029                            : exit.c.obj (.text)
                  000850d2    00000028     driverlib_eabi.lib : adc.obj (.text:ADC_setOffsetTrimAll)
                  000850fa    00000027     spll_sample_study.obj (.text:EPWM_setRisingEdgeDeadBandDelayInput)
                  00085121    00000025     driverlib_eabi.lib : sysctl.obj (.text:SysCtl_selectXTALSingleEnded)
                  00085146    00000024                        : sysctl.obj (.text:DCC_enableSingleShotMode)
                  0008516a    00000024     spll_sample_study.obj (.text:EPWM_setDeadBandDelayPolarity)
                  0008518e    00000024     rts2800_fpu32_eabi.lib : s_copysign.c.obj (.text)
                  000851b2    00000022     spll_sample_study.obj (.text:EPWM_setCounterCompareValue)
                  000851d4    00000022     spll_sample_study.obj (.text:EPWM_setTripZoneAction)
                  000851f6    00000021     rts2800_fpu32_eabi.lib : fd_toi28.asm.obj (.text)
                  00085217    00000020     spll_sample_study.obj (.text:ADC_enableInterrupt)
                  00085237    0000001f     spll_sample_study.obj (.text:EPWM_clearTripZoneFlag)
                  00085256    0000001f     spll_sample_study.obj (.text:EPWM_forceTripZoneEvent)
                  00085275    0000001f     rts2800_fpu32_eabi.lib : fd_tol28.asm.obj (.text)
                  00085294    0000001e     driverlib_eabi.lib : sysctl.obj (.text:DCC_setCounter1ClkSource)
                  000852b2    0000001e     spll_sample_study.obj (.text:EPWM_setPhaseShift)
                  000852d0    0000001e     driverlib_eabi.lib : interrupt.obj (.text:Interrupt_initVectorTable)
                  000852ee    0000001e     rts2800_fpu32_eabi.lib : ll_cmp28.asm.obj (.text)
                  0008530c    0000001d     spll_sample_study.obj (.text:EPWM_setFallingEdgeDelayCount)
                  00085329    0000001d     spll_sample_study.obj (.text:EPWM_setRisingEdgeDelayCount)
                  00085346    0000001d     spll_sample_study.obj (.text:SCI_enableFIFO)
                  00085363    0000001d     rts2800_fpu32_eabi.lib : i_tofd28.asm.obj (.text)
                  00085380    0000001d                            : memcpy.c.obj (.text)
                  0008539d    0000001c     driverlib_eabi.lib : sysctl.obj (.text:DCC_setCounter0ClkSource)
                  000853b9    0000001c     spll_sample_study.obj (.text:EPWM_enableADCTrigger)
                  000853d5    0000001c     spll_sample_study.obj (.text:EPWM_setClockPrescaler)
                  000853f1    0000001c     rts2800_fpu32_eabi.lib : l_tofd28.asm.obj (.text)
                  0008540d    0000001a     spll_sample_study.obj (.text:ADC_readResult)
                  00085427    0000001a     driverlib_eabi.lib : sysctl.obj (.text:SysCtl_getLowSpeedClock)
                  00085441    00000019     spll_sample_study.obj (.text:SCI_writeCharBlockingFIFO)
                  0008545a    00000018     driverlib_eabi.lib : sci.obj (.text:SCI_disableModule)
                  00085472    00000018     spll_sample_study.obj (.text:SCI_resetChannels)
                  0008548a    00000018     spll_sample_study.obj (.text:SCI_resetRxFIFO)
                  000854a2    00000018     spll_sample_study.obj (.text:SCI_resetTxFIFO)
                  000854ba    00000018     spll_sample_study.obj (.text:SysCtl_disablePeripheral)
                  000854d2    00000018     rts2800_fpu32_eabi.lib : ll_aox28.asm.obj (.text)
                  000854ea    00000017     spll_sample_study.obj (.text:ADC_forceSOC)
                  00085501    00000017     driverlib_eabi.lib : adc.obj (.text:ADC_isBaseValid)
                  00085518    00000017     spll_sample_study.obj (.text:ADC_isBaseValid)
                  0008552f    00000017     device.obj (.text:SysCtl_enablePeripheral)
                  00085546    00000017     driverlib_eabi.lib : sysctl.obj (.text:SysCtl_enablePeripheral)
                  0008555d    00000017     spll_sample_study.obj (.text:SysCtl_enablePeripheral)
                  00085574    00000017     rts2800_fpu32_eabi.lib : boot28.asm.obj (.text)
                  0008558b    00000016     spll_sample_study.obj (.text:ADC_setPrescaler)
                  000855a1    00000016     driverlib_eabi.lib : sysctl.obj (.text:DCC_disableDoneSignal)
                  000855b7    00000016                        : sysctl.obj (.text:DCC_enableDoneSignal)
                  000855cd    00000016                        : interrupt.obj (.text:Interrupt_defaultHandler)
                  000855e3    00000015                        : sysctl.obj (.text:DCC_clearDoneFlag)
                  000855f8    00000015                        : sysctl.obj (.text:DCC_clearErrorFlag)
                  0008560d    00000015                        : sysctl.obj (.text:DCC_disableErrorSignal)
                  00085622    00000015                        : sysctl.obj (.text:DCC_enableErrorSignal)
                  00085637    00000015     device.obj (.text:GPIO_unlockPortConfig)
                  0008564c    00000014     spll_sample_study.obj (.text:ADC_clearInterruptStatus)
                  00085660    00000014     driverlib_eabi.lib : sysctl.obj (.text:DCC_disableModule)
                  00085674    00000014                        : sysctl.obj (.text:DCC_enableModule)
                  00085688    00000014     spll_sample_study.obj (.text:EPWM_setTimeBaseCounterMode)
                  0008569c    00000014     spll_sample_study.obj (.text:EPWM_setTimeBasePeriod)
                  000856b0    00000014     driverlib_eabi.lib : gpio.obj (.text:GPIO_isPinValid)
                  000856c4    00000014     spll_sample_study.obj (.text:SCI_getTxFIFOStatus)
                  000856d8    00000013     spll_sample_study.obj (.text:ADC_enableConverter)
                  000856eb    00000013     driverlib_eabi.lib : sci.obj (.text:SCI_enableModule)
                  000856fe    00000013     spll_sample_study.obj (.text:SCI_enableModule)
                  00085711    00000013     spll_sample_study.obj (.text:SCI_enableRxModule)
                  00085724    00000013     spll_sample_study.obj (.text:SCI_enableTxModule)
                  00085737    00000013     driverlib_eabi.lib : sci.obj (.text:SCI_isBaseValid)
                  0008574a    00000013     spll_sample_study.obj (.text:SCI_isBaseValid)
                  0008575d    00000010     driverlib_eabi.lib : sysctl.obj (.text:DCC_isBaseValid)
                  0008576d    00000010     device.obj (.text:Device_initGPIO)
                  0008577d    00000010     driverlib_eabi.lib : flash.obj (.text:Flash_isCtrlBaseValid)
                  0008578d    00000010                        : flash.obj (.text:Flash_isECCBaseValid)
                  0008579d    00000010     rts2800_fpu32_eabi.lib : memccpy.c.obj (.text)
                  000857ad    0000000f     device.obj (.text:ASysCtl_disableDCDC)
                  000857bc    0000000f     spll_sample_study.obj (.text:Interrupt_register)
                  000857cb    0000000f     spll_sample_study.obj (.text:sendSCIText)
                  000857da    0000000e     rts2800_fpu32_eabi.lib : fd_sub28.asm.obj (.text)
                  000857e8    0000000d     driverlib_eabi.lib : interrupt.obj (.text:Interrupt_disableGlobal)
                  000857f5    0000000d                        : interrupt.obj (.text:Interrupt_enableGlobal)
                  00085802    0000000d     device.obj (.text:SysCtl_setLowSpeedClock)
                  0008580f    0000000d     rts2800_fpu32_eabi.lib : copy_zero_init.c.obj (.text:decompress:ZI:__TI_zero_init_nomemset)
                  0008581c    0000000c                            : args_main.c.obj (.text)
                  00085828    0000000c                            : strchr.c.obj (.text)
                  00085834    0000000b     device.obj (.text:SysCtl_disableWatchdog)
                  0008583f    0000000b     driverlib_eabi.lib : sysctl.obj (.text:SysCtl_isMCDClockFailureDetected)
                  0008584a    0000000b     spll_sample_study.obj (.text:__relaxed_cosf)
                  00085855    0000000b     spll_sample_study.obj (.text:__relaxed_sinf)
                  00085860    0000000b     rts2800_fpu32_eabi.lib : wcslen.c.obj (.text)
                  0008586b    0000000a     driverlib_eabi.lib : interrupt.obj (.text:Interrupt_nmiHandler)
                  00085875    00000009     spll_sample_study.obj (.text:__relaxed_sqrtf)
                  0008587e    00000009     rts2800_fpu32_eabi.lib : _lock.c.obj (.text)
                  00085887    00000009                            : fd_neg28.asm.obj (.text)
                  00085890    00000008                            : copy_decompress_none.c.obj (.text:decompress:none)
                  00085898    00000008     f28004x_codestartbranch.obj (.text)
                  000858a0    00000008     rts2800_fpu32_eabi.lib : strlen.c.obj (.text)
                  000858a8    00000007     driverlib_eabi.lib : sysctl.obj (.text:SysCtl_resetMCD)
                  000858af    00000007     device.obj (.text:__error__)
                  000858b6    00000007     rts2800_fpu32_eabi.lib : memset.c.obj (.text)
                  000858bd    00000006     spll_sample_study.obj (.text:Interrupt_clearACKGroup)
                  000858c3    00000005     board.obj (.text:Board_init)
                  000858c8    00000005     rts2800_fpu32_eabi.lib : strcpy.c.obj (.text)
                  000858cd    00000001     board.obj (.text:PinMux_init)
                  000858ce    00000001     rts2800_fpu32_eabi.lib : startup.c.obj (.text)

MODULE SUMMARY

       Module                        code    ro data   rw data
       ------                        ----    -------   -------
    .\
       spll_sample_study.obj         3006    260       86     
    +--+-----------------------------+-------+---------+---------+
       Total:                        3006    260       86     
                                                              
    .\device\
       device.obj                    428     85        0      
       f28004x_codestartbranch.obj   10      0         0      
    +--+-----------------------------+-------+---------+---------+
       Total:                        438     85        0      
                                                              
    .\syscfg\
       board.obj                     6       0         0      
       c2000ware_libraries.obj       1       0         0      
    +--+-----------------------------+-------+---------+---------+
       Total:                        7       0         0      
                                                              
    C:\ti\C2000Ware_26_00_00_00\driverlib\f28004x\driverlib\ccs\Debug\driverlib_eabi.lib
       sysctl.obj                    1193    154       0      
       flash.obj                     618     155       0      
       gpio.obj                      319     152       0      
       sci.obj                       124     151       0      
       adc.obj                       139     75        0      
       interrupt.obj                 214     0         0      
    +--+-----------------------------+-------+---------+---------+
       Total:                        2607    687       0      
                                                              
    C:\ti\ccs2041\ccs\tools\compiler\ti-cgt-c2000_22.6.3.LTS\lib\rts2800_fpu32_eabi.lib
       _printfi.c.obj                3286    66        0      
       ll_div28.asm.obj              263     0         0      
       ctype.c.obj                   0       257       0      
       s_scalbn.c.obj                169     28        0      
       fd_add28.asm.obj              156     0         0      
       fd_div28.asm.obj              139     0         0      
       fd_mpy28.asm.obj              131     0         0      
       s_frexp.c.obj                 90      8         0      
       sprintf.c.obj                 50      0         0      
       atoi.c.obj                    49      0         0      
       _ltoa.c.obj                   48      0         0      
       exit.c.obj                    41      0         6      
       copy_decompress_lzss.c.obj    46      0         0      
       autoinit.c.obj                43      0         0      
       fd_cmp28.asm.obj              42      0         0      
       l_div28.asm.obj               42      0         0      
       s_copysign.c.obj              36      0         0      
       fd_toi28.asm.obj              33      0         0      
       fd_tol28.asm.obj              31      0         0      
       ll_cmp28.asm.obj              30      0         0      
       i_tofd28.asm.obj              29      0         0      
       memcpy.c.obj                  29      0         0      
       l_tofd28.asm.obj              28      0         0      
       ll_aox28.asm.obj              24      0         0      
       boot28.asm.obj                23      0         0      
       memccpy.c.obj                 16      0         0      
       fd_sub28.asm.obj              14      0         0      
       _lock.c.obj                   9       0         4      
       copy_zero_init.c.obj          13      0         0      
       args_main.c.obj               12      0         0      
       strchr.c.obj                  12      0         0      
       wcslen.c.obj                  11      0         0      
       fd_neg28.asm.obj              9       0         0      
       copy_decompress_none.c.obj    8       0         0      
       strlen.c.obj                  8       0         0      
       memset.c.obj                  7       0         0      
       strcpy.c.obj                  5       0         0      
       pre_init.c.obj                2       0         0      
       errno.c.obj                   0       0         1      
       startup.c.obj                 1       0         0      
    +--+-----------------------------+-------+---------+---------+
       Total:                        4985    359       11     
                                                              
       Stack:                        0       0         1016   
       Linker Generated:             0       31        0      
    +--+-----------------------------+-------+---------+---------+
       Grand Total:                  11043   1422      1113   


LINKER GENERATED COPY TABLES

__TI_cinit_table @ 00081144 records: 2, size/record: 4, table size: 8
	.data: load addr=0008112c, load size=0000000d bytes, run addr=0000a842, run size=0000001f bytes, compression=lzss
	.bss: load addr=00081140, load size=00000004 bytes, run addr=0000a800, run size=00000042 bytes, compression=zero_init


LINKER GENERATED HANDLER TABLE

__TI_handler_table @ 0008113a records: 3, size/record: 2, table size: 6
	index: 0, handler: __TI_zero_init
	index: 1, handler: __TI_decompress_lzss
	index: 2, handler: __TI_decompress_none


GLOBAL DATA SYMBOLS: SORTED BY DATA PAGE

address     data page           name
--------    ----------------    ----
00000400      10 (00000400)     __stack

0000a800     2a0 (0000a800)     spll1

0000a842     2a1 (0000a840)     currentDuty
0000a843     2a1 (0000a840)     pwm_flag
0000a844     2a1 (0000a840)     sample_counter
0000a845     2a1 (0000a840)     raw_cal_dc
0000a846     2a1 (0000a840)     flatline_counter
0000a847     2a1 (0000a840)     data_ready_flag
0000a848     2a1 (0000a840)     sum_squares_ac
0000a84a     2a1 (0000a840)     final_rms
0000a84c     2a1 (0000a840)     final_dc_voltage
0000a84e     2a1 (0000a840)     temp_sum_squares
0000a850     2a1 (0000a840)     temp_sum_raw_dc
0000a852     2a1 (0000a840)     sum_raw_dc
0000a854     2a1 (0000a840)     ac_vol_normalized
0000a856     2a1 (0000a840)     __TI_enable_exit_profile_output
0000a858     2a1 (0000a840)     __TI_cleanup_ptr
0000a85a     2a1 (0000a840)     __TI_dtors_ptr
0000a85c     2a1 (0000a840)     _lock
0000a85e     2a1 (0000a840)     _unlock
0000a860     2a1 (0000a840)     errno

00084000    2100 (00084000)     _ctypes_

0008456e    2115 (00084540)     VOLTS_PER_COUNT
00084570    2115 (00084540)     ADC_SCALE_AC
00084572    2115 (00084540)     ADC_SCALE_DC


GLOBAL SYMBOLS: SORTED ALPHABETICALLY BY Name 

page  address   name                             
----  -------   ----                             
0     00084570  ADC_SCALE_AC                     
0     00084572  ADC_SCALE_DC                     
0     000850d2  ADC_setOffsetTrimAll             
0     00083aab  ADC_setVREF                      
0     000858c3  Board_init                       
0     000850a9  C$$EXIT                          
0     00082fff  C2000Ware_libraries_init         
0     000830e4  Device_enableAllPeripherals      
0     00083846  Device_init                      
0     0008576d  Device_initGPIO                  
0     00008000  Flash_initModule                 
0     00083d3c  GPIO_setAnalogMode               
0     00083e84  GPIO_setDirectionMode            
0     000839bb  GPIO_setPadConfig                
0     00083dad  GPIO_setPinConfig                
0     00083de4  GPIO_setQualificationMode        
0     000855cd  Interrupt_defaultHandler         
0     00083e1b  Interrupt_enable                 
0     00083ff6  Interrupt_illegalOperationHandler
0     00083cc5  Interrupt_initModule             
0     000852d0  Interrupt_initVectorTable        
0     0008586b  Interrupt_nmiHandler             
0     000858cd  PinMux_init                      
0     00081129  RamfuncsLoadEnd                  
abs   00000129  RamfuncsLoadSize                 
0     00081000  RamfuncsLoadStart                
0     00008129  RamfuncsRunEnd                   
abs   00000129  RamfuncsRunSize                  
0     00008000  RamfuncsRunStart                 
0     00083c87  SCI_setConfig                    
0     00008125  SysCtl_delay                     
0     000838a8  SysCtl_getClock                  
0     00085427  SysCtl_getLowSpeedClock          
0     00083350  SysCtl_isPLLValid                
0     00083a5e  SysCtl_selectOscSource           
0     00083c09  SysCtl_selectXTAL                
0     00085121  SysCtl_selectXTALSingleEnded     
0     000831c4  SysCtl_setClock                  
0     0008456e  VOLTS_PER_COUNT                  
0     00081144  __TI_CINIT_Base                  
0     0008114c  __TI_CINIT_Limit                 
0     0008114c  __TI_CINIT_Warm                  
0     0008113a  __TI_Handler_Table_Base          
0     00081140  __TI_Handler_Table_Limit         
1     000007f8  __TI_STACK_END                   
abs   000003f8  __TI_STACK_SIZE                  
0     00085000  __TI_auto_init_nobinit_nopinit   
1     0000a858  __TI_cleanup_ptr                 
0     00083f45  __TI_decompress_lzss             
0     00085890  __TI_decompress_none             
1     0000a85a  __TI_dtors_ptr                   
1     0000a856  __TI_enable_exit_profile_output  
0     00083ee6  __TI_ltoa                        
abs   ffffffff  __TI_pprof_out_hndl              
0     00082b51  __TI_printfi                     
abs   ffffffff  __TI_prof_data_size              
abs   ffffffff  __TI_prof_data_start             
0     0008580f  __TI_zero_init_nomemset          
0     000834b6  __c28xabi_addd                   
0     000854d2  __c28xabi_andll                  
0     00085055  __c28xabi_cmpd                   
0     000852ee  __c28xabi_cmpll                  
0     00085300  __c28xabi_cmpull                 
0     000835ea  __c28xabi_divd                   
0     0008507f  __c28xabi_divl                   
0     00082e40  __c28xabi_divll                  
0     0008509c  __c28xabi_divul                  
0     00082eb6  __c28xabi_divull                 
0     000851f6  __c28xabi_dtoi                   
0     00085275  __c28xabi_dtol                   
0     00085363  __c28xabi_itod                   
0     000853f1  __c28xabi_ltod                   
0     0008508e  __c28xabi_modl                   
0     00082e7c  __c28xabi_modll                  
0     000850a3  __c28xabi_modul                  
0     00082ee5  __c28xabi_modull                 
0     00083675  __c28xabi_mpyd                   
0     00085887  __c28xabi_negd                   
0     000854da  __c28xabi_orll                   
0     000857da  __c28xabi_subd                   
0     000854e2  __c28xabi_xorll                  
n/a   UNDEFED   __c_args__                       
0     000858af  __error__                        
0     0008584a  __relaxed_cosf                   
0     00085855  __relaxed_sinf                   
0     00085875  __relaxed_sqrtf                  
1     00000400  __stack                          
0     0008581c  _args_main                       
0     00085574  _c_int00                         
0     00084000  _ctypes_                         
1     0000a85c  _lock                            
0     00085886  _nop                             
0     00085882  _register_lock                   
0     0008587e  _register_unlock                 
0     000858ce  _system_post_cinit               
0     00082ffd  _system_pre_init                 
1     0000a85e  _unlock                          
0     000850a9  abort                            
1     0000a854  ac_vol_normalized                
0     00083000  adcA1_ISR                        
0     00083eb5  atoi                             
0     00080000  code_start                       
0     0008518e  copysign                         
0     0008518e  copysignl                        
1     0000a842  currentDuty                      
1     0000a847  data_ready_flag                  
1     0000a860  errno                            
0     000850ab  exit                             
1     0000a84c  final_dc_voltage                 
1     0000a84a  final_rms                        
1     0000a846  flatline_counter                 
0     00083961  frexp                            
0     00083961  frexpl                           
0     00083af7  initADC                          
0     00083552  initEPWM_HFL                     
0     000837e0  initEPWM_LFL                     
0     00083a0d  initSCIA                         
0     0008340d  ldexp                            
0     0008340d  ldexpl                           
0     0008328c  main                             
0     0008579d  memccpy                          
0     00085380  memcpy                           
0     000858b6  memset                           
1     0000a843  pwm_flag                         
1     0000a845  raw_cal_dc                       
1     0000a844  sample_counter                   
0     0008340d  scalbn                           
0     0008340d  scalbnl                          
0     000857cb  sendSCIText                      
1     0000a800  spll1                            
0     00083e52  sprintf                          
0     00085828  strchr                           
0     000858c8  strcpy                           
0     000858a0  strlen                           
1     0000a852  sum_raw_dc                       
1     0000a848  sum_squares_ac                   
1     0000a850  temp_sum_raw_dc                  
1     0000a84e  temp_sum_squares                 
0     00085860  wcslen                           


GLOBAL SYMBOLS: SORTED BY Symbol Address 

page  address   name                             
----  -------   ----                             
0     00008000  Flash_initModule                 
0     00008000  RamfuncsRunStart                 
0     00008125  SysCtl_delay                     
0     00008129  RamfuncsRunEnd                   
0     00080000  code_start                       
0     00081000  RamfuncsLoadStart                
0     00081129  RamfuncsLoadEnd                  
0     0008113a  __TI_Handler_Table_Base          
0     00081140  __TI_Handler_Table_Limit         
0     00081144  __TI_CINIT_Base                  
0     0008114c  __TI_CINIT_Limit                 
0     0008114c  __TI_CINIT_Warm                  
0     00082b51  __TI_printfi                     
0     00082e40  __c28xabi_divll                  
0     00082e7c  __c28xabi_modll                  
0     00082eb6  __c28xabi_divull                 
0     00082ee5  __c28xabi_modull                 
0     00082ffd  _system_pre_init                 
0     00082fff  C2000Ware_libraries_init         
0     00083000  adcA1_ISR                        
0     000830e4  Device_enableAllPeripherals      
0     000831c4  SysCtl_setClock                  
0     0008328c  main                             
0     00083350  SysCtl_isPLLValid                
0     0008340d  ldexp                            
0     0008340d  ldexpl                           
0     0008340d  scalbn                           
0     0008340d  scalbnl                          
0     000834b6  __c28xabi_addd                   
0     00083552  initEPWM_HFL                     
0     000835ea  __c28xabi_divd                   
0     00083675  __c28xabi_mpyd                   
0     000837e0  initEPWM_LFL                     
0     00083846  Device_init                      
0     000838a8  SysCtl_getClock                  
0     00083961  frexp                            
0     00083961  frexpl                           
0     000839bb  GPIO_setPadConfig                
0     00083a0d  initSCIA                         
0     00083a5e  SysCtl_selectOscSource           
0     00083aab  ADC_setVREF                      
0     00083af7  initADC                          
0     00083c09  SysCtl_selectXTAL                
0     00083c87  SCI_setConfig                    
0     00083cc5  Interrupt_initModule             
0     00083d3c  GPIO_setAnalogMode               
0     00083dad  GPIO_setPinConfig                
0     00083de4  GPIO_setQualificationMode        
0     00083e1b  Interrupt_enable                 
0     00083e52  sprintf                          
0     00083e84  GPIO_setDirectionMode            
0     00083eb5  atoi                             
0     00083ee6  __TI_ltoa                        
0     00083f45  __TI_decompress_lzss             
0     00083ff6  Interrupt_illegalOperationHandler
0     00084000  _ctypes_                         
0     0008456e  VOLTS_PER_COUNT                  
0     00084570  ADC_SCALE_AC                     
0     00084572  ADC_SCALE_DC                     
0     00085000  __TI_auto_init_nobinit_nopinit   
0     00085055  __c28xabi_cmpd                   
0     0008507f  __c28xabi_divl                   
0     0008508e  __c28xabi_modl                   
0     0008509c  __c28xabi_divul                  
0     000850a3  __c28xabi_modul                  
0     000850a9  C$$EXIT                          
0     000850a9  abort                            
0     000850ab  exit                             
0     000850d2  ADC_setOffsetTrimAll             
0     00085121  SysCtl_selectXTALSingleEnded     
0     0008518e  copysign                         
0     0008518e  copysignl                        
0     000851f6  __c28xabi_dtoi                   
0     00085275  __c28xabi_dtol                   
0     000852d0  Interrupt_initVectorTable        
0     000852ee  __c28xabi_cmpll                  
0     00085300  __c28xabi_cmpull                 
0     00085363  __c28xabi_itod                   
0     00085380  memcpy                           
0     000853f1  __c28xabi_ltod                   
0     00085427  SysCtl_getLowSpeedClock          
0     000854d2  __c28xabi_andll                  
0     000854da  __c28xabi_orll                   
0     000854e2  __c28xabi_xorll                  
0     00085574  _c_int00                         
0     000855cd  Interrupt_defaultHandler         
0     0008576d  Device_initGPIO                  
0     0008579d  memccpy                          
0     000857cb  sendSCIText                      
0     000857da  __c28xabi_subd                   
0     0008580f  __TI_zero_init_nomemset          
0     0008581c  _args_main                       
0     00085828  strchr                           
0     0008584a  __relaxed_cosf                   
0     00085855  __relaxed_sinf                   
0     00085860  wcslen                           
0     0008586b  Interrupt_nmiHandler             
0     00085875  __relaxed_sqrtf                  
0     0008587e  _register_unlock                 
0     00085882  _register_lock                   
0     00085886  _nop                             
0     00085887  __c28xabi_negd                   
0     00085890  __TI_decompress_none             
0     000858a0  strlen                           
0     000858af  __error__                        
0     000858b6  memset                           
0     000858c3  Board_init                       
0     000858c8  strcpy                           
0     000858cd  PinMux_init                      
0     000858ce  _system_post_cinit               
1     00000400  __stack                          
1     000007f8  __TI_STACK_END                   
1     0000a800  spll1                            
1     0000a842  currentDuty                      
1     0000a843  pwm_flag                         
1     0000a844  sample_counter                   
1     0000a845  raw_cal_dc                       
1     0000a846  flatline_counter                 
1     0000a847  data_ready_flag                  
1     0000a848  sum_squares_ac                   
1     0000a84a  final_rms                        
1     0000a84c  final_dc_voltage                 
1     0000a84e  temp_sum_squares                 
1     0000a850  temp_sum_raw_dc                  
1     0000a852  sum_raw_dc                       
1     0000a854  ac_vol_normalized                
1     0000a856  __TI_enable_exit_profile_output  
1     0000a858  __TI_cleanup_ptr                 
1     0000a85a  __TI_dtors_ptr                   
1     0000a85c  _lock                            
1     0000a85e  _unlock                          
1     0000a860  errno                            
abs   00000129  RamfuncsLoadSize                 
abs   00000129  RamfuncsRunSize                  
abs   000003f8  __TI_STACK_SIZE                  
abs   ffffffff  __TI_pprof_out_hndl              
abs   ffffffff  __TI_prof_data_size              
abs   ffffffff  __TI_prof_data_start             
n/a   UNDEFED   __c_args__                       

[139 symbols]
