******************************************************************************
             TMS320C2000 Linker PC v22.6.3                     
******************************************************************************
>> Linked Thu Jun 11 17:42:18 2026

OUTPUT FILE NAME:   <totempole_spll.out>
ENTRY POINT SYMBOL: "code_start"  address: 00080000


MEMORY CONFIGURATION

         name            origin    length      used     unused   attr    fill
----------------------  --------  ---------  --------  --------  ----  --------
PAGE 0:
  RAMM0                 000000f6   0000030a  00000000  0000030a  RWIX
  RAMLS0                00008000   00000800  00000129  000006d7  RWIX
  RAMLS1                00008800   00000800  00000000  00000800  RWIX
  RAMLS2                00009000   00000800  00000000  00000800  RWIX
  RAMLS3                00009800   00000800  00000000  00000800  RWIX
  RAMLS4                0000a000   00000800  00000000  00000800  RWIX
  BEGIN                 00080000   00000002  00000002  00000000  RWIX
  FLASH_BANK0_SEC0      00080002   00000ffe  00000000  00000ffe  RWIX
  FLASH_BANK0_SEC1      00081000   00001000  0000014d  00000eb3  RWIX
  FLASH_BANK0_SEC2      00082000   00001000  00001000  00000000  RWIX
  FLASH_BANK0_SEC3      00083000   00001000  00001000  00000000  RWIX
  FLASH_BANK0_SEC4      00084000   00001000  0000045c  00000ba4  RWIX
  FLASH_BANK0_SEC5      00085000   00001000  000002bc  00000d44  RWIX
  FLASH_BANK0_SEC6      00086000   00001000  00000000  00001000  RWIX
  FLASH_BANK0_SEC7      00087000   00001000  00000000  00001000  RWIX
  FLASH_BANK0_SEC8      00088000   00001000  00000000  00001000  RWIX
  FLASH_BANK0_SEC9      00089000   00001000  00000000  00001000  RWIX
  FLASH_BANK0_SEC10     0008a000   00001000  00000000  00001000  RWIX
  FLASH_BANK0_SEC11     0008b000   00001000  00000000  00001000  RWIX
  FLASH_BANK0_SEC12     0008c000   00001000  00000000  00001000  RWIX
  FLASH_BANK0_SEC13     0008d000   00001000  00000000  00001000  RWIX
  FLASH_BANK0_SEC14     0008e000   00001000  00000000  00001000  RWIX
  FLASH_BANK0_SEC15     0008f000   00001000  00000000  00001000  RWIX
  FLASH_BANK1_SEC0      00090000   00001000  00000000  00001000  RWIX
  FLASH_BANK1_SEC1      00091000   00001000  00000000  00001000  RWIX
  FLASH_BANK1_SEC2      00092000   00001000  00000000  00001000  RWIX
  FLASH_BANK1_SEC3      00093000   00001000  00000000  00001000  RWIX
  FLASH_BANK1_SEC4      00094000   00001000  00000000  00001000  RWIX
  FLASH_BANK1_SEC5      00095000   00001000  00000000  00001000  RWIX
  FLASH_BANK1_SEC6      00096000   00001000  00000000  00001000  RWIX
  FLASH_BANK1_SEC7      00097000   00001000  00000000  00001000  RWIX
  FLASH_BANK1_SEC8      00098000   00001000  00000000  00001000  RWIX
  FLASH_BANK1_SEC9      00099000   00001000  00000000  00001000  RWIX
  FLASH_BANK1_SEC10     0009a000   00001000  00000000  00001000  RWIX
  FLASH_BANK1_SEC11     0009b000   00001000  00000000  00001000  RWIX
  FLASH_BANK1_SEC12     0009c000   00001000  00000000  00001000  RWIX
  FLASH_BANK1_SEC13     0009d000   00001000  00000000  00001000  RWIX
  FLASH_BANK1_SEC14     0009e000   00001000  00000000  00001000  RWIX
  FLASH_BANK1_SEC15     0009f000   00000ff0  00000000  00000ff0  RWIX
  RESET                 003fffc0   00000002  00000000  00000002  RWIX

PAGE 1:
  BOOT_RSVD             00000002   000000f1  00000000  000000f1  RWIX
  RAMM1                 00000400   000003f8  000003f8  00000000  RWIX
  RAMLS5                0000a800   00000800  00000075  0000078b  RWIX
  RAMLS6                0000b000   00000800  00000000  00000800  RWIX
  RAMLS7                0000b800   00000800  00000000  00000800  RWIX
  RAMGS0                0000c000   00002000  00000000  00002000  RWIX
  RAMGS1                0000e000   00002000  00000000  00002000  RWIX
  RAMGS2                00010000   00002000  00000000  00002000  RWIX
  RAMGS3                00012000   00001ff8  00000000  00001ff8  RWIX


SECTION ALLOCATION MAP

 output                                  attributes/
section   page    origin      length       input sections
--------  ----  ----------  ----------   ----------------
codestart 
*          0    00080000    00000002     
                  00080000    00000002     f28004x_codestartbranch.obj (codestart)

.cinit     0    0008112c    00000024     
                  0008112c    00000012     (.cinit..data.load) [load image, compression = lzss]
                  0008113e    00000006     (__TI_handler_table)
                  00081144    00000004     (.cinit..bss.load) [load image, compression = zero_init]
                  00081148    00000008     (__TI_cinit_table)

.reset     0    003fffc0    00000000     DSECT

.stack     1    00000400    000003f8     UNINITIALIZED
                  00000400    000003f8     --HOLE--

.init_array 
*          0    00081000    00000000     UNINITIALIZED

.bss       1    0000a800    00000042     UNINITIALIZED
                  0000a800    00000042     spll_sample_study.obj (.bss)

.data      1    0000a842    00000033     UNINITIALIZED
                  0000a842    00000028     spll_sample_study.obj (.data)
                  0000a86a    00000006     rts2800_fpu32_eabi.lib : exit.c.obj (.data)
                  0000a870    00000002                            : _lock.c.obj (.data:_lock)
                  0000a872    00000002                            : _lock.c.obj (.data:_unlock)
                  0000a874    00000001                            : errno.c.obj (.data)

.const     0    00084000    0000045c     
                  00084000    00000101     rts2800_fpu32_eabi.lib : ctype.c.obj (.const:.string:_ctypes_)
                  00084101    00000001     --HOLE-- [fill = 0]
                  00084102    0000009b     driverlib_eabi.lib : flash.obj (.const:.string)
                  0008419d    00000001     --HOLE-- [fill = 0]
                  0008419e    0000009a                        : sysctl.obj (.const:.string)
                  00084238    00000098                        : gpio.obj (.const:.string)
                  000842d0    00000097                        : sci.obj (.const:.string)
                  00084367    00000001     --HOLE-- [fill = 0]
                  00084368    0000004b                        : adc.obj (.const:.string)
                  000843b3    00000001     --HOLE-- [fill = 0]
                  000843b4    0000003f     spll_sample_study.obj (.const:.string)
                  000843f3    00000001     --HOLE-- [fill = 0]
                  000843f4    00000026     rts2800_fpu32_eabi.lib : _printfi.c.obj (.const:.string)
                  0008441a    0000001c                            : _printfi.c.obj (.const)
                  00084436    00000008                            : s_frexp.c.obj (.const)
                  0008443e    00000002     --HOLE-- [fill = 0]
                  00084440    0000001c                            : s_scalbn.c.obj (.const)

.TI.ramfunc 
*          0    00081000    00000129     RUN ADDR = 00008000
                  00081000    00000044     driverlib_eabi.lib : flash.obj (.TI.ramfunc:Flash_initModule)
                  00081044    0000002c                        : flash.obj (.TI.ramfunc:Flash_setBankPowerMode)
                  00081070    00000024                        : flash.obj (.TI.ramfunc:Flash_setWaitstates)
                  00081094    0000001d                        : flash.obj (.TI.ramfunc:Flash_setPumpPowerMode)
                  000810b1    00000018                        : flash.obj (.TI.ramfunc:Flash_disableCache)
                  000810c9    00000018                        : flash.obj (.TI.ramfunc:Flash_disablePrefetch)
                  000810e1    00000017                        : flash.obj (.TI.ramfunc:Flash_enableCache)
                  000810f8    00000017                        : flash.obj (.TI.ramfunc:Flash_enablePrefetch)
                  0008110f    00000016                        : flash.obj (.TI.ramfunc:Flash_enableECC)
                  00081125    00000004                        : sysctl.obj (.TI.ramfunc)

.text.1    0    00082000    00001000     
                  00082000    000006c2     rts2800_fpu32_eabi.lib : _printfi.c.obj (.text)
                  000826c2    00000614                            : _printfi.c.obj (.text:__TI_printfi)
                  00082cd6    0000022b     spll_sample_study.obj (.text:fastCurrentLoop_ISR)
                  00082f01    000000d7     device.obj (.text:Device_enableAllPeripherals)
                  00082fd8    00000028     driverlib_eabi.lib : adc.obj (.text:ADC_setOffsetTrimAll)

.text.2    0    00083000    00001000     
                  00083000    0000013c     spll_sample_study.obj (.text:main)
                  0008313c    00000107     rts2800_fpu32_eabi.lib : ll_div28.asm.obj (.text)
                  00083243    000000c8     driverlib_eabi.lib : sysctl.obj (.text:SysCtl_setClock)
                  0008330b    000000c5     spll_sample_study.obj (.text:initEPWM_HFL)
                  000833d0    000000bd     driverlib_eabi.lib : sysctl.obj (.text:SysCtl_isPLLValid)
                  0008348d    000000a9     rts2800_fpu32_eabi.lib : s_scalbn.c.obj (.text)
                  00083536    0000009c                            : fd_add28.asm.obj (.text)
                  000835d2    0000008b                            : fd_div28.asm.obj (.text)
                  0008365d    00000083                            : fd_mpy28.asm.obj (.text)
                  000836e0    0000007a     spll_sample_study.obj (.text:initSCIA)
                  0008375a    00000076     device.obj (.text:Device_init)
                  000837d0    00000073     driverlib_eabi.lib : sysctl.obj (.text:DCC_setCounterSeeds)
                  00083843    0000006a     spll_sample_study.obj (.text:initEPWM_LFL)
                  000838ad    0000005e     driverlib_eabi.lib : sysctl.obj (.text:SysCtl_getClock)
                  0008390b    0000005a     rts2800_fpu32_eabi.lib : s_frexp.c.obj (.text)
                  00083965    00000052     driverlib_eabi.lib : gpio.obj (.text:GPIO_setPadConfig)
                  000839b7    0000004d                        : sysctl.obj (.text:SysCtl_selectOscSource)
                  00083a04    0000004c                        : adc.obj (.text:ADC_setVREF)
                  00083a50    0000004b     spll_sample_study.obj (.text:initADCC)
                  00083a9b    00000040     driverlib_eabi.lib : sysctl.obj (.text:SysCtl_pollX1Counter)
                  00083adb    00000040                        : sysctl.obj (.text:SysCtl_selectXTAL)
                  00083b1b    0000003e                        : sci.obj (.text:SCI_setConfig)
                  00083b59    0000003d                        : interrupt.obj (.text:Interrupt_initModule)
                  00083b96    0000003c     spll_sample_study.obj (.text:initADCA)
                  00083bd2    0000003a     driverlib_eabi.lib : gpio.obj (.text:GPIO_setAnalogMode)
                  00083c0c    00000037                        : gpio.obj (.text:GPIO_setPinConfig)
                  00083c43    00000037                        : gpio.obj (.text:GPIO_setQualificationMode)
                  00083c7a    00000037                        : interrupt.obj (.text:Interrupt_enable)
                  00083cb1    00000032     rts2800_fpu32_eabi.lib : sprintf.c.obj (.text)
                  00083ce3    00000031     driverlib_eabi.lib : gpio.obj (.text:GPIO_setDirectionMode)
                  00083d14    00000031     rts2800_fpu32_eabi.lib : atoi.c.obj (.text)
                  00083d45    00000030                            : _ltoa.c.obj (.text)
                  00083d75    0000002e                            : copy_decompress_lzss.c.obj (.text:decompress:lzss)
                  00083da3    0000002d     spll_sample_study.obj (.text:slowVoltageLoop_ISR)
                  00083dd0    0000002b     rts2800_fpu32_eabi.lib : autoinit.c.obj (.text:__TI_auto_init_nobinit_nopinit)
                  00083dfb    0000002a                            : fd_cmp28.asm.obj (.text)
                  00083e25    0000002a                            : l_div28.asm.obj (.text)
                  00083e4f    00000029     spll_sample_study.obj (.text:initADCB)
                  00083e78    00000029     rts2800_fpu32_eabi.lib : exit.c.obj (.text)
                  00083ea1    00000025     driverlib_eabi.lib : sysctl.obj (.text:SysCtl_selectXTALSingleEnded)
                  00083ec6    00000024                        : sysctl.obj (.text:DCC_enableSingleShotMode)
                  00083eea    00000024     rts2800_fpu32_eabi.lib : s_copysign.c.obj (.text)
                  00083f0e    00000021                            : fd_toi28.asm.obj (.text)
                  00083f2f    0000001f                            : fd_tol28.asm.obj (.text)
                  00083f4e    0000001e     driverlib_eabi.lib : sysctl.obj (.text:DCC_setCounter1ClkSource)
                  00083f6c    0000001e                        : interrupt.obj (.text:Interrupt_initVectorTable)
                  00083f8a    0000001e     rts2800_fpu32_eabi.lib : ll_cmp28.asm.obj (.text)
                  00083fa8    0000001d                            : i_tofd28.asm.obj (.text)
                  00083fc5    0000001d                            : memcpy.c.obj (.text)
                  00083fe2    0000001c     driverlib_eabi.lib : sysctl.obj (.text:DCC_setCounter0ClkSource)
                  00083ffe    00000002     board.obj (.text:Board_init)

.text.3    0    00085000    000002bc     
                  00085000    0000001c     rts2800_fpu32_eabi.lib : l_tofd28.asm.obj (.text)
                  0008501c    0000001a     driverlib_eabi.lib : sysctl.obj (.text:SysCtl_getLowSpeedClock)
                  00085036    00000018                        : sci.obj (.text:SCI_disableModule)
                  0008504e    00000018     rts2800_fpu32_eabi.lib : ll_aox28.asm.obj (.text)
                  00085066    00000017     driverlib_eabi.lib : adc.obj (.text:ADC_isBaseValid)
                  0008507d    00000017                        : sysctl.obj (.text:SysCtl_enablePeripheral)
                  00085094    00000017     rts2800_fpu32_eabi.lib : boot28.asm.obj (.text)
                  000850ab    00000016     driverlib_eabi.lib : sysctl.obj (.text:DCC_disableDoneSignal)
                  000850c1    00000016                        : sysctl.obj (.text:DCC_enableDoneSignal)
                  000850d7    00000016                        : interrupt.obj (.text:Interrupt_defaultHandler)
                  000850ed    00000015                        : sysctl.obj (.text:DCC_clearDoneFlag)
                  00085102    00000015                        : sysctl.obj (.text:DCC_clearErrorFlag)
                  00085117    00000015                        : sysctl.obj (.text:DCC_disableErrorSignal)
                  0008512c    00000015                        : sysctl.obj (.text:DCC_enableErrorSignal)
                  00085141    00000014                        : sysctl.obj (.text:DCC_disableModule)
                  00085155    00000014                        : sysctl.obj (.text:DCC_enableModule)
                  00085169    00000014                        : gpio.obj (.text:GPIO_isPinValid)
                  0008517d    00000013                        : sci.obj (.text:SCI_enableModule)
                  00085190    00000013                        : sci.obj (.text:SCI_isBaseValid)
                  000851a3    00000010                        : sysctl.obj (.text:DCC_isBaseValid)
                  000851b3    00000010     device.obj (.text:Device_initGPIO)
                  000851c3    00000010     driverlib_eabi.lib : flash.obj (.text:Flash_isCtrlBaseValid)
                  000851d3    00000010                        : flash.obj (.text:Flash_isECCBaseValid)
                  000851e3    00000010     rts2800_fpu32_eabi.lib : memccpy.c.obj (.text)
                  000851f3    0000000e                            : fd_sub28.asm.obj (.text)
                  00085201    0000000e     spll_sample_study.obj (.text:sendSCIText)
                  0008520f    0000000d     driverlib_eabi.lib : interrupt.obj (.text:Interrupt_disableGlobal)
                  0008521c    0000000d                        : interrupt.obj (.text:Interrupt_enableGlobal)
                  00085229    0000000d     rts2800_fpu32_eabi.lib : copy_zero_init.c.obj (.text:decompress:ZI:__TI_zero_init_nomemset)
                  00085236    0000000c                            : args_main.c.obj (.text)
                  00085242    0000000c                            : strchr.c.obj (.text)
                  0008524e    0000000b     driverlib_eabi.lib : sysctl.obj (.text:SysCtl_isMCDClockFailureDetected)
                  00085259    0000000b     rts2800_fpu32_eabi.lib : wcslen.c.obj (.text)
                  00085264    0000000a     driverlib_eabi.lib : interrupt.obj (.text:Interrupt_illegalOperationHandler)
                  0008526e    0000000a                        : interrupt.obj (.text:Interrupt_nmiHandler)
                  00085278    00000009     rts2800_fpu32_eabi.lib : _lock.c.obj (.text)
                  00085281    00000009                            : fd_neg28.asm.obj (.text)
                  0008528a    00000008                            : copy_decompress_none.c.obj (.text:decompress:none)
                  00085292    00000008     f28004x_codestartbranch.obj (.text)
                  0008529a    00000008     rts2800_fpu32_eabi.lib : strlen.c.obj (.text)
                  000852a2    00000007     driverlib_eabi.lib : sysctl.obj (.text:SysCtl_resetMCD)
                  000852a9    00000007     rts2800_fpu32_eabi.lib : memset.c.obj (.text)
                  000852b0    00000005                            : strcpy.c.obj (.text)
                  000852b5    00000003     device.obj (.text:__error__)
                  000852b8    00000002     rts2800_fpu32_eabi.lib : pre_init.c.obj (.text)
                  000852ba    00000001     c2000ware_libraries.obj (.text:C2000Ware_libraries_init)
                  000852bb    00000001     rts2800_fpu32_eabi.lib : startup.c.obj (.text)

MODULE SUMMARY

       Module                        code   ro data   rw data
       ------                        ----   -------   -------
    .\
       spll_sample_study.obj         1531   63        106    
    +--+-----------------------------+------+---------+---------+
       Total:                        1531   63        106    
                                                             
    .\device\
       device.obj                    352    0         0      
       f28004x_codestartbranch.obj   10     0         0      
    +--+-----------------------------+------+---------+---------+
       Total:                        362    0         0      
                                                             
    .\syscfg\
       board.obj                     2      0         0      
       c2000ware_libraries.obj       1      0         0      
    +--+-----------------------------+------+---------+---------+
       Total:                        3      0         0      
                                                             
    C:\ti\C2000Ware_26_00_00_00\driverlib\f28004x\driverlib\ccs\Debug\driverlib_eabi.lib
       sysctl.obj                    1193   154       0      
       flash.obj                     618    155       0      
       gpio.obj                      319    152       0      
       sci.obj                       124    151       0      
       adc.obj                       139    75        0      
       interrupt.obj                 214    0         0      
    +--+-----------------------------+------+---------+---------+
       Total:                        2607   687       0      
                                                             
    C:\ti\ccs2041\ccs\tools\compiler\ti-cgt-c2000_22.6.3.LTS\lib\rts2800_fpu32_eabi.lib
       _printfi.c.obj                3286   66        0      
       ll_div28.asm.obj              263    0         0      
       ctype.c.obj                   0      257       0      
       s_scalbn.c.obj                169    28        0      
       fd_add28.asm.obj              156    0         0      
       fd_div28.asm.obj              139    0         0      
       fd_mpy28.asm.obj              131    0         0      
       s_frexp.c.obj                 90     8         0      
       sprintf.c.obj                 50     0         0      
       atoi.c.obj                    49     0         0      
       _ltoa.c.obj                   48     0         0      
       exit.c.obj                    41     0         6      
       copy_decompress_lzss.c.obj    46     0         0      
       autoinit.c.obj                43     0         0      
       fd_cmp28.asm.obj              42     0         0      
       l_div28.asm.obj               42     0         0      
       s_copysign.c.obj              36     0         0      
       fd_toi28.asm.obj              33     0         0      
       fd_tol28.asm.obj              31     0         0      
       ll_cmp28.asm.obj              30     0         0      
       i_tofd28.asm.obj              29     0         0      
       memcpy.c.obj                  29     0         0      
       l_tofd28.asm.obj              28     0         0      
       ll_aox28.asm.obj              24     0         0      
       boot28.asm.obj                23     0         0      
       memccpy.c.obj                 16     0         0      
       fd_sub28.asm.obj              14     0         0      
       _lock.c.obj                   9      0         4      
       copy_zero_init.c.obj          13     0         0      
       args_main.c.obj               12     0         0      
       strchr.c.obj                  12     0         0      
       wcslen.c.obj                  11     0         0      
       fd_neg28.asm.obj              9      0         0      
       copy_decompress_none.c.obj    8      0         0      
       strlen.c.obj                  8      0         0      
       memset.c.obj                  7      0         0      
       strcpy.c.obj                  5      0         0      
       pre_init.c.obj                2      0         0      
       errno.c.obj                   0      0         1      
       startup.c.obj                 1      0         0      
    +--+-----------------------------+------+---------+---------+
       Total:                        4985   359       11     
                                                             
       Stack:                        0      0         1016   
       Linker Generated:             0      36        0      
    +--+-----------------------------+------+---------+---------+
       Grand Total:                  9488   1145      1133   


LINKER GENERATED COPY TABLES

__TI_cinit_table @ 00081148 records: 2, size/record: 4, table size: 8
	.data: load addr=0008112c, load size=00000012 bytes, run addr=0000a842, run size=00000033 bytes, compression=lzss
	.bss: load addr=00081144, load size=00000004 bytes, run addr=0000a800, run size=00000042 bytes, compression=zero_init


LINKER GENERATED HANDLER TABLE

__TI_handler_table @ 0008113e records: 3, size/record: 2, table size: 6
	index: 0, handler: __TI_zero_init
	index: 1, handler: __TI_decompress_lzss
	index: 2, handler: __TI_decompress_none


GLOBAL DATA SYMBOLS: SORTED BY DATA PAGE

address     data page           name
--------    ----------------    ----
00000400      10 (00000400)     __stack

0000a800     2a0 (0000a800)     spll1

0000a842     2a1 (0000a840)     currentDuty
0000a843     2a1 (0000a840)     pwm_flag
0000a844     2a1 (0000a840)     sample_counter
0000a845     2a1 (0000a840)     flatline_counter
0000a846     2a1 (0000a840)     data_ready_flag
0000a848     2a1 (0000a840)     final_rms
0000a84a     2a1 (0000a840)     final_dc_voltage
0000a84c     2a1 (0000a840)     final_i_rms
0000a84e     2a1 (0000a840)     temp_sum_squares
0000a850     2a1 (0000a840)     temp_sum_squares_i
0000a852     2a1 (0000a840)     sum_squares_ac
0000a854     2a1 (0000a840)     sum_squares_i_ac
0000a856     2a1 (0000a840)     ac_vol_adc_offset
0000a858     2a1 (0000a840)     ac_vol_normalized
0000a85a     2a1 (0000a840)     v_dc_meas
0000a85c     2a1 (0000a840)     i_ac_meas
0000a85e     2a1 (0000a840)     v_dc_ref
0000a860     2a1 (0000a840)     i_ref_amplitude
0000a862     2a1 (0000a840)     i_ref_inst
0000a864     2a1 (0000a840)     currentDutyFloat
0000a866     2a1 (0000a840)     v_dc_filtered
0000a868     2a1 (0000a840)     v_dc_fast_meas
0000a86a     2a1 (0000a840)     __TI_enable_exit_profile_output
0000a86c     2a1 (0000a840)     __TI_cleanup_ptr
0000a86e     2a1 (0000a840)     __TI_dtors_ptr
0000a870     2a1 (0000a840)     _lock
0000a872     2a1 (0000a840)     _unlock
0000a874     2a1 (0000a840)     errno

00084000    2100 (00084000)     _ctypes_


GLOBAL SYMBOLS: SORTED ALPHABETICALLY BY Name 

page  address   name                             
----  -------   ----                             
0     00082fd8  ADC_setOffsetTrimAll             
0     00083a04  ADC_setVREF                      
0     00083ffe  Board_init                       
0     00083e78  C$$EXIT                          
0     000852ba  C2000Ware_libraries_init         
0     00082f01  Device_enableAllPeripherals      
0     0008375a  Device_init                      
0     000851b3  Device_initGPIO                  
0     00008000  Flash_initModule                 
0     00083bd2  GPIO_setAnalogMode               
0     00083ce3  GPIO_setDirectionMode            
0     00083965  GPIO_setPadConfig                
0     00083c0c  GPIO_setPinConfig                
0     00083c43  GPIO_setQualificationMode        
0     000850d7  Interrupt_defaultHandler         
0     00083c7a  Interrupt_enable                 
0     00085264  Interrupt_illegalOperationHandler
0     00083b59  Interrupt_initModule             
0     00083f6c  Interrupt_initVectorTable        
0     0008526e  Interrupt_nmiHandler             
0     00081129  RamfuncsLoadEnd                  
abs   00000129  RamfuncsLoadSize                 
0     00081000  RamfuncsLoadStart                
0     00008129  RamfuncsRunEnd                   
abs   00000129  RamfuncsRunSize                  
0     00008000  RamfuncsRunStart                 
0     00083b1b  SCI_setConfig                    
0     00008125  SysCtl_delay                     
0     000838ad  SysCtl_getClock                  
0     0008501c  SysCtl_getLowSpeedClock          
0     000833d0  SysCtl_isPLLValid                
0     000839b7  SysCtl_selectOscSource           
0     00083adb  SysCtl_selectXTAL                
0     00083ea1  SysCtl_selectXTALSingleEnded     
0     00083243  SysCtl_setClock                  
0     00081148  __TI_CINIT_Base                  
0     00081150  __TI_CINIT_Limit                 
0     00081150  __TI_CINIT_Warm                  
0     0008113e  __TI_Handler_Table_Base          
0     00081144  __TI_Handler_Table_Limit         
1     000007f8  __TI_STACK_END                   
abs   000003f8  __TI_STACK_SIZE                  
0     00083dd0  __TI_auto_init_nobinit_nopinit   
1     0000a86c  __TI_cleanup_ptr                 
0     00083d75  __TI_decompress_lzss             
0     0008528a  __TI_decompress_none             
1     0000a86e  __TI_dtors_ptr                   
1     0000a86a  __TI_enable_exit_profile_output  
0     00083d45  __TI_ltoa                        
abs   ffffffff  __TI_pprof_out_hndl              
0     00082b51  __TI_printfi                     
abs   ffffffff  __TI_prof_data_size              
abs   ffffffff  __TI_prof_data_start             
0     00085229  __TI_zero_init_nomemset          
0     00083536  __c28xabi_addd                   
0     0008504e  __c28xabi_andll                  
0     00083dfb  __c28xabi_cmpd                   
0     00083f8a  __c28xabi_cmpll                  
0     00083f9c  __c28xabi_cmpull                 
0     000835d2  __c28xabi_divd                   
0     00083e25  __c28xabi_divl                   
0     0008313c  __c28xabi_divll                  
0     00083e42  __c28xabi_divul                  
0     000831b2  __c28xabi_divull                 
0     00083f0e  __c28xabi_dtoi                   
0     00083f2f  __c28xabi_dtol                   
0     00083fa8  __c28xabi_itod                   
0     00085000  __c28xabi_ltod                   
0     00083e34  __c28xabi_modl                   
0     00083178  __c28xabi_modll                  
0     00083e49  __c28xabi_modul                  
0     000831e1  __c28xabi_modull                 
0     0008365d  __c28xabi_mpyd                   
0     00085281  __c28xabi_negd                   
0     00085056  __c28xabi_orll                   
0     000851f3  __c28xabi_subd                   
0     0008505e  __c28xabi_xorll                  
n/a   UNDEFED   __c_args__                       
0     000852b5  __error__                        
1     00000400  __stack                          
0     00085236  _args_main                       
0     00085094  _c_int00                         
0     00084000  _ctypes_                         
1     0000a870  _lock                            
0     00085280  _nop                             
0     0008527c  _register_lock                   
0     00085278  _register_unlock                 
0     000852bb  _system_post_cinit               
0     000852b8  _system_pre_init                 
1     0000a872  _unlock                          
0     00083e78  abort                            
1     0000a856  ac_vol_adc_offset                
1     0000a858  ac_vol_normalized                
0     00083d14  atoi                             
0     00080000  code_start                       
0     00083eea  copysign                         
0     00083eea  copysignl                        
1     0000a842  currentDuty                      
1     0000a864  currentDutyFloat                 
1     0000a846  data_ready_flag                  
1     0000a874  errno                            
0     00083e7a  exit                             
0     00082cd6  fastCurrentLoop_ISR              
1     0000a84a  final_dc_voltage                 
1     0000a84c  final_i_rms                      
1     0000a848  final_rms                        
1     0000a845  flatline_counter                 
0     0008390b  frexp                            
0     0008390b  frexpl                           
1     0000a85c  i_ac_meas                        
1     0000a860  i_ref_amplitude                  
1     0000a862  i_ref_inst                       
0     00083b96  initADCA                         
0     00083e4f  initADCB                         
0     00083a50  initADCC                         
0     0008330b  initEPWM_HFL                     
0     00083843  initEPWM_LFL                     
0     000836e0  initSCIA                         
0     0008348d  ldexp                            
0     0008348d  ldexpl                           
0     00083000  main                             
0     000851e3  memccpy                          
0     00083fc5  memcpy                           
0     000852a9  memset                           
1     0000a843  pwm_flag                         
1     0000a844  sample_counter                   
0     0008348d  scalbn                           
0     0008348d  scalbnl                          
0     00085201  sendSCIText                      
0     00083da3  slowVoltageLoop_ISR              
1     0000a800  spll1                            
0     00083cb1  sprintf                          
0     00085242  strchr                           
0     000852b0  strcpy                           
0     0008529a  strlen                           
1     0000a852  sum_squares_ac                   
1     0000a854  sum_squares_i_ac                 
1     0000a84e  temp_sum_squares                 
1     0000a850  temp_sum_squares_i               
1     0000a868  v_dc_fast_meas                   
1     0000a866  v_dc_filtered                    
1     0000a85a  v_dc_meas                        
1     0000a85e  v_dc_ref                         
0     00085259  wcslen                           


GLOBAL SYMBOLS: SORTED BY Symbol Address 

page  address   name                             
----  -------   ----                             
0     00008000  Flash_initModule                 
0     00008000  RamfuncsRunStart                 
0     00008125  SysCtl_delay                     
0     00008129  RamfuncsRunEnd                   
0     00080000  code_start                       
0     00081000  RamfuncsLoadStart                
0     00081129  RamfuncsLoadEnd                  
0     0008113e  __TI_Handler_Table_Base          
0     00081144  __TI_Handler_Table_Limit         
0     00081148  __TI_CINIT_Base                  
0     00081150  __TI_CINIT_Limit                 
0     00081150  __TI_CINIT_Warm                  
0     00082b51  __TI_printfi                     
0     00082cd6  fastCurrentLoop_ISR              
0     00082f01  Device_enableAllPeripherals      
0     00082fd8  ADC_setOffsetTrimAll             
0     00083000  main                             
0     0008313c  __c28xabi_divll                  
0     00083178  __c28xabi_modll                  
0     000831b2  __c28xabi_divull                 
0     000831e1  __c28xabi_modull                 
0     00083243  SysCtl_setClock                  
0     0008330b  initEPWM_HFL                     
0     000833d0  SysCtl_isPLLValid                
0     0008348d  ldexp                            
0     0008348d  ldexpl                           
0     0008348d  scalbn                           
0     0008348d  scalbnl                          
0     00083536  __c28xabi_addd                   
0     000835d2  __c28xabi_divd                   
0     0008365d  __c28xabi_mpyd                   
0     000836e0  initSCIA                         
0     0008375a  Device_init                      
0     00083843  initEPWM_LFL                     
0     000838ad  SysCtl_getClock                  
0     0008390b  frexp                            
0     0008390b  frexpl                           
0     00083965  GPIO_setPadConfig                
0     000839b7  SysCtl_selectOscSource           
0     00083a04  ADC_setVREF                      
0     00083a50  initADCC                         
0     00083adb  SysCtl_selectXTAL                
0     00083b1b  SCI_setConfig                    
0     00083b59  Interrupt_initModule             
0     00083b96  initADCA                         
0     00083bd2  GPIO_setAnalogMode               
0     00083c0c  GPIO_setPinConfig                
0     00083c43  GPIO_setQualificationMode        
0     00083c7a  Interrupt_enable                 
0     00083cb1  sprintf                          
0     00083ce3  GPIO_setDirectionMode            
0     00083d14  atoi                             
0     00083d45  __TI_ltoa                        
0     00083d75  __TI_decompress_lzss             
0     00083da3  slowVoltageLoop_ISR              
0     00083dd0  __TI_auto_init_nobinit_nopinit   
0     00083dfb  __c28xabi_cmpd                   
0     00083e25  __c28xabi_divl                   
0     00083e34  __c28xabi_modl                   
0     00083e42  __c28xabi_divul                  
0     00083e49  __c28xabi_modul                  
0     00083e4f  initADCB                         
0     00083e78  C$$EXIT                          
0     00083e78  abort                            
0     00083e7a  exit                             
0     00083ea1  SysCtl_selectXTALSingleEnded     
0     00083eea  copysign                         
0     00083eea  copysignl                        
0     00083f0e  __c28xabi_dtoi                   
0     00083f2f  __c28xabi_dtol                   
0     00083f6c  Interrupt_initVectorTable        
0     00083f8a  __c28xabi_cmpll                  
0     00083f9c  __c28xabi_cmpull                 
0     00083fa8  __c28xabi_itod                   
0     00083fc5  memcpy                           
0     00083ffe  Board_init                       
0     00084000  _ctypes_                         
0     00085000  __c28xabi_ltod                   
0     0008501c  SysCtl_getLowSpeedClock          
0     0008504e  __c28xabi_andll                  
0     00085056  __c28xabi_orll                   
0     0008505e  __c28xabi_xorll                  
0     00085094  _c_int00                         
0     000850d7  Interrupt_defaultHandler         
0     000851b3  Device_initGPIO                  
0     000851e3  memccpy                          
0     000851f3  __c28xabi_subd                   
0     00085201  sendSCIText                      
0     00085229  __TI_zero_init_nomemset          
0     00085236  _args_main                       
0     00085242  strchr                           
0     00085259  wcslen                           
0     00085264  Interrupt_illegalOperationHandler
0     0008526e  Interrupt_nmiHandler             
0     00085278  _register_unlock                 
0     0008527c  _register_lock                   
0     00085280  _nop                             
0     00085281  __c28xabi_negd                   
0     0008528a  __TI_decompress_none             
0     0008529a  strlen                           
0     000852a9  memset                           
0     000852b0  strcpy                           
0     000852b5  __error__                        
0     000852b8  _system_pre_init                 
0     000852ba  C2000Ware_libraries_init         
0     000852bb  _system_post_cinit               
1     00000400  __stack                          
1     000007f8  __TI_STACK_END                   
1     0000a800  spll1                            
1     0000a842  currentDuty                      
1     0000a843  pwm_flag                         
1     0000a844  sample_counter                   
1     0000a845  flatline_counter                 
1     0000a846  data_ready_flag                  
1     0000a848  final_rms                        
1     0000a84a  final_dc_voltage                 
1     0000a84c  final_i_rms                      
1     0000a84e  temp_sum_squares                 
1     0000a850  temp_sum_squares_i               
1     0000a852  sum_squares_ac                   
1     0000a854  sum_squares_i_ac                 
1     0000a856  ac_vol_adc_offset                
1     0000a858  ac_vol_normalized                
1     0000a85a  v_dc_meas                        
1     0000a85c  i_ac_meas                        
1     0000a85e  v_dc_ref                         
1     0000a860  i_ref_amplitude                  
1     0000a862  i_ref_inst                       
1     0000a864  currentDutyFloat                 
1     0000a866  v_dc_filtered                    
1     0000a868  v_dc_fast_meas                   
1     0000a86a  __TI_enable_exit_profile_output  
1     0000a86c  __TI_cleanup_ptr                 
1     0000a86e  __TI_dtors_ptr                   
1     0000a870  _lock                            
1     0000a872  _unlock                          
1     0000a874  errno                            
abs   00000129  RamfuncsLoadSize                 
abs   00000129  RamfuncsRunSize                  
abs   000003f8  __TI_STACK_SIZE                  
abs   ffffffff  __TI_pprof_out_hndl              
abs   ffffffff  __TI_prof_data_size              
abs   ffffffff  __TI_prof_data_start             
n/a   UNDEFED   __c_args__                       

[144 symbols]
