<?xml version="1.0" encoding="ISO-8859-1" ?>
<link_info>
   <banner>TMS320C2000 Linker PC v22.6.3.LTS</banner>
   <copyright>Copyright (c) 1996-2018 Texas Instruments Incorporated</copyright>
   <link_time>0x6a22af05</link_time>
   <link_errors>0x0</link_errors>
   <output_file>totempole_spll.out</output_file>
   <entry_point>
      <name>code_start</name>
      <address>0x80000</address>
   </entry_point>
   <input_file_list>
      <input_file id="fl-2">
         <path>.\syscfg\</path>
         <kind>object</kind>
         <file>board.obj</file>
         <name>board.obj</name>
      </input_file>
      <input_file id="fl-3">
         <path>.\syscfg\</path>
         <kind>object</kind>
         <file>c2000ware_libraries.obj</file>
         <name>c2000ware_libraries.obj</name>
      </input_file>
      <input_file id="fl-4">
         <path>.\</path>
         <kind>object</kind>
         <file>spll_sample_study.obj</file>
         <name>spll_sample_study.obj</name>
      </input_file>
      <input_file id="fl-5">
         <path>.\device\</path>
         <kind>object</kind>
         <file>device.obj</file>
         <name>device.obj</name>
      </input_file>
      <input_file id="fl-6">
         <path>.\device\</path>
         <kind>object</kind>
         <file>f28004x_codestartbranch.obj</file>
         <name>f28004x_codestartbranch.obj</name>
      </input_file>
      <input_file id="fl-c">
         <kind>object</kind>
         <file>&lt;internal&gt;</file>
         <name>&lt;internal&gt;</name>
      </input_file>
      <input_file id="fl-10">
         <path>C:\ti\C2000Ware_26_00_00_00\driverlib\f28004x\driverlib\ccs\Debug\</path>
         <kind>archive</kind>
         <file>driverlib_eabi.lib</file>
         <name>adc.obj</name>
      </input_file>
      <input_file id="fl-11">
         <path>C:\ti\C2000Ware_26_00_00_00\driverlib\f28004x\driverlib\ccs\Debug\</path>
         <kind>archive</kind>
         <file>driverlib_eabi.lib</file>
         <name>dcc.obj</name>
      </input_file>
      <input_file id="fl-12">
         <path>C:\ti\C2000Ware_26_00_00_00\driverlib\f28004x\driverlib\ccs\Debug\</path>
         <kind>archive</kind>
         <file>driverlib_eabi.lib</file>
         <name>flash.obj</name>
      </input_file>
      <input_file id="fl-13">
         <path>C:\ti\C2000Ware_26_00_00_00\driverlib\f28004x\driverlib\ccs\Debug\</path>
         <kind>archive</kind>
         <file>driverlib_eabi.lib</file>
         <name>gpio.obj</name>
      </input_file>
      <input_file id="fl-14">
         <path>C:\ti\C2000Ware_26_00_00_00\driverlib\f28004x\driverlib\ccs\Debug\</path>
         <kind>archive</kind>
         <file>driverlib_eabi.lib</file>
         <name>interrupt.obj</name>
      </input_file>
      <input_file id="fl-15">
         <path>C:\ti\C2000Ware_26_00_00_00\driverlib\f28004x\driverlib\ccs\Debug\</path>
         <kind>archive</kind>
         <file>driverlib_eabi.lib</file>
         <name>sci.obj</name>
      </input_file>
      <input_file id="fl-16">
         <path>C:\ti\C2000Ware_26_00_00_00\driverlib\f28004x\driverlib\ccs\Debug\</path>
         <kind>archive</kind>
         <file>driverlib_eabi.lib</file>
         <name>sysctl.obj</name>
      </input_file>
      <input_file id="fl-22">
         <path>C:\ti\ccs2041\ccs\tools\compiler\ti-cgt-c2000_22.6.3.LTS\lib\</path>
         <kind>archive</kind>
         <file>rts2800_fpu32_eabi.lib</file>
         <name>sprintf.c.obj</name>
      </input_file>
      <input_file id="fl-23">
         <path>C:\ti\ccs2041\ccs\tools\compiler\ti-cgt-c2000_22.6.3.LTS\lib\</path>
         <kind>archive</kind>
         <file>rts2800_fpu32_eabi.lib</file>
         <name>boot28.asm.obj</name>
      </input_file>
      <input_file id="fl-24">
         <path>C:\ti\ccs2041\ccs\tools\compiler\ti-cgt-c2000_22.6.3.LTS\lib\</path>
         <kind>archive</kind>
         <file>rts2800_fpu32_eabi.lib</file>
         <name>fs_div28.asm.obj</name>
      </input_file>
      <input_file id="fl-25">
         <path>C:\ti\ccs2041\ccs\tools\compiler\ti-cgt-c2000_22.6.3.LTS\lib\</path>
         <kind>archive</kind>
         <file>rts2800_fpu32_eabi.lib</file>
         <name>ll_cmp28.asm.obj</name>
      </input_file>
      <input_file id="fl-26">
         <path>C:\ti\ccs2041\ccs\tools\compiler\ti-cgt-c2000_22.6.3.LTS\lib\</path>
         <kind>archive</kind>
         <file>rts2800_fpu32_eabi.lib</file>
         <name>memcpy.c.obj</name>
      </input_file>
      <input_file id="fl-27">
         <path>C:\ti\ccs2041\ccs\tools\compiler\ti-cgt-c2000_22.6.3.LTS\lib\</path>
         <kind>archive</kind>
         <file>rts2800_fpu32_eabi.lib</file>
         <name>pre_init.c.obj</name>
      </input_file>
      <input_file id="fl-28">
         <path>C:\ti\ccs2041\ccs\tools\compiler\ti-cgt-c2000_22.6.3.LTS\lib\</path>
         <kind>archive</kind>
         <file>rts2800_fpu32_eabi.lib</file>
         <name>autoinit.c.obj</name>
      </input_file>
      <input_file id="fl-29">
         <path>C:\ti\ccs2041\ccs\tools\compiler\ti-cgt-c2000_22.6.3.LTS\lib\</path>
         <kind>archive</kind>
         <file>rts2800_fpu32_eabi.lib</file>
         <name>copy_zero_init.c.obj</name>
      </input_file>
      <input_file id="fl-2a">
         <path>C:\ti\ccs2041\ccs\tools\compiler\ti-cgt-c2000_22.6.3.LTS\lib\</path>
         <kind>archive</kind>
         <file>rts2800_fpu32_eabi.lib</file>
         <name>copy_decompress_none.c.obj</name>
      </input_file>
      <input_file id="fl-2b">
         <path>C:\ti\ccs2041\ccs\tools\compiler\ti-cgt-c2000_22.6.3.LTS\lib\</path>
         <kind>archive</kind>
         <file>rts2800_fpu32_eabi.lib</file>
         <name>copy_decompress_lzss.c.obj</name>
      </input_file>
      <input_file id="fl-2c">
         <path>C:\ti\ccs2041\ccs\tools\compiler\ti-cgt-c2000_22.6.3.LTS\lib\</path>
         <kind>archive</kind>
         <file>rts2800_fpu32_eabi.lib</file>
         <name>exit.c.obj</name>
      </input_file>
      <input_file id="fl-2d">
         <path>C:\ti\ccs2041\ccs\tools\compiler\ti-cgt-c2000_22.6.3.LTS\lib\</path>
         <kind>archive</kind>
         <file>rts2800_fpu32_eabi.lib</file>
         <name>_lock.c.obj</name>
      </input_file>
      <input_file id="fl-2e">
         <path>C:\ti\ccs2041\ccs\tools\compiler\ti-cgt-c2000_22.6.3.LTS\lib\</path>
         <kind>archive</kind>
         <file>rts2800_fpu32_eabi.lib</file>
         <name>args_main.c.obj</name>
      </input_file>
      <input_file id="fl-2f">
         <path>C:\ti\ccs2041\ccs\tools\compiler\ti-cgt-c2000_22.6.3.LTS\lib\</path>
         <kind>archive</kind>
         <file>rts2800_fpu32_eabi.lib</file>
         <name>memset.c.obj</name>
      </input_file>
      <input_file id="fl-30">
         <path>C:\ti\ccs2041\ccs\tools\compiler\ti-cgt-c2000_22.6.3.LTS\lib\</path>
         <kind>archive</kind>
         <file>rts2800_fpu32_eabi.lib</file>
         <name>_printfi.c.obj</name>
      </input_file>
      <input_file id="fl-31">
         <path>C:\ti\ccs2041\ccs\tools\compiler\ti-cgt-c2000_22.6.3.LTS\lib\</path>
         <kind>archive</kind>
         <file>rts2800_fpu32_eabi.lib</file>
         <name>wcslen.c.obj</name>
      </input_file>
      <input_file id="fl-32">
         <path>C:\ti\ccs2041\ccs\tools\compiler\ti-cgt-c2000_22.6.3.LTS\lib\</path>
         <kind>archive</kind>
         <file>rts2800_fpu32_eabi.lib</file>
         <name>fd_cmp28.asm.obj</name>
      </input_file>
      <input_file id="fl-33">
         <path>C:\ti\ccs2041\ccs\tools\compiler\ti-cgt-c2000_22.6.3.LTS\lib\</path>
         <kind>archive</kind>
         <file>rts2800_fpu32_eabi.lib</file>
         <name>fd_mpy28.asm.obj</name>
      </input_file>
      <input_file id="fl-34">
         <path>C:\ti\ccs2041\ccs\tools\compiler\ti-cgt-c2000_22.6.3.LTS\lib\</path>
         <kind>archive</kind>
         <file>rts2800_fpu32_eabi.lib</file>
         <name>fd_neg28.asm.obj</name>
      </input_file>
      <input_file id="fl-35">
         <path>C:\ti\ccs2041\ccs\tools\compiler\ti-cgt-c2000_22.6.3.LTS\lib\</path>
         <kind>archive</kind>
         <file>rts2800_fpu32_eabi.lib</file>
         <name>fd_sub28.asm.obj</name>
      </input_file>
      <input_file id="fl-36">
         <path>C:\ti\ccs2041\ccs\tools\compiler\ti-cgt-c2000_22.6.3.LTS\lib\</path>
         <kind>archive</kind>
         <file>rts2800_fpu32_eabi.lib</file>
         <name>fd_toi28.asm.obj</name>
      </input_file>
      <input_file id="fl-37">
         <path>C:\ti\ccs2041\ccs\tools\compiler\ti-cgt-c2000_22.6.3.LTS\lib\</path>
         <kind>archive</kind>
         <file>rts2800_fpu32_eabi.lib</file>
         <name>fd_tol28.asm.obj</name>
      </input_file>
      <input_file id="fl-38">
         <path>C:\ti\ccs2041\ccs\tools\compiler\ti-cgt-c2000_22.6.3.LTS\lib\</path>
         <kind>archive</kind>
         <file>rts2800_fpu32_eabi.lib</file>
         <name>ll_aox28.asm.obj</name>
      </input_file>
      <input_file id="fl-39">
         <path>C:\ti\ccs2041\ccs\tools\compiler\ti-cgt-c2000_22.6.3.LTS\lib\</path>
         <kind>archive</kind>
         <file>rts2800_fpu32_eabi.lib</file>
         <name>ll_div28.asm.obj</name>
      </input_file>
      <input_file id="fl-3a">
         <path>C:\ti\ccs2041\ccs\tools\compiler\ti-cgt-c2000_22.6.3.LTS\lib\</path>
         <kind>archive</kind>
         <file>rts2800_fpu32_eabi.lib</file>
         <name>i_tofd28.asm.obj</name>
      </input_file>
      <input_file id="fl-3b">
         <path>C:\ti\ccs2041\ccs\tools\compiler\ti-cgt-c2000_22.6.3.LTS\lib\</path>
         <kind>archive</kind>
         <file>rts2800_fpu32_eabi.lib</file>
         <name>l_tofd28.asm.obj</name>
      </input_file>
      <input_file id="fl-3c">
         <path>C:\ti\ccs2041\ccs\tools\compiler\ti-cgt-c2000_22.6.3.LTS\lib\</path>
         <kind>archive</kind>
         <file>rts2800_fpu32_eabi.lib</file>
         <name>fd_div28.asm.obj</name>
      </input_file>
      <input_file id="fl-3d">
         <path>C:\ti\ccs2041\ccs\tools\compiler\ti-cgt-c2000_22.6.3.LTS\lib\</path>
         <kind>archive</kind>
         <file>rts2800_fpu32_eabi.lib</file>
         <name>cpy_tbl.c.obj</name>
      </input_file>
      <input_file id="fl-3e">
         <path>C:\ti\ccs2041\ccs\tools\compiler\ti-cgt-c2000_22.6.3.LTS\lib\</path>
         <kind>archive</kind>
         <file>rts2800_fpu32_eabi.lib</file>
         <name>startup.c.obj</name>
      </input_file>
      <input_file id="fl-3f">
         <path>C:\ti\ccs2041\ccs\tools\compiler\ti-cgt-c2000_22.6.3.LTS\lib\</path>
         <kind>archive</kind>
         <file>rts2800_fpu32_eabi.lib</file>
         <name>_ltoa.c.obj</name>
      </input_file>
      <input_file id="fl-40">
         <path>C:\ti\ccs2041\ccs\tools\compiler\ti-cgt-c2000_22.6.3.LTS\lib\</path>
         <kind>archive</kind>
         <file>rts2800_fpu32_eabi.lib</file>
         <name>atoi.c.obj</name>
      </input_file>
      <input_file id="fl-41">
         <path>C:\ti\ccs2041\ccs\tools\compiler\ti-cgt-c2000_22.6.3.LTS\lib\</path>
         <kind>archive</kind>
         <file>rts2800_fpu32_eabi.lib</file>
         <name>ctype.c.obj</name>
      </input_file>
      <input_file id="fl-42">
         <path>C:\ti\ccs2041\ccs\tools\compiler\ti-cgt-c2000_22.6.3.LTS\lib\</path>
         <kind>archive</kind>
         <file>rts2800_fpu32_eabi.lib</file>
         <name>memccpy.c.obj</name>
      </input_file>
      <input_file id="fl-43">
         <path>C:\ti\ccs2041\ccs\tools\compiler\ti-cgt-c2000_22.6.3.LTS\lib\</path>
         <kind>archive</kind>
         <file>rts2800_fpu32_eabi.lib</file>
         <name>strchr.c.obj</name>
      </input_file>
      <input_file id="fl-44">
         <path>C:\ti\ccs2041\ccs\tools\compiler\ti-cgt-c2000_22.6.3.LTS\lib\</path>
         <kind>archive</kind>
         <file>rts2800_fpu32_eabi.lib</file>
         <name>strcpy.c.obj</name>
      </input_file>
      <input_file id="fl-45">
         <path>C:\ti\ccs2041\ccs\tools\compiler\ti-cgt-c2000_22.6.3.LTS\lib\</path>
         <kind>archive</kind>
         <file>rts2800_fpu32_eabi.lib</file>
         <name>strlen.c.obj</name>
      </input_file>
      <input_file id="fl-46">
         <path>C:\ti\ccs2041\ccs\tools\compiler\ti-cgt-c2000_22.6.3.LTS\lib\</path>
         <kind>archive</kind>
         <file>rts2800_fpu32_eabi.lib</file>
         <name>errno.c.obj</name>
      </input_file>
      <input_file id="fl-47">
         <path>C:\ti\ccs2041\ccs\tools\compiler\ti-cgt-c2000_22.6.3.LTS\lib\</path>
         <kind>archive</kind>
         <file>rts2800_fpu32_eabi.lib</file>
         <name>s_frexp.c.obj</name>
      </input_file>
      <input_file id="fl-48">
         <path>C:\ti\ccs2041\ccs\tools\compiler\ti-cgt-c2000_22.6.3.LTS\lib\</path>
         <kind>archive</kind>
         <file>rts2800_fpu32_eabi.lib</file>
         <name>s_scalbn.c.obj</name>
      </input_file>
      <input_file id="fl-49">
         <path>C:\ti\ccs2041\ccs\tools\compiler\ti-cgt-c2000_22.6.3.LTS\lib\</path>
         <kind>archive</kind>
         <file>rts2800_fpu32_eabi.lib</file>
         <name>s_copysign.c.obj</name>
      </input_file>
      <input_file id="fl-4a">
         <path>C:\ti\ccs2041\ccs\tools\compiler\ti-cgt-c2000_22.6.3.LTS\lib\</path>
         <kind>archive</kind>
         <file>rts2800_fpu32_eabi.lib</file>
         <name>fd_add28.asm.obj</name>
      </input_file>
      <input_file id="fl-4b">
         <path>C:\ti\ccs2041\ccs\tools\compiler\ti-cgt-c2000_22.6.3.LTS\lib\</path>
         <kind>archive</kind>
         <file>rts2800_fpu32_eabi.lib</file>
         <name>l_div28.asm.obj</name>
      </input_file>
   </input_file_list>
   <object_component_list>
      <object_component id="oc-20">
         <name>codestart</name>
         <load_address>0x80000</load_address>
         <run_address>0x80000</run_address>
         <size>0x2</size>
         <input_file_ref idref="fl-6"/>
      </object_component>
      <object_component id="oc-4ad">
         <name>.text</name>
         <load_address>0x82000</load_address>
         <run_address>0x82000</run_address>
         <size>0x6c2</size>
         <input_file_ref idref="fl-30"/>
      </object_component>
      <object_component id="oc-3ab">
         <name>.text:__TI_printfi</name>
         <load_address>0x826c2</load_address>
         <run_address>0x826c2</run_address>
         <size>0x614</size>
         <input_file_ref idref="fl-30"/>
      </object_component>
      <object_component id="oc-37">
         <name>.text:fastCurrentLoop_ISR</name>
         <load_address>0x82cd6</load_address>
         <run_address>0x82cd6</run_address>
         <size>0x18c</size>
         <input_file_ref idref="fl-4"/>
      </object_component>
      <object_component id="oc-111">
         <name>.text:SPLL_1PH_SOGI_run</name>
         <load_address>0x82e62</load_address>
         <run_address>0x82e62</run_address>
         <size>0x16a</size>
         <input_file_ref idref="fl-4"/>
      </object_component>
      <object_component id="oc-102">
         <name>.text</name>
         <load_address>0x82fcc</load_address>
         <run_address>0x82fcc</run_address>
         <size>0x32</size>
         <input_file_ref idref="fl-22"/>
      </object_component>
      <object_component id="oc-2c1">
         <name>.text</name>
         <load_address>0x82ffe</load_address>
         <run_address>0x82ffe</run_address>
         <size>0x2</size>
         <input_file_ref idref="fl-27"/>
      </object_component>
      <object_component id="oc-499">
         <name>.text</name>
         <load_address>0x83000</load_address>
         <run_address>0x83000</run_address>
         <size>0x107</size>
         <input_file_ref idref="fl-39"/>
      </object_component>
      <object_component id="oc-17e">
         <name>.text:Device_enableAllPeripherals</name>
         <load_address>0x83107</load_address>
         <run_address>0x83107</run_address>
         <size>0xe0</size>
         <input_file_ref idref="fl-5"/>
      </object_component>
      <object_component id="oc-2c">
         <name>.text:main</name>
         <load_address>0x831e7</load_address>
         <run_address>0x831e7</run_address>
         <size>0xca</size>
         <input_file_ref idref="fl-4"/>
      </object_component>
      <object_component id="oc-165">
         <name>.text:SysCtl_setClock</name>
         <load_address>0x832b1</load_address>
         <run_address>0x832b1</run_address>
         <size>0xc8</size>
         <input_file_ref idref="fl-16"/>
      </object_component>
      <object_component id="oc-324">
         <name>.text:SysCtl_isPLLValid</name>
         <load_address>0x83379</load_address>
         <run_address>0x83379</run_address>
         <size>0xbd</size>
         <input_file_ref idref="fl-16"/>
      </object_component>
      <object_component id="oc-dc">
         <name>.text:SPLL_1PH_SOGI_coeff_calc</name>
         <load_address>0x83436</load_address>
         <run_address>0x83436</run_address>
         <size>0xb6</size>
         <input_file_ref idref="fl-4"/>
      </object_component>
      <object_component id="oc-a8">
         <name>.text:initEPWM_HFL</name>
         <load_address>0x834ec</load_address>
         <run_address>0x834ec</run_address>
         <size>0xab</size>
         <input_file_ref idref="fl-4"/>
      </object_component>
      <object_component id="oc-54a">
         <name>.text</name>
         <load_address>0x83597</load_address>
         <run_address>0x83597</run_address>
         <size>0xa9</size>
         <input_file_ref idref="fl-48"/>
      </object_component>
      <object_component id="oc-58f">
         <name>.text</name>
         <load_address>0x83640</load_address>
         <run_address>0x83640</run_address>
         <size>0x9c</size>
         <input_file_ref idref="fl-4a"/>
      </object_component>
      <object_component id="oc-520">
         <name>.text</name>
         <load_address>0x836dc</load_address>
         <run_address>0x836dc</run_address>
         <size>0x8b</size>
         <input_file_ref idref="fl-3c"/>
      </object_component>
      <object_component id="oc-525">
         <name>.text</name>
         <load_address>0x83767</load_address>
         <run_address>0x83767</run_address>
         <size>0x83</size>
         <input_file_ref idref="fl-33"/>
      </object_component>
      <object_component id="oc-203">
         <name>.text:EPWM_setADCTriggerSource</name>
         <load_address>0x837ea</load_address>
         <run_address>0x837ea</run_address>
         <size>0x75</size>
         <input_file_ref idref="fl-4"/>
      </object_component>
      <object_component id="oc-445">
         <name>.text:DCC_setCounterSeeds</name>
         <load_address>0x8385f</load_address>
         <run_address>0x8385f</run_address>
         <size>0x73</size>
         <input_file_ref idref="fl-16"/>
      </object_component>
      <object_component id="oc-ae">
         <name>.text:initEPWM_LFL</name>
         <load_address>0x838d2</load_address>
         <run_address>0x838d2</run_address>
         <size>0x66</size>
         <input_file_ref idref="fl-4"/>
      </object_component>
      <object_component id="oc-8a">
         <name>.text:Device_init</name>
         <load_address>0x83938</load_address>
         <run_address>0x83938</run_address>
         <size>0x62</size>
         <input_file_ref idref="fl-5"/>
      </object_component>
      <object_component id="oc-171">
         <name>.text:SysCtl_getClock</name>
         <load_address>0x8399a</load_address>
         <run_address>0x8399a</run_address>
         <size>0x5e</size>
         <input_file_ref idref="fl-16"/>
      </object_component>
      <object_component id="oc-d0">
         <name>.text:SPLL_1PH_SOGI_reset</name>
         <load_address>0x839f8</load_address>
         <run_address>0x839f8</run_address>
         <size>0x5b</size>
         <input_file_ref idref="fl-4"/>
      </object_component>
      <object_component id="oc-544">
         <name>.text</name>
         <load_address>0x83a53</load_address>
         <run_address>0x83a53</run_address>
         <size>0x5a</size>
         <input_file_ref idref="fl-47"/>
      </object_component>
      <object_component id="oc-18a">
         <name>.text:GPIO_setPadConfig</name>
         <load_address>0x83aad</load_address>
         <run_address>0x83aad</run_address>
         <size>0x52</size>
         <input_file_ref idref="fl-13"/>
      </object_component>
      <object_component id="oc-c7">
         <name>.text:initSCIA</name>
         <load_address>0x83aff</load_address>
         <run_address>0x83aff</run_address>
         <size>0x51</size>
         <input_file_ref idref="fl-4"/>
      </object_component>
      <object_component id="oc-31e">
         <name>.text:SysCtl_selectOscSource</name>
         <load_address>0x83b50</load_address>
         <run_address>0x83b50</run_address>
         <size>0x4d</size>
         <input_file_ref idref="fl-16"/>
      </object_component>
      <object_component id="oc-21d">
         <name>.text:ADC_setVREF</name>
         <load_address>0x83b9d</load_address>
         <run_address>0x83b9d</run_address>
         <size>0x4c</size>
         <input_file_ref idref="fl-10"/>
      </object_component>
      <object_component id="oc-2b">
         <name>.text:slowVoltageLoop_ISR</name>
         <load_address>0x83be9</load_address>
         <run_address>0x83be9</run_address>
         <size>0x49</size>
         <input_file_ref idref="fl-4"/>
      </object_component>
      <object_component id="oc-22f">
         <name>.text:ADC_setupSOC</name>
         <load_address>0x83c32</load_address>
         <run_address>0x83c32</run_address>
         <size>0x46</size>
         <input_file_ref idref="fl-4"/>
      </object_component>
      <object_component id="oc-1d9">
         <name>.text:EPWM_setActionQualifierAction</name>
         <load_address>0x83c78</load_address>
         <run_address>0x83c78</run_address>
         <size>0x40</size>
         <input_file_ref idref="fl-4"/>
      </object_component>
      <object_component id="oc-4de">
         <name>.text:SysCtl_pollX1Counter</name>
         <load_address>0x83cb8</load_address>
         <run_address>0x83cb8</run_address>
         <size>0x40</size>
         <input_file_ref idref="fl-16"/>
      </object_component>
      <object_component id="oc-408">
         <name>.text:SysCtl_selectXTAL</name>
         <load_address>0x83cf8</load_address>
         <run_address>0x83cf8</run_address>
         <size>0x40</size>
         <input_file_ref idref="fl-16"/>
      </object_component>
      <object_component id="oc-1d3">
         <name>.text:EPWM_setCounterCompareShadowLoadMode</name>
         <load_address>0x83d38</load_address>
         <run_address>0x83d38</run_address>
         <size>0x3e</size>
         <input_file_ref idref="fl-4"/>
      </object_component>
      <object_component id="oc-256">
         <name>.text:SCI_setConfig</name>
         <load_address>0x83d76</load_address>
         <run_address>0x83d76</run_address>
         <size>0x3e</size>
         <input_file_ref idref="fl-15"/>
      </object_component>
      <object_component id="oc-96">
         <name>.text:Interrupt_initModule</name>
         <load_address>0x83db4</load_address>
         <run_address>0x83db4</run_address>
         <size>0x3d</size>
         <input_file_ref idref="fl-14"/>
      </object_component>
      <object_component id="oc-209">
         <name>.text:EPWM_setADCTriggerEventPrescale</name>
         <load_address>0x83df1</load_address>
         <run_address>0x83df1</run_address>
         <size>0x3a</size>
         <input_file_ref idref="fl-4"/>
      </object_component>
      <object_component id="oc-196">
         <name>.text:GPIO_setAnalogMode</name>
         <load_address>0x83e2b</load_address>
         <run_address>0x83e2b</run_address>
         <size>0x3a</size>
         <input_file_ref idref="fl-13"/>
      </object_component>
      <object_component id="oc-c0">
         <name>.text:initADCC</name>
         <load_address>0x83e65</load_address>
         <run_address>0x83e65</run_address>
         <size>0x3a</size>
         <input_file_ref idref="fl-4"/>
      </object_component>
      <object_component id="oc-b4">
         <name>.text:initADCA</name>
         <load_address>0x83e9f</load_address>
         <run_address>0x83e9f</run_address>
         <size>0x39</size>
         <input_file_ref idref="fl-4"/>
      </object_component>
      <object_component id="oc-1eb">
         <name>.text:EPWM_setFallingEdgeDeadBandDelayInput</name>
         <load_address>0x83ed8</load_address>
         <run_address>0x83ed8</run_address>
         <size>0x37</size>
         <input_file_ref idref="fl-4"/>
      </object_component>
      <object_component id="oc-1b5">
         <name>.text:GPIO_setPinConfig</name>
         <load_address>0x83f0f</load_address>
         <run_address>0x83f0f</run_address>
         <size>0x37</size>
         <input_file_ref idref="fl-13"/>
      </object_component>
      <object_component id="oc-250">
         <name>.text:GPIO_setQualificationMode</name>
         <load_address>0x83f46</load_address>
         <run_address>0x83f46</run_address>
         <size>0x37</size>
         <input_file_ref idref="fl-13"/>
      </object_component>
      <object_component id="oc-247">
         <name>.text:Interrupt_enable</name>
         <load_address>0x83f7d</load_address>
         <run_address>0x83f7d</run_address>
         <size>0x37</size>
         <input_file_ref idref="fl-14"/>
      </object_component>
      <object_component id="oc-190">
         <name>.text:GPIO_setDirectionMode</name>
         <load_address>0x83fb4</load_address>
         <run_address>0x83fb4</run_address>
         <size>0x31</size>
         <input_file_ref idref="fl-13"/>
      </object_component>
      <object_component id="oc-72">
         <name>.text:ADC_readResult</name>
         <load_address>0x83fe5</load_address>
         <run_address>0x83fe5</run_address>
         <size>0x1a</size>
         <input_file_ref idref="fl-4"/>
      </object_component>
      <object_component id="oc-e2">
         <name>.text:C2000Ware_libraries_init</name>
         <load_address>0x83fff</load_address>
         <run_address>0x83fff</run_address>
         <size>0x1</size>
         <input_file_ref idref="fl-3"/>
      </object_component>
      <object_component id="oc-48e">
         <name>.text</name>
         <load_address>0x85000</load_address>
         <run_address>0x85000</run_address>
         <size>0x31</size>
         <input_file_ref idref="fl-40"/>
      </object_component>
      <object_component id="oc-52f">
         <name>.text</name>
         <load_address>0x85031</load_address>
         <run_address>0x85031</run_address>
         <size>0x30</size>
         <input_file_ref idref="fl-3f"/>
      </object_component>
      <object_component id="oc-235">
         <name>.text:ADC_setInterruptSource</name>
         <load_address>0x85061</load_address>
         <run_address>0x85061</run_address>
         <size>0x2f</size>
         <input_file_ref idref="fl-4"/>
      </object_component>
      <object_component id="oc-13">
         <name>.text:decompress:lzss</name>
         <load_address>0x85090</load_address>
         <run_address>0x85090</run_address>
         <size>0x2e</size>
         <input_file_ref idref="fl-2b"/>
      </object_component>
      <object_component id="oc-11d">
         <name>.text:EPWM_setActionQualifierContSWForceAction</name>
         <load_address>0x850be</load_address>
         <run_address>0x850be</run_address>
         <size>0x2c</size>
         <input_file_ref idref="fl-4"/>
      </object_component>
      <object_component id="oc-1df">
         <name>.text:EPWM_setDeadBandDelayMode</name>
         <load_address>0x850ea</load_address>
         <run_address>0x850ea</run_address>
         <size>0x2c</size>
         <input_file_ref idref="fl-4"/>
      </object_component>
      <object_component id="oc-290">
         <name>.text:EPWM_isBaseValid</name>
         <load_address>0x85116</load_address>
         <run_address>0x85116</run_address>
         <size>0x2b</size>
         <input_file_ref idref="fl-4"/>
      </object_component>
      <object_component id="oc-3c0">
         <name>.text:__TI_auto_init_nobinit_nopinit</name>
         <load_address>0x85141</load_address>
         <run_address>0x85141</run_address>
         <size>0x2b</size>
         <input_file_ref idref="fl-28"/>
      </object_component>
      <object_component id="oc-d6">
         <name>.text:SPLL_1PH_SOGI_config</name>
         <load_address>0x8516c</load_address>
         <run_address>0x8516c</run_address>
         <size>0x2a</size>
         <input_file_ref idref="fl-4"/>
      </object_component>
      <object_component id="oc-516">
         <name>.text</name>
         <load_address>0x85196</load_address>
         <run_address>0x85196</run_address>
         <size>0x2a</size>
         <input_file_ref idref="fl-32"/>
      </object_component>
      <object_component id="oc-587">
         <name>.text</name>
         <load_address>0x851c0</load_address>
         <run_address>0x851c0</run_address>
         <size>0x2a</size>
         <input_file_ref idref="fl-4b"/>
      </object_component>
      <object_component id="oc-2ce">
         <name>.text</name>
         <load_address>0x851ea</load_address>
         <run_address>0x851ea</run_address>
         <size>0x29</size>
         <input_file_ref idref="fl-2c"/>
      </object_component>
      <object_component id="oc-363">
         <name>.text:ADC_setOffsetTrimAll</name>
         <load_address>0x85213</load_address>
         <run_address>0x85213</run_address>
         <size>0x28</size>
         <input_file_ref idref="fl-10"/>
      </object_component>
      <object_component id="oc-1e5">
         <name>.text:EPWM_setRisingEdgeDeadBandDelayInput</name>
         <load_address>0x8523b</load_address>
         <run_address>0x8523b</run_address>
         <size>0x27</size>
         <input_file_ref idref="fl-4"/>
      </object_component>
      <object_component id="oc-40e">
         <name>.text:SysCtl_selectXTALSingleEnded</name>
         <load_address>0x85262</load_address>
         <run_address>0x85262</run_address>
         <size>0x25</size>
         <input_file_ref idref="fl-16"/>
      </object_component>
      <object_component id="oc-ba">
         <name>.text:initADCB</name>
         <load_address>0x85287</load_address>
         <run_address>0x85287</run_address>
         <size>0x25</size>
         <input_file_ref idref="fl-4"/>
      </object_component>
      <object_component id="oc-44b">
         <name>.text:DCC_enableSingleShotMode</name>
         <load_address>0x852ac</load_address>
         <run_address>0x852ac</run_address>
         <size>0x24</size>
         <input_file_ref idref="fl-16"/>
      </object_component>
      <object_component id="oc-1f1">
         <name>.text:EPWM_setDeadBandDelayPolarity</name>
         <load_address>0x852d0</load_address>
         <run_address>0x852d0</run_address>
         <size>0x24</size>
         <input_file_ref idref="fl-4"/>
      </object_component>
      <object_component id="oc-59e">
         <name>.text</name>
         <load_address>0x852f4</load_address>
         <run_address>0x852f4</run_address>
         <size>0x24</size>
         <input_file_ref idref="fl-49"/>
      </object_component>
      <object_component id="oc-117">
         <name>.text:EPWM_setCounterCompareValue</name>
         <load_address>0x85318</load_address>
         <run_address>0x85318</run_address>
         <size>0x22</size>
         <input_file_ref idref="fl-4"/>
      </object_component>
      <object_component id="oc-215">
         <name>.text:EPWM_setTripZoneAction</name>
         <load_address>0x8533a</load_address>
         <run_address>0x8533a</run_address>
         <size>0x22</size>
         <input_file_ref idref="fl-4"/>
      </object_component>
      <object_component id="oc-53f">
         <name>.text</name>
         <load_address>0x8535c</load_address>
         <run_address>0x8535c</run_address>
         <size>0x21</size>
         <input_file_ref idref="fl-36"/>
      </object_component>
      <object_component id="oc-23b">
         <name>.text:ADC_enableInterrupt</name>
         <load_address>0x8537d</load_address>
         <run_address>0x8537d</run_address>
         <size>0x20</size>
         <input_file_ref idref="fl-4"/>
      </object_component>
      <object_component id="oc-123">
         <name>.text:EPWM_clearTripZoneFlag</name>
         <load_address>0x8539d</load_address>
         <run_address>0x8539d</run_address>
         <size>0x1f</size>
         <input_file_ref idref="fl-4"/>
      </object_component>
      <object_component id="oc-f4">
         <name>.text:EPWM_forceTripZoneEvent</name>
         <load_address>0x853bc</load_address>
         <run_address>0x853bc</run_address>
         <size>0x1f</size>
         <input_file_ref idref="fl-4"/>
      </object_component>
      <object_component id="oc-52a">
         <name>.text</name>
         <load_address>0x853db</load_address>
         <run_address>0x853db</run_address>
         <size>0x1f</size>
         <input_file_ref idref="fl-37"/>
      </object_component>
      <object_component id="oc-43f">
         <name>.text:DCC_setCounter1ClkSource</name>
         <load_address>0x853fa</load_address>
         <run_address>0x853fa</run_address>
         <size>0x1e</size>
         <input_file_ref idref="fl-16"/>
      </object_component>
      <object_component id="oc-1cd">
         <name>.text:EPWM_setPhaseShift</name>
         <load_address>0x85418</load_address>
         <run_address>0x85418</run_address>
         <size>0x1e</size>
         <input_file_ref idref="fl-4"/>
      </object_component>
      <object_component id="oc-3e">
         <name>.text:Interrupt_initVectorTable</name>
         <load_address>0x85436</load_address>
         <run_address>0x85436</run_address>
         <size>0x1e</size>
         <input_file_ref idref="fl-14"/>
      </object_component>
      <object_component id="oc-494">
         <name>.text</name>
         <load_address>0x85454</load_address>
         <run_address>0x85454</run_address>
         <size>0x1e</size>
         <input_file_ref idref="fl-25"/>
      </object_component>
      <object_component id="oc-1fd">
         <name>.text:EPWM_setFallingEdgeDelayCount</name>
         <load_address>0x85472</load_address>
         <run_address>0x85472</run_address>
         <size>0x1d</size>
         <input_file_ref idref="fl-4"/>
      </object_component>
      <object_component id="oc-1f7">
         <name>.text:EPWM_setRisingEdgeDelayCount</name>
         <load_address>0x8548f</load_address>
         <run_address>0x8548f</run_address>
         <size>0x1d</size>
         <input_file_ref idref="fl-4"/>
      </object_component>
      <object_component id="oc-25c">
         <name>.text:SCI_enableFIFO</name>
         <load_address>0x854ac</load_address>
         <run_address>0x854ac</run_address>
         <size>0x1d</size>
         <input_file_ref idref="fl-4"/>
      </object_component>
      <object_component id="oc-550">
         <name>.text</name>
         <load_address>0x854c9</load_address>
         <run_address>0x854c9</run_address>
         <size>0x1d</size>
         <input_file_ref idref="fl-3a"/>
      </object_component>
      <object_component id="oc-58">
         <name>.text</name>
         <load_address>0x854e6</load_address>
         <run_address>0x854e6</run_address>
         <size>0x1d</size>
         <input_file_ref idref="fl-26"/>
      </object_component>
      <object_component id="oc-439">
         <name>.text:DCC_setCounter0ClkSource</name>
         <load_address>0x85503</load_address>
         <run_address>0x85503</run_address>
         <size>0x1c</size>
         <input_file_ref idref="fl-16"/>
      </object_component>
      <object_component id="oc-20f">
         <name>.text:EPWM_enableADCTrigger</name>
         <load_address>0x8551f</load_address>
         <run_address>0x8551f</run_address>
         <size>0x1c</size>
         <input_file_ref idref="fl-4"/>
      </object_component>
      <object_component id="oc-1bb">
         <name>.text:EPWM_setClockPrescaler</name>
         <load_address>0x8553b</load_address>
         <run_address>0x8553b</run_address>
         <size>0x1c</size>
         <input_file_ref idref="fl-4"/>
      </object_component>
      <object_component id="oc-535">
         <name>.text</name>
         <load_address>0x85557</load_address>
         <run_address>0x85557</run_address>
         <size>0x1c</size>
         <input_file_ref idref="fl-3b"/>
      </object_component>
      <object_component id="oc-178">
         <name>.text:SysCtl_getLowSpeedClock</name>
         <load_address>0x85573</load_address>
         <run_address>0x85573</run_address>
         <size>0x1a</size>
         <input_file_ref idref="fl-16"/>
      </object_component>
      <object_component id="oc-29a">
         <name>.text:SCI_writeCharBlockingFIFO</name>
         <load_address>0x8558d</load_address>
         <run_address>0x8558d</run_address>
         <size>0x19</size>
         <input_file_ref idref="fl-4"/>
      </object_component>
      <object_component id="oc-380">
         <name>.text:SCI_disableModule</name>
         <load_address>0x855a6</load_address>
         <run_address>0x855a6</run_address>
         <size>0x18</size>
         <input_file_ref idref="fl-15"/>
      </object_component>
      <object_component id="oc-262">
         <name>.text:SCI_resetChannels</name>
         <load_address>0x855be</load_address>
         <run_address>0x855be</run_address>
         <size>0x18</size>
         <input_file_ref idref="fl-4"/>
      </object_component>
      <object_component id="oc-268">
         <name>.text:SCI_resetRxFIFO</name>
         <load_address>0x855d6</load_address>
         <run_address>0x855d6</run_address>
         <size>0x18</size>
         <input_file_ref idref="fl-4"/>
      </object_component>
      <object_component id="oc-26e">
         <name>.text:SCI_resetTxFIFO</name>
         <load_address>0x855ee</load_address>
         <run_address>0x855ee</run_address>
         <size>0x18</size>
         <input_file_ref idref="fl-4"/>
      </object_component>
      <object_component id="oc-e8">
         <name>.text:SysCtl_disablePeripheral</name>
         <load_address>0x85606</load_address>
         <run_address>0x85606</run_address>
         <size>0x18</size>
         <input_file_ref idref="fl-4"/>
      </object_component>
      <object_component id="oc-49e">
         <name>.text</name>
         <load_address>0x8561e</load_address>
         <run_address>0x8561e</run_address>
         <size>0x18</size>
         <input_file_ref idref="fl-38"/>
      </object_component>
      <object_component id="oc-241">
         <name>.text:ADC_forceSOC</name>
         <load_address>0x85636</load_address>
         <run_address>0x85636</run_address>
         <size>0x17</size>
         <input_file_ref idref="fl-4"/>
      </object_component>
      <object_component id="oc-35c">
         <name>.text:ADC_isBaseValid</name>
         <load_address>0x8564d</load_address>
         <run_address>0x8564d</run_address>
         <size>0x17</size>
         <input_file_ref idref="fl-10"/>
      </object_component>
      <object_component id="oc-14d">
         <name>.text:ADC_isBaseValid</name>
         <load_address>0x85664</load_address>
         <run_address>0x85664</run_address>
         <size>0x17</size>
         <input_file_ref idref="fl-4"/>
      </object_component>
      <object_component id="oc-32f">
         <name>.text:SysCtl_enablePeripheral</name>
         <load_address>0x8567b</load_address>
         <run_address>0x8567b</run_address>
         <size>0x17</size>
         <input_file_ref idref="fl-5"/>
      </object_component>
      <object_component id="oc-415">
         <name>.text:SysCtl_enablePeripheral</name>
         <load_address>0x85692</load_address>
         <run_address>0x85692</run_address>
         <size>0x17</size>
         <input_file_ref idref="fl-16"/>
      </object_component>
      <object_component id="oc-ee">
         <name>.text:SysCtl_enablePeripheral</name>
         <load_address>0x856a9</load_address>
         <run_address>0x856a9</run_address>
         <size>0x17</size>
         <input_file_ref idref="fl-4"/>
      </object_component>
      <object_component id="oc-140">
         <name>.text</name>
         <load_address>0x856c0</load_address>
         <run_address>0x856c0</run_address>
         <size>0x17</size>
         <input_file_ref idref="fl-23"/>
      </object_component>
      <object_component id="oc-223">
         <name>.text:ADC_setPrescaler</name>
         <load_address>0x856d7</load_address>
         <run_address>0x856d7</run_address>
         <size>0x16</size>
         <input_file_ref idref="fl-4"/>
      </object_component>
      <object_component id="oc-433">
         <name>.text:DCC_disableDoneSignal</name>
         <load_address>0x856ed</load_address>
         <run_address>0x856ed</run_address>
         <size>0x16</size>
         <input_file_ref idref="fl-16"/>
      </object_component>
      <object_component id="oc-457">
         <name>.text:DCC_enableDoneSignal</name>
         <load_address>0x85703</load_address>
         <run_address>0x85703</run_address>
         <size>0x16</size>
         <input_file_ref idref="fl-16"/>
      </object_component>
      <object_component id="oc-3d">
         <name>.text:Interrupt_defaultHandler</name>
         <load_address>0x85719</load_address>
         <run_address>0x85719</run_address>
         <size>0x16</size>
         <input_file_ref idref="fl-14"/>
      </object_component>
      <object_component id="oc-421">
         <name>.text:DCC_clearDoneFlag</name>
         <load_address>0x8572f</load_address>
         <run_address>0x8572f</run_address>
         <size>0x15</size>
         <input_file_ref idref="fl-16"/>
      </object_component>
      <object_component id="oc-41b">
         <name>.text:DCC_clearErrorFlag</name>
         <load_address>0x85744</load_address>
         <run_address>0x85744</run_address>
         <size>0x15</size>
         <input_file_ref idref="fl-16"/>
      </object_component>
      <object_component id="oc-42d">
         <name>.text:DCC_disableErrorSignal</name>
         <load_address>0x85759</load_address>
         <run_address>0x85759</run_address>
         <size>0x15</size>
         <input_file_ref idref="fl-16"/>
      </object_component>
      <object_component id="oc-451">
         <name>.text:DCC_enableErrorSignal</name>
         <load_address>0x8576e</load_address>
         <run_address>0x8576e</run_address>
         <size>0x15</size>
         <input_file_ref idref="fl-16"/>
      </object_component>
      <object_component id="oc-19e">
         <name>.text:GPIO_unlockPortConfig</name>
         <load_address>0x85783</load_address>
         <run_address>0x85783</run_address>
         <size>0x15</size>
         <input_file_ref idref="fl-5"/>
      </object_component>
      <object_component id="oc-78">
         <name>.text:ADC_clearInterruptStatus</name>
         <load_address>0x85798</load_address>
         <run_address>0x85798</run_address>
         <size>0x14</size>
         <input_file_ref idref="fl-4"/>
      </object_component>
      <object_component id="oc-427">
         <name>.text:DCC_disableModule</name>
         <load_address>0x857ac</load_address>
         <run_address>0x857ac</run_address>
         <size>0x14</size>
         <input_file_ref idref="fl-16"/>
      </object_component>
      <object_component id="oc-45d">
         <name>.text:DCC_enableModule</name>
         <load_address>0x857c0</load_address>
         <run_address>0x857c0</run_address>
         <size>0x14</size>
         <input_file_ref idref="fl-16"/>
      </object_component>
      <object_component id="oc-1c7">
         <name>.text:EPWM_setTimeBaseCounterMode</name>
         <load_address>0x857d4</load_address>
         <run_address>0x857d4</run_address>
         <size>0x14</size>
         <input_file_ref idref="fl-4"/>
      </object_component>
      <object_component id="oc-1c1">
         <name>.text:EPWM_setTimeBasePeriod</name>
         <load_address>0x857e8</load_address>
         <run_address>0x857e8</run_address>
         <size>0x14</size>
         <input_file_ref idref="fl-4"/>
      </object_component>
      <object_component id="oc-337">
         <name>.text:GPIO_isPinValid</name>
         <load_address>0x857fc</load_address>
         <run_address>0x857fc</run_address>
         <size>0x14</size>
         <input_file_ref idref="fl-13"/>
      </object_component>
      <object_component id="oc-3b4">
         <name>.text:SCI_getTxFIFOStatus</name>
         <load_address>0x85810</load_address>
         <run_address>0x85810</run_address>
         <size>0x14</size>
         <input_file_ref idref="fl-4"/>
      </object_component>
      <object_component id="oc-229">
         <name>.text:ADC_enableConverter</name>
         <load_address>0x85824</load_address>
         <run_address>0x85824</run_address>
         <size>0x13</size>
         <input_file_ref idref="fl-4"/>
      </object_component>
      <object_component id="oc-386">
         <name>.text:SCI_enableModule</name>
         <load_address>0x85837</load_address>
         <run_address>0x85837</run_address>
         <size>0x13</size>
         <input_file_ref idref="fl-15"/>
      </object_component>
      <object_component id="oc-274">
         <name>.text:SCI_enableModule</name>
         <load_address>0x8584a</load_address>
         <run_address>0x8584a</run_address>
         <size>0x13</size>
         <input_file_ref idref="fl-4"/>
      </object_component>
      <object_component id="oc-280">
         <name>.text:SCI_enableRxModule</name>
         <load_address>0x8585d</load_address>
         <run_address>0x8585d</run_address>
         <size>0x13</size>
         <input_file_ref idref="fl-4"/>
      </object_component>
      <object_component id="oc-27a">
         <name>.text:SCI_enableTxModule</name>
         <load_address>0x85870</load_address>
         <run_address>0x85870</run_address>
         <size>0x13</size>
         <input_file_ref idref="fl-4"/>
      </object_component>
      <object_component id="oc-379">
         <name>.text:SCI_isBaseValid</name>
         <load_address>0x85883</load_address>
         <run_address>0x85883</run_address>
         <size>0x13</size>
         <input_file_ref idref="fl-15"/>
      </object_component>
      <object_component id="oc-38e">
         <name>.text:SCI_isBaseValid</name>
         <load_address>0x85896</load_address>
         <run_address>0x85896</run_address>
         <size>0x13</size>
         <input_file_ref idref="fl-4"/>
      </object_component>
      <object_component id="oc-4ed">
         <name>.text:DCC_isBaseValid</name>
         <load_address>0x858a9</load_address>
         <run_address>0x858a9</run_address>
         <size>0x10</size>
         <input_file_ref idref="fl-16"/>
      </object_component>
      <object_component id="oc-90">
         <name>.text:Device_initGPIO</name>
         <load_address>0x858b9</load_address>
         <run_address>0x858b9</run_address>
         <size>0x10</size>
         <input_file_ref idref="fl-5"/>
      </object_component>
      <object_component id="oc-2d8">
         <name>.text:Flash_isCtrlBaseValid</name>
         <load_address>0x858c9</load_address>
         <run_address>0x858c9</run_address>
         <size>0x10</size>
         <input_file_ref idref="fl-12"/>
      </object_component>
      <object_component id="oc-2df">
         <name>.text:Flash_isECCBaseValid</name>
         <load_address>0x858d9</load_address>
         <run_address>0x858d9</run_address>
         <size>0x10</size>
         <input_file_ref idref="fl-12"/>
      </object_component>
      <object_component id="oc-486">
         <name>.text</name>
         <load_address>0x858e9</load_address>
         <run_address>0x858e9</run_address>
         <size>0x10</size>
         <input_file_ref idref="fl-42"/>
      </object_component>
      <object_component id="oc-184">
         <name>.text:ASysCtl_disableDCDC</name>
         <load_address>0x858f9</load_address>
         <run_address>0x858f9</run_address>
         <size>0xf</size>
         <input_file_ref idref="fl-5"/>
      </object_component>
      <object_component id="oc-9c">
         <name>.text:Interrupt_register</name>
         <load_address>0x85908</load_address>
         <run_address>0x85908</run_address>
         <size>0xf</size>
         <input_file_ref idref="fl-4"/>
      </object_component>
      <object_component id="oc-108">
         <name>.text:sendSCIText</name>
         <load_address>0x85917</load_address>
         <run_address>0x85917</run_address>
         <size>0xf</size>
         <input_file_ref idref="fl-4"/>
      </object_component>
      <object_component id="oc-53a">
         <name>.text</name>
         <load_address>0x85926</load_address>
         <run_address>0x85926</run_address>
         <size>0xe</size>
         <input_file_ref idref="fl-35"/>
      </object_component>
      <object_component id="oc-1a5">
         <name>.text:Interrupt_disableGlobal</name>
         <load_address>0x85934</load_address>
         <run_address>0x85934</run_address>
         <size>0xd</size>
         <input_file_ref idref="fl-14"/>
      </object_component>
      <object_component id="oc-371">
         <name>.text:Interrupt_enableGlobal</name>
         <load_address>0x85941</load_address>
         <run_address>0x85941</run_address>
         <size>0xd</size>
         <input_file_ref idref="fl-14"/>
      </object_component>
      <object_component id="oc-16b">
         <name>.text:SysCtl_setLowSpeedClock</name>
         <load_address>0x8594e</load_address>
         <run_address>0x8594e</run_address>
         <size>0xd</size>
         <input_file_ref idref="fl-5"/>
      </object_component>
      <object_component id="oc-60">
         <name>.text:decompress:ZI:__TI_zero_init_nomemset</name>
         <load_address>0x8595b</load_address>
         <run_address>0x8595b</run_address>
         <size>0xd</size>
         <input_file_ref idref="fl-29"/>
      </object_component>
      <object_component id="oc-2c8">
         <name>.text</name>
         <load_address>0x85968</load_address>
         <run_address>0x85968</run_address>
         <size>0xc</size>
         <input_file_ref idref="fl-2e"/>
      </object_component>
      <object_component id="oc-555">
         <name>.text</name>
         <load_address>0x85974</load_address>
         <run_address>0x85974</run_address>
         <size>0xc</size>
         <input_file_ref idref="fl-43"/>
      </object_component>
      <object_component id="oc-159">
         <name>.text:SysCtl_disableWatchdog</name>
         <load_address>0x85980</load_address>
         <run_address>0x85980</run_address>
         <size>0xb</size>
         <input_file_ref idref="fl-5"/>
      </object_component>
      <object_component id="oc-318">
         <name>.text:SysCtl_isMCDClockFailureDetected</name>
         <load_address>0x8598b</load_address>
         <run_address>0x8598b</run_address>
         <size>0xb</size>
         <input_file_ref idref="fl-16"/>
      </object_component>
      <object_component id="oc-2ab">
         <name>.text:__relaxed_cosf</name>
         <load_address>0x85996</load_address>
         <run_address>0x85996</run_address>
         <size>0xb</size>
         <input_file_ref idref="fl-4"/>
      </object_component>
      <object_component id="oc-2a4">
         <name>.text:__relaxed_sinf</name>
         <load_address>0x859a1</load_address>
         <run_address>0x859a1</run_address>
         <size>0xb</size>
         <input_file_ref idref="fl-4"/>
      </object_component>
      <object_component id="oc-4a3">
         <name>.text</name>
         <load_address>0x859ac</load_address>
         <run_address>0x859ac</run_address>
         <size>0xb</size>
         <input_file_ref idref="fl-31"/>
      </object_component>
      <object_component id="oc-49">
         <name>.text:Interrupt_illegalOperationHandler</name>
         <load_address>0x859b7</load_address>
         <run_address>0x859b7</run_address>
         <size>0xa</size>
         <input_file_ref idref="fl-14"/>
      </object_component>
      <object_component id="oc-4f">
         <name>.text:Interrupt_nmiHandler</name>
         <load_address>0x859c1</load_address>
         <run_address>0x859c1</run_address>
         <size>0xa</size>
         <input_file_ref idref="fl-14"/>
      </object_component>
      <object_component id="oc-fa">
         <name>.text:__relaxed_sqrtf</name>
         <load_address>0x859cb</load_address>
         <run_address>0x859cb</run_address>
         <size>0x9</size>
         <input_file_ref idref="fl-4"/>
      </object_component>
      <object_component id="oc-4d2">
         <name>.text</name>
         <load_address>0x859d4</load_address>
         <run_address>0x859d4</run_address>
         <size>0x9</size>
         <input_file_ref idref="fl-2d"/>
      </object_component>
      <object_component id="oc-51b">
         <name>.text</name>
         <load_address>0x859dd</load_address>
         <run_address>0x859dd</run_address>
         <size>0x9</size>
         <input_file_ref idref="fl-34"/>
      </object_component>
      <object_component id="oc-19">
         <name>.text:decompress:none</name>
         <load_address>0x859e6</load_address>
         <run_address>0x859e6</run_address>
         <size>0x8</size>
         <input_file_ref idref="fl-2a"/>
      </object_component>
      <object_component id="oc-6c">
         <name>.text</name>
         <load_address>0x859ee</load_address>
         <run_address>0x859ee</run_address>
         <size>0x8</size>
         <input_file_ref idref="fl-6"/>
      </object_component>
      <object_component id="oc-47a">
         <name>.text</name>
         <load_address>0x859f6</load_address>
         <run_address>0x859f6</run_address>
         <size>0x8</size>
         <input_file_ref idref="fl-45"/>
      </object_component>
      <object_component id="oc-4e4">
         <name>.text:SysCtl_resetMCD</name>
         <load_address>0x859fe</load_address>
         <run_address>0x859fe</run_address>
         <size>0x7</size>
         <input_file_ref idref="fl-16"/>
      </object_component>
      <object_component id="oc-146">
         <name>.text:__error__</name>
         <load_address>0x85a05</load_address>
         <run_address>0x85a05</run_address>
         <size>0x7</size>
         <input_file_ref idref="fl-5"/>
      </object_component>
      <object_component id="oc-139">
         <name>.text</name>
         <load_address>0x85a0c</load_address>
         <run_address>0x85a0c</run_address>
         <size>0x7</size>
         <input_file_ref idref="fl-2f"/>
      </object_component>
      <object_component id="oc-7e">
         <name>.text:Interrupt_clearACKGroup</name>
         <load_address>0x85a13</load_address>
         <run_address>0x85a13</run_address>
         <size>0x6</size>
         <input_file_ref idref="fl-4"/>
      </object_component>
      <object_component id="oc-a2">
         <name>.text:Board_init</name>
         <load_address>0x85a19</load_address>
         <run_address>0x85a19</run_address>
         <size>0x5</size>
         <input_file_ref idref="fl-2"/>
      </object_component>
      <object_component id="oc-480">
         <name>.text</name>
         <load_address>0x85a1e</load_address>
         <run_address>0x85a1e</run_address>
         <size>0x5</size>
         <input_file_ref idref="fl-44"/>
      </object_component>
      <object_component id="oc-1ad">
         <name>.text:PinMux_init</name>
         <load_address>0x85a23</load_address>
         <run_address>0x85a23</run_address>
         <size>0x1</size>
         <input_file_ref idref="fl-2"/>
      </object_component>
      <object_component id="oc-4b8">
         <name>.text</name>
         <load_address>0x85a24</load_address>
         <run_address>0x85a24</run_address>
         <size>0x1</size>
         <input_file_ref idref="fl-3e"/>
      </object_component>
      <object_component id="oc-5f6">
         <name>.cinit..data.load</name>
         <load_address>0x8112c</load_address>
         <run_address>0x8112c</run_address>
         <size>0x12</size>
      </object_component>
      <object_component id="oc-5f3">
         <name>__TI_handler_table</name>
         <load_address>0x8113e</load_address>
         <run_address>0x8113e</run_address>
         <size>0x6</size>
      </object_component>
      <object_component id="oc-5f5">
         <name>.cinit..bss.load</name>
         <load_address>0x81144</load_address>
         <run_address>0x81144</run_address>
         <size>0x4</size>
      </object_component>
      <object_component id="oc-5f4">
         <name>__TI_cinit_table</name>
         <load_address>0x81148</load_address>
         <run_address>0x81148</run_address>
         <size>0x8</size>
      </object_component>
      <object_component id="oc-55">
         <name>.stack</name>
         <uninitialized>true</uninitialized>
         <run_address>0x400</run_address>
         <size>0x0</size>
         <input_file_ref idref="fl-23"/>
      </object_component>
      <object_component id="oc-5f7">
         <name>.stack</name>
         <uninitialized>true</uninitialized>
         <run_address>0x400</run_address>
         <size>0x0</size>
      </object_component>
      <object_component id="oc-cd">
         <name>.bss</name>
         <uninitialized>true</uninitialized>
         <run_address>0xa800</run_address>
         <size>0x42</size>
         <input_file_ref idref="fl-4"/>
      </object_component>
      <object_component id="oc-87">
         <name>.data</name>
         <load_address>0xa842</load_address>
         <run_address>0xa842</run_address>
         <size>0x24</size>
         <input_file_ref idref="fl-4"/>
      </object_component>
      <object_component id="oc-3f2">
         <name>.data</name>
         <load_address>0xa866</load_address>
         <run_address>0xa866</run_address>
         <size>0x6</size>
         <input_file_ref idref="fl-2c"/>
      </object_component>
      <object_component id="oc-3f5">
         <name>.data:_lock</name>
         <load_address>0xa86c</load_address>
         <run_address>0xa86c</run_address>
         <size>0x2</size>
         <input_file_ref idref="fl-2d"/>
      </object_component>
      <object_component id="oc-563">
         <name>.data:_unlock</name>
         <load_address>0xa86e</load_address>
         <run_address>0xa86e</run_address>
         <size>0x2</size>
         <input_file_ref idref="fl-2d"/>
      </object_component>
      <object_component id="oc-4a9">
         <name>.data</name>
         <load_address>0xa870</load_address>
         <run_address>0xa870</run_address>
         <size>0x1</size>
         <input_file_ref idref="fl-46"/>
      </object_component>
      <object_component id="oc-508">
         <name>.const:.string:_ctypes_</name>
         <load_address>0x84000</load_address>
         <run_address>0x84000</run_address>
         <size>0x101</size>
         <input_file_ref idref="fl-41"/>
      </object_component>
      <object_component id="oc-101">
         <name>.const:.string</name>
         <load_address>0x84102</load_address>
         <run_address>0x84102</run_address>
         <size>0xfb</size>
         <input_file_ref idref="fl-4"/>
      </object_component>
      <object_component id="oc-2de">
         <name>.const:.string</name>
         <load_address>0x841fe</load_address>
         <run_address>0x841fe</run_address>
         <size>0x9b</size>
         <input_file_ref idref="fl-12"/>
      </object_component>
      <object_component id="oc-317">
         <name>.const:.string</name>
         <load_address>0x8429a</load_address>
         <run_address>0x8429a</run_address>
         <size>0x9a</size>
         <input_file_ref idref="fl-16"/>
      </object_component>
      <object_component id="oc-33d">
         <name>.const:.string</name>
         <load_address>0x84334</load_address>
         <run_address>0x84334</run_address>
         <size>0x98</size>
         <input_file_ref idref="fl-13"/>
      </object_component>
      <object_component id="oc-37f">
         <name>.const:.string</name>
         <load_address>0x843cc</load_address>
         <run_address>0x843cc</run_address>
         <size>0x97</size>
         <input_file_ref idref="fl-15"/>
      </object_component>
      <object_component id="oc-177">
         <name>.const:.string</name>
         <load_address>0x84464</load_address>
         <run_address>0x84464</run_address>
         <size>0x55</size>
         <input_file_ref idref="fl-5"/>
      </object_component>
      <object_component id="oc-362">
         <name>.const:.string</name>
         <load_address>0x844ba</load_address>
         <run_address>0x844ba</run_address>
         <size>0x4b</size>
         <input_file_ref idref="fl-10"/>
      </object_component>
      <object_component id="oc-479">
         <name>.const:.string</name>
         <load_address>0x84506</load_address>
         <run_address>0x84506</run_address>
         <size>0x26</size>
         <input_file_ref idref="fl-30"/>
      </object_component>
      <object_component id="oc-515">
         <name>.const</name>
         <load_address>0x8452c</load_address>
         <run_address>0x8452c</run_address>
         <size>0x1c</size>
         <input_file_ref idref="fl-30"/>
      </object_component>
      <object_component id="oc-59b">
         <name>.const</name>
         <load_address>0x84548</load_address>
         <run_address>0x84548</run_address>
         <size>0x1c</size>
         <input_file_ref idref="fl-48"/>
      </object_component>
      <object_component id="oc-596">
         <name>.const</name>
         <load_address>0x84564</load_address>
         <run_address>0x84564</run_address>
         <size>0x8</size>
         <input_file_ref idref="fl-47"/>
      </object_component>
      <object_component id="oc-84">
         <name>.const</name>
         <load_address>0x8456c</load_address>
         <run_address>0x8456c</run_address>
         <size>0x6</size>
         <input_file_ref idref="fl-4"/>
      </object_component>
      <object_component id="oc-15f">
         <name>.TI.ramfunc:Flash_initModule</name>
         <load_address>0x81000</load_address>
         <run_address>0x8000</run_address>
         <size>0x44</size>
         <input_file_ref idref="fl-12"/>
      </object_component>
      <object_component id="oc-2e5">
         <name>.TI.ramfunc:Flash_setBankPowerMode</name>
         <load_address>0x81044</load_address>
         <run_address>0x8044</run_address>
         <size>0x2c</size>
         <input_file_ref idref="fl-12"/>
      </object_component>
      <object_component id="oc-2fd">
         <name>.TI.ramfunc:Flash_setWaitstates</name>
         <load_address>0x81070</load_address>
         <run_address>0x8070</run_address>
         <size>0x24</size>
         <input_file_ref idref="fl-12"/>
      </object_component>
      <object_component id="oc-2eb">
         <name>.TI.ramfunc:Flash_setPumpPowerMode</name>
         <load_address>0x81094</load_address>
         <run_address>0x8094</run_address>
         <size>0x1d</size>
         <input_file_ref idref="fl-12"/>
      </object_component>
      <object_component id="oc-2f1">
         <name>.TI.ramfunc:Flash_disableCache</name>
         <load_address>0x810b1</load_address>
         <run_address>0x80b1</run_address>
         <size>0x18</size>
         <input_file_ref idref="fl-12"/>
      </object_component>
      <object_component id="oc-2f7">
         <name>.TI.ramfunc:Flash_disablePrefetch</name>
         <load_address>0x810c9</load_address>
         <run_address>0x80c9</run_address>
         <size>0x18</size>
         <input_file_ref idref="fl-12"/>
      </object_component>
      <object_component id="oc-303">
         <name>.TI.ramfunc:Flash_enableCache</name>
         <load_address>0x810e1</load_address>
         <run_address>0x80e1</run_address>
         <size>0x17</size>
         <input_file_ref idref="fl-12"/>
      </object_component>
      <object_component id="oc-309">
         <name>.TI.ramfunc:Flash_enablePrefetch</name>
         <load_address>0x810f8</load_address>
         <run_address>0x80f8</run_address>
         <size>0x17</size>
         <input_file_ref idref="fl-12"/>
      </object_component>
      <object_component id="oc-30f">
         <name>.TI.ramfunc:Flash_enableECC</name>
         <load_address>0x8110f</load_address>
         <run_address>0x810f</run_address>
         <size>0x16</size>
         <input_file_ref idref="fl-12"/>
      </object_component>
      <object_component id="oc-c6">
         <name>.TI.ramfunc</name>
         <load_address>0x81125</load_address>
         <run_address>0x8125</run_address>
         <size>0x4</size>
         <input_file_ref idref="fl-16"/>
      </object_component>
      <object_component id="oc-1b4">
         <name>.debug_types</name>
         <load_address>0x0</load_address>
         <run_address>0x0</run_address>
         <size>0x2d9</size>
         <input_file_ref idref="fl-2"/>
      </object_component>
      <object_component id="oc-28d">
         <name>.debug_types</name>
         <load_address>0x0</load_address>
         <run_address>0x0</run_address>
         <size>0x0</size>
         <input_file_ref idref="fl-3"/>
      </object_component>
      <object_component id="oc-10f">
         <name>.debug_types</name>
         <load_address>0x2d9</load_address>
         <run_address>0x2d9</run_address>
         <size>0x2b76</size>
         <input_file_ref idref="fl-4"/>
      </object_component>
      <object_component id="oc-19d">
         <name>.debug_types</name>
         <load_address>0x2e4f</load_address>
         <run_address>0x2e4f</run_address>
         <size>0x46d</size>
         <input_file_ref idref="fl-5"/>
      </object_component>
      <object_component id="oc-36a">
         <name>.debug_types</name>
         <load_address>0x32bc</load_address>
         <run_address>0x32bc</run_address>
         <size>0x151</size>
         <input_file_ref idref="fl-10"/>
      </object_component>
      <object_component id="oc-316">
         <name>.debug_types</name>
         <load_address>0x340d</load_address>
         <run_address>0x340d</run_address>
         <size>0x1e9</size>
         <input_file_ref idref="fl-12"/>
      </object_component>
      <object_component id="oc-33f">
         <name>.debug_types</name>
         <load_address>0x35f6</load_address>
         <run_address>0x35f6</run_address>
         <size>0x2e2</size>
         <input_file_ref idref="fl-13"/>
      </object_component>
      <object_component id="oc-12b">
         <name>.debug_types</name>
         <load_address>0x0</load_address>
         <run_address>0x0</run_address>
         <size>0x0</size>
         <input_file_ref idref="fl-14"/>
      </object_component>
      <object_component id="oc-38d">
         <name>.debug_types</name>
         <load_address>0x38d8</load_address>
         <run_address>0x38d8</run_address>
         <size>0x259</size>
         <input_file_ref idref="fl-15"/>
      </object_component>
      <object_component id="oc-32b">
         <name>.debug_types</name>
         <load_address>0x3b31</load_address>
         <run_address>0x3b31</run_address>
         <size>0x1d4</size>
         <input_file_ref idref="fl-16"/>
      </object_component>
      <object_component id="oc-299">
         <name>.debug_types</name>
         <load_address>0x3d05</load_address>
         <run_address>0x3d05</run_address>
         <size>0x2c2</size>
         <input_file_ref idref="fl-22"/>
      </object_component>
      <object_component id="oc-133">
         <name>.debug_types</name>
         <load_address>0x3fc7</load_address>
         <run_address>0x3fc7</run_address>
         <size>0x89</size>
         <input_file_ref idref="fl-26"/>
      </object_component>
      <object_component id="oc-3bf">
         <name>.debug_types</name>
         <load_address>0x0</load_address>
         <run_address>0x0</run_address>
         <size>0x0</size>
         <input_file_ref idref="fl-27"/>
      </object_component>
      <object_component id="oc-4bf">
         <name>.debug_types</name>
         <load_address>0x4050</load_address>
         <run_address>0x4050</run_address>
         <size>0x412</size>
         <input_file_ref idref="fl-28"/>
      </object_component>
      <object_component id="oc-138">
         <name>.debug_types</name>
         <load_address>0x4462</load_address>
         <run_address>0x4462</run_address>
         <size>0x194</size>
         <input_file_ref idref="fl-29"/>
      </object_component>
      <object_component id="oc-5f">
         <name>.debug_types</name>
         <load_address>0x0</load_address>
         <run_address>0x0</run_address>
         <size>0x0</size>
         <input_file_ref idref="fl-2a"/>
      </object_component>
      <object_component id="oc-57">
         <name>.debug_types</name>
         <load_address>0x45f6</load_address>
         <run_address>0x45f6</run_address>
         <size>0x191</size>
         <input_file_ref idref="fl-2b"/>
      </object_component>
      <object_component id="oc-3f9">
         <name>.debug_types</name>
         <load_address>0x4787</load_address>
         <run_address>0x4787</run_address>
         <size>0x90</size>
         <input_file_ref idref="fl-2c"/>
      </object_component>
      <object_component id="oc-4da">
         <name>.debug_types</name>
         <load_address>0x4817</load_address>
         <run_address>0x4817</run_address>
         <size>0x2f</size>
         <input_file_ref idref="fl-2d"/>
      </object_component>
      <object_component id="oc-3f1">
         <name>.debug_types</name>
         <load_address>0x4846</load_address>
         <run_address>0x4846</run_address>
         <size>0xb6</size>
         <input_file_ref idref="fl-2e"/>
      </object_component>
      <object_component id="oc-2c0">
         <name>.debug_types</name>
         <load_address>0x0</load_address>
         <run_address>0x0</run_address>
         <size>0x0</size>
         <input_file_ref idref="fl-2f"/>
      </object_component>
      <object_component id="oc-48d">
         <name>.debug_types</name>
         <load_address>0x48fc</load_address>
         <run_address>0x48fc</run_address>
         <size>0x926</size>
         <input_file_ref idref="fl-30"/>
      </object_component>
      <object_component id="oc-511">
         <name>.debug_types</name>
         <load_address>0x5222</load_address>
         <run_address>0x5222</run_address>
         <size>0x160</size>
         <input_file_ref idref="fl-31"/>
      </object_component>
      <object_component id="oc-55d">
         <name>.debug_types</name>
         <load_address>0x0</load_address>
         <run_address>0x0</run_address>
         <size>0x0</size>
         <input_file_ref idref="fl-3e"/>
      </object_component>
      <object_component id="oc-58d">
         <name>.debug_types</name>
         <load_address>0x5382</load_address>
         <run_address>0x5382</run_address>
         <size>0x61</size>
         <input_file_ref idref="fl-3f"/>
      </object_component>
      <object_component id="oc-50c">
         <name>.debug_types</name>
         <load_address>0x53e3</load_address>
         <run_address>0x53e3</run_address>
         <size>0x34</size>
         <input_file_ref idref="fl-40"/>
      </object_component>
      <object_component id="oc-578">
         <name>.debug_types</name>
         <load_address>0x0</load_address>
         <run_address>0x0</run_address>
         <size>0x0</size>
         <input_file_ref idref="fl-41"/>
      </object_component>
      <object_component id="oc-504">
         <name>.debug_types</name>
         <load_address>0x0</load_address>
         <run_address>0x0</run_address>
         <size>0x0</size>
         <input_file_ref idref="fl-42"/>
      </object_component>
      <object_component id="oc-5a8">
         <name>.debug_types</name>
         <load_address>0x0</load_address>
         <run_address>0x0</run_address>
         <size>0x0</size>
         <input_file_ref idref="fl-43"/>
      </object_component>
      <object_component id="oc-502">
         <name>.debug_types</name>
         <load_address>0x5417</load_address>
         <run_address>0x5417</run_address>
         <size>0x34</size>
         <input_file_ref idref="fl-44"/>
      </object_component>
      <object_component id="oc-500">
         <name>.debug_types</name>
         <load_address>0x0</load_address>
         <run_address>0x0</run_address>
         <size>0x0</size>
         <input_file_ref idref="fl-45"/>
      </object_component>
      <object_component id="oc-514">
         <name>.debug_types</name>
         <load_address>0x0</load_address>
         <run_address>0x0</run_address>
         <size>0x0</size>
         <input_file_ref idref="fl-46"/>
      </object_component>
      <object_component id="oc-59a">
         <name>.debug_types</name>
         <load_address>0x544b</load_address>
         <run_address>0x544b</run_address>
         <size>0x2f</size>
         <input_file_ref idref="fl-47"/>
      </object_component>
      <object_component id="oc-5a5">
         <name>.debug_types</name>
         <load_address>0x0</load_address>
         <run_address>0x0</run_address>
         <size>0x0</size>
         <input_file_ref idref="fl-48"/>
      </object_component>
      <object_component id="oc-5c1">
         <name>.debug_types</name>
         <load_address>0x0</load_address>
         <run_address>0x0</run_address>
         <size>0x0</size>
         <input_file_ref idref="fl-49"/>
      </object_component>
      <object_component id="oc-a6">
         <name>.debug_info</name>
         <load_address>0x0</load_address>
         <run_address>0x0</run_address>
         <size>0x127</size>
         <input_file_ref idref="fl-2"/>
      </object_component>
      <object_component id="oc-1b1">
         <name>.debug_info</name>
         <load_address>0x127</load_address>
         <run_address>0x127</run_address>
         <size>0x118</size>
         <input_file_ref idref="fl-2"/>
      </object_component>
      <object_component id="oc-e6">
         <name>.debug_info</name>
         <load_address>0x23f</load_address>
         <run_address>0x23f</run_address>
         <size>0x14e</size>
         <input_file_ref idref="fl-3"/>
      </object_component>
      <object_component id="oc-88">
         <name>.debug_info</name>
         <load_address>0x38d</load_address>
         <run_address>0x38d</run_address>
         <size>0x47a</size>
         <input_file_ref idref="fl-4"/>
      </object_component>
      <object_component id="oc-85">
         <name>.debug_info</name>
         <load_address>0x807</load_address>
         <run_address>0x807</run_address>
         <size>0x15e</size>
         <input_file_ref idref="fl-4"/>
      </object_component>
      <object_component id="oc-ce">
         <name>.debug_info</name>
         <load_address>0x965</load_address>
         <run_address>0x965</run_address>
         <size>0xf6</size>
         <input_file_ref idref="fl-4"/>
      </object_component>
      <object_component id="oc-14e">
         <name>.debug_info</name>
         <load_address>0xa5b</load_address>
         <run_address>0xa5b</run_address>
         <size>0x182</size>
         <input_file_ref idref="fl-4"/>
      </object_component>
      <object_component id="oc-224">
         <name>.debug_info</name>
         <load_address>0xbdd</load_address>
         <run_address>0xbdd</run_address>
         <size>0x1cf</size>
         <input_file_ref idref="fl-4"/>
      </object_component>
      <object_component id="oc-230">
         <name>.debug_info</name>
         <load_address>0xdac</load_address>
         <run_address>0xdac</run_address>
         <size>0x24e</size>
         <input_file_ref idref="fl-4"/>
      </object_component>
      <object_component id="oc-22a">
         <name>.debug_info</name>
         <load_address>0xffa</load_address>
         <run_address>0xffa</run_address>
         <size>0x1a6</size>
         <input_file_ref idref="fl-4"/>
      </object_component>
      <object_component id="oc-242">
         <name>.debug_info</name>
         <load_address>0x11a0</load_address>
         <run_address>0x11a0</run_address>
         <size>0x1c3</size>
         <input_file_ref idref="fl-4"/>
      </object_component>
      <object_component id="oc-79">
         <name>.debug_info</name>
         <load_address>0x1363</load_address>
         <run_address>0x1363</run_address>
         <size>0x1db</size>
         <input_file_ref idref="fl-4"/>
      </object_component>
      <object_component id="oc-73">
         <name>.debug_info</name>
         <load_address>0x153e</load_address>
         <run_address>0x153e</run_address>
         <size>0x1c6</size>
         <input_file_ref idref="fl-4"/>
      </object_component>
      <object_component id="oc-23c">
         <name>.debug_info</name>
         <load_address>0x1704</load_address>
         <run_address>0x1704</run_address>
         <size>0x1fd</size>
         <input_file_ref idref="fl-4"/>
      </object_component>
      <object_component id="oc-236">
         <name>.debug_info</name>
         <load_address>0x1901</load_address>
         <run_address>0x1901</run_address>
         <size>0x23f</size>
         <input_file_ref idref="fl-4"/>
      </object_component>
      <object_component id="oc-9d">
         <name>.debug_info</name>
         <load_address>0x1b40</load_address>
         <run_address>0x1b40</run_address>
         <size>0x1d6</size>
         <input_file_ref idref="fl-4"/>
      </object_component>
      <object_component id="oc-7f">
         <name>.debug_info</name>
         <load_address>0x1d16</load_address>
         <run_address>0x1d16</run_address>
         <size>0x192</size>
         <input_file_ref idref="fl-4"/>
      </object_component>
      <object_component id="oc-ef">
         <name>.debug_info</name>
         <load_address>0x1ea8</load_address>
         <run_address>0x1ea8</run_address>
         <size>0x1c3</size>
         <input_file_ref idref="fl-4"/>
      </object_component>
      <object_component id="oc-e9">
         <name>.debug_info</name>
         <load_address>0x206b</load_address>
         <run_address>0x206b</run_address>
         <size>0x1c5</size>
         <input_file_ref idref="fl-4"/>
      </object_component>
      <object_component id="oc-291">
         <name>.debug_info</name>
         <load_address>0x2230</load_address>
         <run_address>0x2230</run_address>
         <size>0x185</size>
         <input_file_ref idref="fl-4"/>
      </object_component>
      <object_component id="oc-1bc">
         <name>.debug_info</name>
         <load_address>0x23b5</load_address>
         <run_address>0x23b5</run_address>
         <size>0x216</size>
         <input_file_ref idref="fl-4"/>
      </object_component>
      <object_component id="oc-1c8">
         <name>.debug_info</name>
         <load_address>0x25cb</load_address>
         <run_address>0x25cb</run_address>
         <size>0x1e7</size>
         <input_file_ref idref="fl-4"/>
      </object_component>
      <object_component id="oc-1ce">
         <name>.debug_info</name>
         <load_address>0x27b2</load_address>
         <run_address>0x27b2</run_address>
         <size>0x1d3</size>
         <input_file_ref idref="fl-4"/>
      </object_component>
      <object_component id="oc-1c2">
         <name>.debug_info</name>
         <load_address>0x2985</load_address>
         <run_address>0x2985</run_address>
         <size>0x1dd</size>
         <input_file_ref idref="fl-4"/>
      </object_component>
      <object_component id="oc-1d4">
         <name>.debug_info</name>
         <load_address>0x2b62</load_address>
[...]
         <name>sample_counter</name>
         <value>0xa844</value>
         <object_component_ref idref="oc-87"/>
      </symbol>
      <symbol id="sm-2ae">
         <name>final_i_rms</name>
         <value>0xa84c</value>
         <object_component_ref idref="oc-87"/>
      </symbol>
      <symbol id="sm-2af">
         <name>v_dc_meas</name>
         <value>0xa85a</value>
         <object_component_ref idref="oc-87"/>
      </symbol>
      <symbol id="sm-2b0">
         <name>spll1</name>
         <value>0xa800</value>
         <object_component_ref idref="oc-cd"/>
      </symbol>
      <symbol id="sm-2b1">
         <name>i_ref_amplitude</name>
         <value>0xa860</value>
         <object_component_ref idref="oc-87"/>
      </symbol>
      <symbol id="sm-2b2">
         <name>temp_sum_squares_i</name>
         <value>0xa850</value>
         <object_component_ref idref="oc-87"/>
      </symbol>
      <symbol id="sm-2b3">
         <name>i_ref_inst</name>
         <value>0xa862</value>
         <object_component_ref idref="oc-87"/>
      </symbol>
      <symbol id="sm-2b4">
         <name>i_ac_meas</name>
         <value>0xa85c</value>
         <object_component_ref idref="oc-87"/>
      </symbol>
      <symbol id="sm-2b5">
         <name>ac_vol_normalized</name>
         <value>0xa858</value>
         <object_component_ref idref="oc-87"/>
      </symbol>
      <symbol id="sm-2b6">
         <name>sum_squares_i_ac</name>
         <value>0xa854</value>
         <object_component_ref idref="oc-87"/>
      </symbol>
      <symbol id="sm-2b7">
         <name>initSCIA</name>
         <value>0x83aff</value>
         <object_component_ref idref="oc-c7"/>
      </symbol>
      <symbol id="sm-2b8">
         <name>final_rms</name>
         <value>0xa848</value>
         <object_component_ref idref="oc-87"/>
      </symbol>
      <symbol id="sm-2b9">
         <name>currentDutyFloat</name>
         <value>0xa864</value>
         <object_component_ref idref="oc-87"/>
      </symbol>
      <symbol id="sm-2ba">
         <name>main</name>
         <value>0x831e7</value>
         <object_component_ref idref="oc-2c"/>
      </symbol>
      <symbol id="sm-2bb">
         <name>__relaxed_sqrtf</name>
         <value>0x859cb</value>
         <object_component_ref idref="oc-fa"/>
      </symbol>
      <symbol id="sm-2bc">
         <name>__relaxed_cosf</name>
         <value>0x85996</value>
         <object_component_ref idref="oc-2ab"/>
      </symbol>
      <symbol id="sm-2bd">
         <name>ADC_SCALE_AC</name>
         <value>0x8456c</value>
         <object_component_ref idref="oc-84"/>
      </symbol>
      <symbol id="sm-2be">
         <name>fastCurrentLoop_ISR</name>
         <value>0x82cd6</value>
         <object_component_ref idref="oc-37"/>
      </symbol>
      <symbol id="sm-2bf">
         <name>sum_squares_ac</name>
         <value>0xa852</value>
         <object_component_ref idref="oc-87"/>
      </symbol>
      <symbol id="sm-2c0">
         <name>currentDuty</name>
         <value>0xa842</value>
         <object_component_ref idref="oc-87"/>
      </symbol>
      <symbol id="sm-2c1">
         <name>pwm_flag</name>
         <value>0xa843</value>
         <object_component_ref idref="oc-87"/>
      </symbol>
      <symbol id="sm-2c2">
         <name>v_dc_ref</name>
         <value>0xa85e</value>
         <object_component_ref idref="oc-87"/>
      </symbol>
      <symbol id="sm-2c3">
         <name>data_ready_flag</name>
         <value>0xa846</value>
         <object_component_ref idref="oc-87"/>
      </symbol>
      <symbol id="sm-2c4">
         <name>ADC_SCALE_DC</name>
         <value>0x8456e</value>
         <object_component_ref idref="oc-84"/>
      </symbol>
      <symbol id="sm-2c5">
         <name>final_dc_voltage</name>
         <value>0xa84a</value>
         <object_component_ref idref="oc-87"/>
      </symbol>
      <symbol id="sm-2c6">
         <name>ADC_SCALE_L_I</name>
         <value>0x84570</value>
         <object_component_ref idref="oc-84"/>
      </symbol>
      <symbol id="sm-2c7">
         <name>temp_sum_squares</name>
         <value>0xa84e</value>
         <object_component_ref idref="oc-87"/>
      </symbol>
      <symbol id="sm-2c8">
         <name>initEPWM_LFL</name>
         <value>0x838d2</value>
         <object_component_ref idref="oc-ae"/>
      </symbol>
      <symbol id="sm-2c9">
         <name>ac_vol_adc_offset</name>
         <value>0xa856</value>
         <object_component_ref idref="oc-87"/>
      </symbol>
      <symbol id="sm-2ca">
         <name>initEPWM_HFL</name>
         <value>0x834ec</value>
         <object_component_ref idref="oc-a8"/>
      </symbol>
      <symbol id="sm-2cb">
         <name>initADCA</name>
         <value>0x83e9f</value>
         <object_component_ref idref="oc-b4"/>
      </symbol>
      <symbol id="sm-2cc">
         <name>initADCB</name>
         <value>0x85287</value>
         <object_component_ref idref="oc-ba"/>
      </symbol>
      <symbol id="sm-2cd">
         <name>initADCC</name>
         <value>0x83e65</value>
         <object_component_ref idref="oc-c0"/>
      </symbol>
      <symbol id="sm-31c">
         <name>Device_enableAllPeripherals</name>
         <value>0x83107</value>
         <object_component_ref idref="oc-17e"/>
      </symbol>
      <symbol id="sm-31d">
         <name>Device_initGPIO</name>
         <value>0x858b9</value>
         <object_component_ref idref="oc-90"/>
      </symbol>
      <symbol id="sm-31e">
         <name>Device_init</name>
         <value>0x83938</value>
         <object_component_ref idref="oc-8a"/>
      </symbol>
      <symbol id="sm-31f">
         <name>__error__</name>
         <value>0x85a05</value>
         <object_component_ref idref="oc-146"/>
      </symbol>
      <symbol id="sm-32e">
         <name>code_start</name>
         <value>0x80000</value>
         <object_component_ref idref="oc-20"/>
      </symbol>
      <symbol id="sm-35a">
         <name>ADC_setOffsetTrimAll</name>
         <value>0x85213</value>
         <object_component_ref idref="oc-363"/>
      </symbol>
      <symbol id="sm-35b">
         <name>ADC_setVREF</name>
         <value>0x83b9d</value>
         <object_component_ref idref="oc-21d"/>
      </symbol>
      <symbol id="sm-3cc">
         <name>Flash_initModule</name>
         <value>0x8000</value>
         <object_component_ref idref="oc-15f"/>
      </symbol>
      <symbol id="sm-412">
         <name>GPIO_setQualificationMode</name>
         <value>0x83f46</value>
         <object_component_ref idref="oc-250"/>
      </symbol>
      <symbol id="sm-413">
         <name>GPIO_setPadConfig</name>
         <value>0x83aad</value>
         <object_component_ref idref="oc-18a"/>
      </symbol>
      <symbol id="sm-414">
         <name>GPIO_setAnalogMode</name>
         <value>0x83e2b</value>
         <object_component_ref idref="oc-196"/>
      </symbol>
      <symbol id="sm-415">
         <name>GPIO_setDirectionMode</name>
         <value>0x83fb4</value>
         <object_component_ref idref="oc-190"/>
      </symbol>
      <symbol id="sm-416">
         <name>GPIO_setPinConfig</name>
         <value>0x83f0f</value>
         <object_component_ref idref="oc-1b5"/>
      </symbol>
      <symbol id="sm-465">
         <name>Interrupt_defaultHandler</name>
         <value>0x85719</value>
         <object_component_ref idref="oc-3d"/>
      </symbol>
      <symbol id="sm-466">
         <name>Interrupt_initModule</name>
         <value>0x83db4</value>
         <object_component_ref idref="oc-96"/>
      </symbol>
      <symbol id="sm-467">
         <name>Interrupt_nmiHandler</name>
         <value>0x859c1</value>
         <object_component_ref idref="oc-4f"/>
      </symbol>
      <symbol id="sm-468">
         <name>Interrupt_enable</name>
         <value>0x83f7d</value>
         <object_component_ref idref="oc-247"/>
      </symbol>
      <symbol id="sm-469">
         <name>Interrupt_initVectorTable</name>
         <value>0x85436</value>
         <object_component_ref idref="oc-3e"/>
      </symbol>
      <symbol id="sm-46a">
         <name>Interrupt_illegalOperationHandler</name>
         <value>0x859b7</value>
         <object_component_ref idref="oc-49"/>
      </symbol>
      <symbol id="sm-499">
         <name>SCI_setConfig</name>
         <value>0x83d76</value>
         <object_component_ref idref="oc-256"/>
      </symbol>
      <symbol id="sm-5ac">
         <name>SysCtl_isPLLValid</name>
         <value>0x83379</value>
         <object_component_ref idref="oc-324"/>
      </symbol>
      <symbol id="sm-5ad">
         <name>SysCtl_delay</name>
         <value>0x8125</value>
         <object_component_ref idref="oc-c6"/>
      </symbol>
      <symbol id="sm-5ae">
         <name>SysCtl_selectXTALSingleEnded</name>
         <value>0x85262</value>
         <object_component_ref idref="oc-40e"/>
      </symbol>
      <symbol id="sm-5af">
         <name>SysCtl_selectXTAL</name>
         <value>0x83cf8</value>
         <object_component_ref idref="oc-408"/>
      </symbol>
      <symbol id="sm-5b0">
         <name>SysCtl_selectOscSource</name>
         <value>0x83b50</value>
         <object_component_ref idref="oc-31e"/>
      </symbol>
      <symbol id="sm-5b1">
         <name>SysCtl_getLowSpeedClock</name>
         <value>0x85573</value>
         <object_component_ref idref="oc-178"/>
      </symbol>
      <symbol id="sm-5b2">
         <name>SysCtl_setClock</name>
         <value>0x832b1</value>
         <object_component_ref idref="oc-165"/>
      </symbol>
      <symbol id="sm-5b3">
         <name>SysCtl_getClock</name>
         <value>0x8399a</value>
         <object_component_ref idref="oc-171"/>
      </symbol>
      <symbol id="sm-5c2">
         <name>sprintf</name>
         <value>0x82fcc</value>
         <object_component_ref idref="oc-102"/>
      </symbol>
      <symbol id="sm-5cc">
         <name>_c_int00</name>
         <value>0x856c0</value>
         <object_component_ref idref="oc-140"/>
      </symbol>
      <symbol id="sm-5cd">
         <name>__stack</name>
         <value>0x400</value>
         <object_component_ref idref="oc-55"/>
      </symbol>
      <symbol id="sm-5d8">
         <name>__c28xabi_cmpll</name>
         <value>0x85454</value>
         <object_component_ref idref="oc-494"/>
      </symbol>
      <symbol id="sm-5d9">
         <name>__c28xabi_cmpull</name>
         <value>0x85466</value>
         <object_component_ref idref="oc-494"/>
      </symbol>
      <symbol id="sm-5eb">
         <name>memcpy</name>
         <value>0x854e6</value>
         <object_component_ref idref="oc-58"/>
      </symbol>
      <symbol id="sm-5f8">
         <name>_system_pre_init</name>
         <value>0x82ffe</value>
         <object_component_ref idref="oc-2c1"/>
      </symbol>
      <symbol id="sm-607">
         <name>__TI_auto_init_nobinit_nopinit</name>
         <value>0x85141</value>
         <object_component_ref idref="oc-3c0"/>
      </symbol>
      <symbol id="sm-616">
         <name>__TI_zero_init_nomemset</name>
         <value>0x8595b</value>
         <object_component_ref idref="oc-60"/>
      </symbol>
      <symbol id="sm-623">
         <name>__TI_decompress_none</name>
         <value>0x859e6</value>
         <object_component_ref idref="oc-19"/>
      </symbol>
      <symbol id="sm-637">
         <name>__TI_decompress_lzss</name>
         <value>0x85090</value>
         <object_component_ref idref="oc-13"/>
      </symbol>
      <symbol id="sm-64d">
         <name>C$$EXIT</name>
         <value>0x851ea</value>
         <object_component_ref idref="oc-2ce"/>
      </symbol>
      <symbol id="sm-64e">
         <name>abort</name>
         <value>0x851ea</value>
         <object_component_ref idref="oc-2ce"/>
      </symbol>
      <symbol id="sm-64f">
         <name>exit</name>
         <value>0x851ec</value>
         <object_component_ref idref="oc-2ce"/>
      </symbol>
      <symbol id="sm-650">
         <name>__TI_dtors_ptr</name>
         <value>0xa86a</value>
         <object_component_ref idref="oc-3f2"/>
      </symbol>
      <symbol id="sm-651">
         <name>__TI_cleanup_ptr</name>
         <value>0xa868</value>
         <object_component_ref idref="oc-3f2"/>
      </symbol>
      <symbol id="sm-652">
         <name>__TI_enable_exit_profile_output</name>
         <value>0xa866</value>
         <object_component_ref idref="oc-3f2"/>
      </symbol>
      <symbol id="sm-669">
         <name>_nop</name>
         <value>0x859dc</value>
         <object_component_ref idref="oc-4d2"/>
      </symbol>
      <symbol id="sm-66a">
         <name>_lock</name>
         <value>0xa86c</value>
         <object_component_ref idref="oc-3f5"/>
      </symbol>
      <symbol id="sm-66b">
         <name>_unlock</name>
         <value>0xa86e</value>
         <object_component_ref idref="oc-563"/>
      </symbol>
      <symbol id="sm-66c">
         <name>_register_lock</name>
         <value>0x859d8</value>
         <object_component_ref idref="oc-4d2"/>
      </symbol>
      <symbol id="sm-66d">
         <name>_register_unlock</name>
         <value>0x859d4</value>
         <object_component_ref idref="oc-4d2"/>
      </symbol>
      <symbol id="sm-67c">
         <name>_args_main</name>
         <value>0x85968</value>
         <object_component_ref idref="oc-2c8"/>
      </symbol>
      <symbol id="sm-68b">
         <name>memset</name>
         <value>0x85a0c</value>
         <object_component_ref idref="oc-139"/>
      </symbol>
      <symbol id="sm-7f3">
         <name>__TI_printfi</name>
         <value>0x82b51</value>
         <object_component_ref idref="oc-3ab"/>
      </symbol>
      <symbol id="sm-802">
         <name>wcslen</name>
         <value>0x859ac</value>
         <object_component_ref idref="oc-4a3"/>
      </symbol>
      <symbol id="sm-80e">
         <name>__c28xabi_cmpd</name>
         <value>0x85196</value>
         <object_component_ref idref="oc-516"/>
      </symbol>
      <symbol id="sm-81c">
         <name>__c28xabi_mpyd</name>
         <value>0x83767</value>
         <object_component_ref idref="oc-525"/>
      </symbol>
      <symbol id="sm-825">
         <name>__c28xabi_negd</name>
         <value>0x859dd</value>
         <object_component_ref idref="oc-51b"/>
      </symbol>
      <symbol id="sm-82d">
         <name>__c28xabi_subd</name>
         <value>0x85926</value>
         <object_component_ref idref="oc-53a"/>
      </symbol>
      <symbol id="sm-838">
         <name>__c28xabi_dtoi</name>
         <value>0x8535c</value>
         <object_component_ref idref="oc-53f"/>
      </symbol>
      <symbol id="sm-843">
         <name>__c28xabi_dtol</name>
         <value>0x853db</value>
         <object_component_ref idref="oc-52a"/>
      </symbol>
      <symbol id="sm-84b">
         <name>__c28xabi_orll</name>
         <value>0x85626</value>
         <object_component_ref idref="oc-49e"/>
      </symbol>
      <symbol id="sm-84c">
         <name>__c28xabi_xorll</name>
         <value>0x8562e</value>
         <object_component_ref idref="oc-49e"/>
      </symbol>
      <symbol id="sm-84d">
         <name>__c28xabi_andll</name>
         <value>0x8561e</value>
         <object_component_ref idref="oc-49e"/>
      </symbol>
      <symbol id="sm-874">
         <name>__c28xabi_modull</name>
         <value>0x830a5</value>
         <object_component_ref idref="oc-499"/>
      </symbol>
      <symbol id="sm-875">
         <name>__c28xabi_divull</name>
         <value>0x83076</value>
         <object_component_ref idref="oc-499"/>
      </symbol>
      <symbol id="sm-876">
         <name>__c28xabi_divll</name>
         <value>0x83000</value>
         <object_component_ref idref="oc-499"/>
      </symbol>
      <symbol id="sm-877">
         <name>__c28xabi_modll</name>
         <value>0x8303c</value>
         <object_component_ref idref="oc-499"/>
      </symbol>
      <symbol id="sm-883">
         <name>__c28xabi_itod</name>
         <value>0x854c9</value>
         <object_component_ref idref="oc-550"/>
      </symbol>
      <symbol id="sm-88f">
         <name>__c28xabi_ltod</name>
         <value>0x85557</value>
         <object_component_ref idref="oc-535"/>
      </symbol>
      <symbol id="sm-8a2">
         <name>__c28xabi_divd</name>
         <value>0x836dc</value>
         <object_component_ref idref="oc-520"/>
      </symbol>
      <symbol id="sm-8b0">
         <name>_system_post_cinit</name>
         <value>0x85a24</value>
         <object_component_ref idref="oc-4b8"/>
      </symbol>
      <symbol id="sm-8bf">
         <name>__TI_ltoa</name>
         <value>0x85031</value>
         <object_component_ref idref="oc-52f"/>
      </symbol>
      <symbol id="sm-8d4">
         <name>atoi</name>
         <value>0x85000</value>
         <object_component_ref idref="oc-48e"/>
      </symbol>
      <symbol id="sm-8df">
         <name>_ctypes_</name>
         <value>0x84000</value>
         <object_component_ref idref="oc-508"/>
      </symbol>
      <symbol id="sm-8ef">
         <name>memccpy</name>
         <value>0x858e9</value>
         <object_component_ref idref="oc-486"/>
      </symbol>
      <symbol id="sm-8ff">
         <name>strchr</name>
         <value>0x85974</value>
         <object_component_ref idref="oc-555"/>
      </symbol>
      <symbol id="sm-90d">
         <name>strcpy</name>
         <value>0x85a1e</value>
         <object_component_ref idref="oc-480"/>
      </symbol>
      <symbol id="sm-91b">
         <name>strlen</name>
         <value>0x859f6</value>
         <object_component_ref idref="oc-47a"/>
      </symbol>
      <symbol id="sm-926">
         <name>errno</name>
         <value>0xa870</value>
         <object_component_ref idref="oc-4a9"/>
      </symbol>
      <symbol id="sm-93d">
         <name>frexpl</name>
         <value>0x83a53</value>
         <object_component_ref idref="oc-544"/>
      </symbol>
      <symbol id="sm-93e">
         <name>frexp</name>
         <value>0x83a53</value>
         <object_component_ref idref="oc-544"/>
      </symbol>
      <symbol id="sm-960">
         <name>scalbn</name>
         <value>0x83597</value>
         <object_component_ref idref="oc-54a"/>
      </symbol>
      <symbol id="sm-961">
         <name>scalbnl</name>
         <value>0x83597</value>
         <object_component_ref idref="oc-54a"/>
      </symbol>
      <symbol id="sm-962">
         <name>ldexpl</name>
         <value>0x83597</value>
         <object_component_ref idref="oc-54a"/>
      </symbol>
      <symbol id="sm-963">
         <name>ldexp</name>
         <value>0x83597</value>
         <object_component_ref idref="oc-54a"/>
      </symbol>
      <symbol id="sm-971">
         <name>copysign</name>
         <value>0x852f4</value>
         <object_component_ref idref="oc-59e"/>
      </symbol>
      <symbol id="sm-972">
         <name>copysignl</name>
         <value>0x852f4</value>
         <object_component_ref idref="oc-59e"/>
      </symbol>
      <symbol id="sm-989">
         <name>__c28xabi_addd</name>
         <value>0x83640</value>
         <object_component_ref idref="oc-58f"/>
      </symbol>
      <symbol id="sm-991">
         <name>__c28xabi_divul</name>
         <value>0x851dd</value>
         <object_component_ref idref="oc-587"/>
      </symbol>
      <symbol id="sm-992">
         <name>__c28xabi_modul</name>
         <value>0x851e4</value>
         <object_component_ref idref="oc-587"/>
      </symbol>
      <symbol id="sm-993">
         <name>__c28xabi_modl</name>
         <value>0x851cf</value>
         <object_component_ref idref="oc-587"/>
      </symbol>
      <symbol id="sm-994">
         <name>__c28xabi_divl</name>
         <value>0x851c0</value>
         <object_component_ref idref="oc-587"/>
      </symbol>
      <symbol id="sm-996">
         <name>__c_args__</name>
         <value>0x0</value>
      </symbol>
   </symbol_table>
   <title>Link successful</title>
</link_info>
