******************************************************************************
             TMS320C2000 Linker PC v22.6.3                     
******************************************************************************
>> Linked Sat May 30 12:13:11 2026

OUTPUT FILE NAME:   <totempole_spll.out>
ENTRY POINT SYMBOL: "code_start"  address: 00080000


MEMORY CONFIGURATION

         name            origin    length      used     unused   attr    fill
----------------------  --------  ---------  --------  --------  ----  --------
PAGE 0:
  RAMM0                 000000f6   0000030a  00000000  0000030a  RWIX
  RAMLS0                00008000   00000800  00000129  000006d7  RWIX
  RAMLS1                00008800   00000800  00000000  00000800  RWIX
  RAMLS2                00009000   00000800  00000000  00000800  RWIX
  RAMLS3                00009800   00000800  00000000  00000800  RWIX
  RAMLS4                0000a000   00000800  00000000  00000800  RWIX
  BEGIN                 00080000   00000002  00000002  00000000  RWIX
  FLASH_BANK0_SEC0      00080002   00000ffe  00000000  00000ffe  RWIX
  FLASH_BANK0_SEC1      00081000   00001000  0000014b  00000eb5  RWIX
  FLASH_BANK0_SEC2      00082000   00001000  00001000  00000000  RWIX
  FLASH_BANK0_SEC3      00083000   00001000  00001000  00000000  RWIX
  FLASH_BANK0_SEC4      00084000   00001000  00000564  00000a9c  RWIX
  FLASH_BANK0_SEC5      00085000   00001000  00000962  0000069e  RWIX
  FLASH_BANK0_SEC6      00086000   00001000  00000000  00001000  RWIX
  FLASH_BANK0_SEC7      00087000   00001000  00000000  00001000  RWIX
  FLASH_BANK0_SEC8      00088000   00001000  00000000  00001000  RWIX
  FLASH_BANK0_SEC9      00089000   00001000  00000000  00001000  RWIX
  FLASH_BANK0_SEC10     0008a000   00001000  00000000  00001000  RWIX
  FLASH_BANK0_SEC11     0008b000   00001000  00000000  00001000  RWIX
  FLASH_BANK0_SEC12     0008c000   00001000  00000000  00001000  RWIX
  FLASH_BANK0_SEC13     0008d000   00001000  00000000  00001000  RWIX
  FLASH_BANK0_SEC14     0008e000   00001000  00000000  00001000  RWIX
  FLASH_BANK0_SEC15     0008f000   00001000  00000000  00001000  RWIX
  FLASH_BANK1_SEC0      00090000   00001000  00000000  00001000  RWIX
  FLASH_BANK1_SEC1      00091000   00001000  00000000  00001000  RWIX
  FLASH_BANK1_SEC2      00092000   00001000  00000000  00001000  RWIX
  FLASH_BANK1_SEC3      00093000   00001000  00000000  00001000  RWIX
  FLASH_BANK1_SEC4      00094000   00001000  00000000  00001000  RWIX
  FLASH_BANK1_SEC5      00095000   00001000  00000000  00001000  RWIX
  FLASH_BANK1_SEC6      00096000   00001000  00000000  00001000  RWIX
  FLASH_BANK1_SEC7      00097000   00001000  00000000  00001000  RWIX
  FLASH_BANK1_SEC8      00098000   00001000  00000000  00001000  RWIX
  FLASH_BANK1_SEC9      00099000   00001000  00000000  00001000  RWIX
  FLASH_BANK1_SEC10     0009a000   00001000  00000000  00001000  RWIX
  FLASH_BANK1_SEC11     0009b000   00001000  00000000  00001000  RWIX
  FLASH_BANK1_SEC12     0009c000   00001000  00000000  00001000  RWIX
  FLASH_BANK1_SEC13     0009d000   00001000  00000000  00001000  RWIX
  FLASH_BANK1_SEC14     0009e000   00001000  00000000  00001000  RWIX
  FLASH_BANK1_SEC15     0009f000   00000ff0  00000000  00000ff0  RWIX
  RESET                 003fffc0   00000002  00000000  00000002  RWIX

PAGE 1:
  BOOT_RSVD             00000002   000000f1  00000000  000000f1  RWIX
  RAMM1                 00000400   000003f8  000003f8  00000000  RWIX
  RAMLS5                0000a800   00000800  00000069  00000797  RWIX
  RAMLS6                0000b000   00000800  00000000  00000800  RWIX
  RAMLS7                0000b800   00000800  00000000  00000800  RWIX
  RAMGS0                0000c000   00002000  00000000  00002000  RWIX
  RAMGS1                0000e000   00002000  00000000  00002000  RWIX
  RAMGS2                00010000   00002000  00000000  00002000  RWIX
  RAMGS3                00012000   00001ff8  00000000  00001ff8  RWIX


SECTION ALLOCATION MAP

 output                                  attributes/
section   page    origin      length       input sections
--------  ----  ----------  ----------   ----------------
codestart 
*          0    00080000    00000002     
                  00080000    00000002     f28004x_codestartbranch.obj (codestart)

.cinit     0    0008112c    00000022     
                  0008112c    0000000f     (.cinit..data.load) [load image, compression = lzss]
                  0008113b    00000001     --HOLE-- [fill = 0]
                  0008113c    00000006     (__TI_handler_table)
                  00081142    00000004     (.cinit..bss.load) [load image, compression = zero_init]
                  00081146    00000008     (__TI_cinit_table)

.reset     0    003fffc0    00000000     DSECT

.stack     1    00000400    000003f8     UNINITIALIZED
                  00000400    000003f8     --HOLE--

.init_array 
*          0    00081000    00000000     UNINITIALIZED

.bss       1    0000a800    00000042     UNINITIALIZED
                  0000a800    00000042     spll_sample_study.obj (.bss)

.data      1    0000a842    00000027     UNINITIALIZED
                  0000a842    0000001c     spll_sample_study.obj (.data)
                  0000a85e    00000006     rts2800_fpu32_eabi.lib : exit.c.obj (.data)
                  0000a864    00000002                            : _lock.c.obj (.data:_lock)
                  0000a866    00000002                            : _lock.c.obj (.data:_unlock)
                  0000a868    00000001                            : errno.c.obj (.data)

.const     0    00084000    00000564     
                  00084000    00000101     rts2800_fpu32_eabi.lib : ctype.c.obj (.const:.string:_ctypes_)
                  00084101    00000001     --HOLE-- [fill = 0]
                  00084102    000000ee     spll_sample_study.obj (.const:.string)
                  000841f0    0000009b     driverlib_eabi.lib : flash.obj (.const:.string)
                  0008428b    00000001     --HOLE-- [fill = 0]
                  0008428c    0000009a                        : sysctl.obj (.const:.string)
                  00084326    00000098                        : gpio.obj (.const:.string)
                  000843be    00000097                        : sci.obj (.const:.string)
                  00084455    00000001     --HOLE-- [fill = 0]
                  00084456    00000055     device.obj (.const:.string)
                  000844ab    00000001     --HOLE-- [fill = 0]
                  000844ac    0000004b     driverlib_eabi.lib : adc.obj (.const:.string)
                  000844f7    00000001     --HOLE-- [fill = 0]
                  000844f8    00000026     rts2800_fpu32_eabi.lib : _printfi.c.obj (.const:.string)
                  0008451e    0000001c                            : _printfi.c.obj (.const)
                  0008453a    00000006     spll_sample_study.obj (.const)
                  00084540    0000001c     rts2800_fpu32_eabi.lib : s_scalbn.c.obj (.const)
                  0008455c    00000008                            : s_frexp.c.obj (.const)

.TI.ramfunc 
*          0    00081000    00000129     RUN ADDR = 00008000
                  00081000    00000044     driverlib_eabi.lib : flash.obj (.TI.ramfunc:Flash_initModule)
                  00081044    0000002c                        : flash.obj (.TI.ramfunc:Flash_setBankPowerMode)
                  00081070    00000024                        : flash.obj (.TI.ramfunc:Flash_setWaitstates)
                  00081094    0000001d                        : flash.obj (.TI.ramfunc:Flash_setPumpPowerMode)
                  000810b1    00000018                        : flash.obj (.TI.ramfunc:Flash_disableCache)
                  000810c9    00000018                        : flash.obj (.TI.ramfunc:Flash_disablePrefetch)
                  000810e1    00000017                        : flash.obj (.TI.ramfunc:Flash_enableCache)
                  000810f8    00000017                        : flash.obj (.TI.ramfunc:Flash_enablePrefetch)
                  0008110f    00000016                        : flash.obj (.TI.ramfunc:Flash_enableECC)
                  00081125    00000004                        : sysctl.obj (.TI.ramfunc)

.text.1    0    00082000    00001000     
                  00082000    000006c2     rts2800_fpu32_eabi.lib : _printfi.c.obj (.text)
                  000826c2    00000614                            : _printfi.c.obj (.text:__TI_printfi)
                  00082cd6    0000016a     spll_sample_study.obj (.text:SPLL_1PH_SOGI_run)
                  00082e40    0000010e     spll_sample_study.obj (.text:fastCurrentLoop_ISR)
                  00082f4e    000000a9     rts2800_fpu32_eabi.lib : s_scalbn.c.obj (.text)
                  00082ff7    00000009     spll_sample_study.obj (.text:__relaxed_sqrtf)

.text.2    0    00083000    00001000     
                  00083000    00000107     rts2800_fpu32_eabi.lib : ll_div28.asm.obj (.text)
                  00083107    000000e0     device.obj (.text:Device_enableAllPeripherals)
                  000831e7    000000c8     driverlib_eabi.lib : sysctl.obj (.text:SysCtl_setClock)
                  000832af    000000bd                        : sysctl.obj (.text:SysCtl_isPLLValid)
                  0008336c    000000b6     spll_sample_study.obj (.text:SPLL_1PH_SOGI_coeff_calc)
                  00083422    000000b3     spll_sample_study.obj (.text:main)
                  000834d5    000000a4     spll_sample_study.obj (.text:initEPWM_HFL)
                  00083579    0000009c     rts2800_fpu32_eabi.lib : fd_add28.asm.obj (.text)
                  00083615    0000008b                            : fd_div28.asm.obj (.text)
                  000836a0    00000083                            : fd_mpy28.asm.obj (.text)
                  00083723    00000075     spll_sample_study.obj (.text:EPWM_setADCTriggerSource)
                  00083798    00000073     driverlib_eabi.lib : sysctl.obj (.text:DCC_setCounterSeeds)
                  0008380b    00000070     spll_sample_study.obj (.text:initADC)
                  0008387b    00000066     spll_sample_study.obj (.text:initEPWM_LFL)
                  000838e1    00000062     device.obj (.text:Device_init)
                  00083943    0000005e     driverlib_eabi.lib : sysctl.obj (.text:SysCtl_getClock)
                  000839a1    0000005b     spll_sample_study.obj (.text:SPLL_1PH_SOGI_reset)
                  000839fc    0000005a     rts2800_fpu32_eabi.lib : s_frexp.c.obj (.text)
                  00083a56    00000052     driverlib_eabi.lib : gpio.obj (.text:GPIO_setPadConfig)
                  00083aa8    00000051     spll_sample_study.obj (.text:initSCIA)
                  00083af9    0000004d     driverlib_eabi.lib : sysctl.obj (.text:SysCtl_selectOscSource)
                  00083b46    0000004c                        : adc.obj (.text:ADC_setVREF)
                  00083b92    0000004a     spll_sample_study.obj (.text:slowVoltageLoop_ISR)
                  00083bdc    00000046     spll_sample_study.obj (.text:ADC_setupSOC)
                  00083c22    00000040     spll_sample_study.obj (.text:EPWM_setActionQualifierAction)
                  00083c62    00000040     driverlib_eabi.lib : sysctl.obj (.text:SysCtl_pollX1Counter)
                  00083ca2    00000040                        : sysctl.obj (.text:SysCtl_selectXTAL)
                  00083ce2    0000003e     spll_sample_study.obj (.text:EPWM_setCounterCompareShadowLoadMode)
                  00083d20    0000003e     driverlib_eabi.lib : sci.obj (.text:SCI_setConfig)
                  00083d5e    0000003d                        : interrupt.obj (.text:Interrupt_initModule)
                  00083d9b    0000003a     spll_sample_study.obj (.text:EPWM_setADCTriggerEventPrescale)
                  00083dd5    0000003a     driverlib_eabi.lib : gpio.obj (.text:GPIO_setAnalogMode)
                  00083e0f    00000037     spll_sample_study.obj (.text:EPWM_setFallingEdgeDeadBandDelayInput)
                  00083e46    00000037     driverlib_eabi.lib : gpio.obj (.text:GPIO_setPinConfig)
                  00083e7d    00000037                        : gpio.obj (.text:GPIO_setQualificationMode)
                  00083eb4    00000037                        : interrupt.obj (.text:Interrupt_enable)
                  00083eeb    00000032     rts2800_fpu32_eabi.lib : sprintf.c.obj (.text)
                  00083f1d    00000031     driverlib_eabi.lib : gpio.obj (.text:GPIO_setDirectionMode)
                  00083f4e    00000031     rts2800_fpu32_eabi.lib : atoi.c.obj (.text)
                  00083f7f    00000030                            : _ltoa.c.obj (.text)
                  00083faf    0000002f     spll_sample_study.obj (.text:ADC_setInterruptSource)
                  00083fde    00000022     spll_sample_study.obj (.text:EPWM_setCounterCompareValue)

.text.3    0    00085000    00000962     
                  00085000    0000002e     rts2800_fpu32_eabi.lib : copy_decompress_lzss.c.obj (.text:decompress:lzss)
                  0008502e    0000002c     spll_sample_study.obj (.text:EPWM_setActionQualifierContSWForceAction)
                  0008505a    0000002c     spll_sample_study.obj (.text:EPWM_setDeadBandDelayMode)
                  00085086    0000002b     spll_sample_study.obj (.text:EPWM_isBaseValid)
                  000850b1    0000002b     rts2800_fpu32_eabi.lib : autoinit.c.obj (.text:__TI_auto_init_nobinit_nopinit)
                  000850dc    0000002a     spll_sample_study.obj (.text:SPLL_1PH_SOGI_config)
                  00085106    0000002a     rts2800_fpu32_eabi.lib : fd_cmp28.asm.obj (.text)
                  00085130    0000002a                            : l_div28.asm.obj (.text)
                  0008515a    00000029                            : exit.c.obj (.text)
                  00085183    00000028     driverlib_eabi.lib : adc.obj (.text:ADC_setOffsetTrimAll)
                  000851ab    00000027     spll_sample_study.obj (.text:EPWM_setRisingEdgeDeadBandDelayInput)
                  000851d2    00000025     driverlib_eabi.lib : sysctl.obj (.text:SysCtl_selectXTALSingleEnded)
                  000851f7    00000024                        : sysctl.obj (.text:DCC_enableSingleShotMode)
                  0008521b    00000024     spll_sample_study.obj (.text:EPWM_setDeadBandDelayPolarity)
                  0008523f    00000024     rts2800_fpu32_eabi.lib : s_copysign.c.obj (.text)
                  00085263    00000022     spll_sample_study.obj (.text:EPWM_setTripZoneAction)
                  00085285    00000021     rts2800_fpu32_eabi.lib : fd_toi28.asm.obj (.text)
                  000852a6    00000020     spll_sample_study.obj (.text:ADC_enableInterrupt)
                  000852c6    0000001f     spll_sample_study.obj (.text:EPWM_clearTripZoneFlag)
                  000852e5    0000001f     spll_sample_study.obj (.text:EPWM_forceTripZoneEvent)
                  00085304    0000001f     rts2800_fpu32_eabi.lib : fd_tol28.asm.obj (.text)
                  00085323    0000001e     driverlib_eabi.lib : sysctl.obj (.text:DCC_setCounter1ClkSource)
                  00085341    0000001e     spll_sample_study.obj (.text:EPWM_setPhaseShift)
                  0008535f    0000001e     driverlib_eabi.lib : interrupt.obj (.text:Interrupt_initVectorTable)
                  0008537d    0000001e     rts2800_fpu32_eabi.lib : ll_cmp28.asm.obj (.text)
                  0008539b    0000001d     spll_sample_study.obj (.text:EPWM_setFallingEdgeDelayCount)
                  000853b8    0000001d     spll_sample_study.obj (.text:EPWM_setRisingEdgeDelayCount)
                  000853d5    0000001d     spll_sample_study.obj (.text:SCI_enableFIFO)
                  000853f2    0000001d     rts2800_fpu32_eabi.lib : i_tofd28.asm.obj (.text)
                  0008540f    0000001d                            : memcpy.c.obj (.text)
                  0008542c    0000001c     driverlib_eabi.lib : sysctl.obj (.text:DCC_setCounter0ClkSource)
                  00085448    0000001c     spll_sample_study.obj (.text:EPWM_enableADCTrigger)
                  00085464    0000001c     spll_sample_study.obj (.text:EPWM_setClockPrescaler)
                  00085480    0000001c     rts2800_fpu32_eabi.lib : l_tofd28.asm.obj (.text)
                  0008549c    0000001a     spll_sample_study.obj (.text:ADC_readResult)
                  000854b6    0000001a     driverlib_eabi.lib : sysctl.obj (.text:SysCtl_getLowSpeedClock)
                  000854d0    00000019     spll_sample_study.obj (.text:SCI_writeCharBlockingFIFO)
                  000854e9    00000018     driverlib_eabi.lib : sci.obj (.text:SCI_disableModule)
                  00085501    00000018     spll_sample_study.obj (.text:SCI_resetChannels)
                  00085519    00000018     spll_sample_study.obj (.text:SCI_resetRxFIFO)
                  00085531    00000018     spll_sample_study.obj (.text:SCI_resetTxFIFO)
                  00085549    00000018     spll_sample_study.obj (.text:SysCtl_disablePeripheral)
                  00085561    00000018     rts2800_fpu32_eabi.lib : ll_aox28.asm.obj (.text)
                  00085579    00000017     spll_sample_study.obj (.text:ADC_forceSOC)
                  00085590    00000017     driverlib_eabi.lib : adc.obj (.text:ADC_isBaseValid)
                  000855a7    00000017     spll_sample_study.obj (.text:ADC_isBaseValid)
                  000855be    00000017     device.obj (.text:SysCtl_enablePeripheral)
                  000855d5    00000017     driverlib_eabi.lib : sysctl.obj (.text:SysCtl_enablePeripheral)
                  000855ec    00000017     spll_sample_study.obj (.text:SysCtl_enablePeripheral)
                  00085603    00000017     rts2800_fpu32_eabi.lib : boot28.asm.obj (.text)
                  0008561a    00000016     spll_sample_study.obj (.text:ADC_setPrescaler)
                  00085630    00000016     driverlib_eabi.lib : sysctl.obj (.text:DCC_disableDoneSignal)
                  00085646    00000016                        : sysctl.obj (.text:DCC_enableDoneSignal)
                  0008565c    00000016                        : interrupt.obj (.text:Interrupt_defaultHandler)
                  00085672    00000015                        : sysctl.obj (.text:DCC_clearDoneFlag)
                  00085687    00000015                        : sysctl.obj (.text:DCC_clearErrorFlag)
                  0008569c    00000015                        : sysctl.obj (.text:DCC_disableErrorSignal)
                  000856b1    00000015                        : sysctl.obj (.text:DCC_enableErrorSignal)
                  000856c6    00000015     device.obj (.text:GPIO_unlockPortConfig)
                  000856db    00000014     spll_sample_study.obj (.text:ADC_clearInterruptStatus)
                  000856ef    00000014     driverlib_eabi.lib : sysctl.obj (.text:DCC_disableModule)
                  00085703    00000014                        : sysctl.obj (.text:DCC_enableModule)
                  00085717    00000014     spll_sample_study.obj (.text:EPWM_setTimeBaseCounterMode)
                  0008572b    00000014     spll_sample_study.obj (.text:EPWM_setTimeBasePeriod)
                  0008573f    00000014     driverlib_eabi.lib : gpio.obj (.text:GPIO_isPinValid)
                  00085753    00000014     spll_sample_study.obj (.text:SCI_getTxFIFOStatus)
                  00085767    00000013     spll_sample_study.obj (.text:ADC_enableConverter)
                  0008577a    00000013     driverlib_eabi.lib : sci.obj (.text:SCI_enableModule)
                  0008578d    00000013     spll_sample_study.obj (.text:SCI_enableModule)
                  000857a0    00000013     spll_sample_study.obj (.text:SCI_enableRxModule)
                  000857b3    00000013     spll_sample_study.obj (.text:SCI_enableTxModule)
                  000857c6    00000013     driverlib_eabi.lib : sci.obj (.text:SCI_isBaseValid)
                  000857d9    00000013     spll_sample_study.obj (.text:SCI_isBaseValid)
                  000857ec    00000010     driverlib_eabi.lib : sysctl.obj (.text:DCC_isBaseValid)
                  000857fc    00000010     device.obj (.text:Device_initGPIO)
                  0008580c    00000010     driverlib_eabi.lib : flash.obj (.text:Flash_isCtrlBaseValid)
                  0008581c    00000010                        : flash.obj (.text:Flash_isECCBaseValid)
                  0008582c    00000010     rts2800_fpu32_eabi.lib : memccpy.c.obj (.text)
                  0008583c    0000000f     device.obj (.text:ASysCtl_disableDCDC)
                  0008584b    0000000f     spll_sample_study.obj (.text:Interrupt_register)
                  0008585a    0000000f     spll_sample_study.obj (.text:sendSCIText)
                  00085869    0000000e     rts2800_fpu32_eabi.lib : fd_sub28.asm.obj (.text)
                  00085877    0000000d     driverlib_eabi.lib : interrupt.obj (.text:Interrupt_disableGlobal)
                  00085884    0000000d                        : interrupt.obj (.text:Interrupt_enableGlobal)
                  00085891    0000000d     device.obj (.text:SysCtl_setLowSpeedClock)
                  0008589e    0000000d     rts2800_fpu32_eabi.lib : copy_zero_init.c.obj (.text:decompress:ZI:__TI_zero_init_nomemset)
                  000858ab    0000000c                            : args_main.c.obj (.text)
                  000858b7    0000000c                            : strchr.c.obj (.text)
                  000858c3    0000000b     device.obj (.text:SysCtl_disableWatchdog)
                  000858ce    0000000b     driverlib_eabi.lib : sysctl.obj (.text:SysCtl_isMCDClockFailureDetected)
                  000858d9    0000000b     spll_sample_study.obj (.text:__relaxed_cosf)
                  000858e4    0000000b     spll_sample_study.obj (.text:__relaxed_sinf)
                  000858ef    0000000b     rts2800_fpu32_eabi.lib : wcslen.c.obj (.text)
                  000858fa    0000000a     driverlib_eabi.lib : interrupt.obj (.text:Interrupt_illegalOperationHandler)
                  00085904    0000000a                        : interrupt.obj (.text:Interrupt_nmiHandler)
                  0008590e    00000009     rts2800_fpu32_eabi.lib : _lock.c.obj (.text)
                  00085917    00000009                            : fd_neg28.asm.obj (.text)
                  00085920    00000008                            : copy_decompress_none.c.obj (.text:decompress:none)
                  00085928    00000008     f28004x_codestartbranch.obj (.text)
                  00085930    00000008     rts2800_fpu32_eabi.lib : strlen.c.obj (.text)
                  00085938    00000007     driverlib_eabi.lib : sysctl.obj (.text:SysCtl_resetMCD)
                  0008593f    00000007     device.obj (.text:__error__)
                  00085946    00000007     rts2800_fpu32_eabi.lib : memset.c.obj (.text)
                  0008594d    00000006     spll_sample_study.obj (.text:Interrupt_clearACKGroup)
                  00085953    00000005     board.obj (.text:Board_init)
                  00085958    00000005     rts2800_fpu32_eabi.lib : strcpy.c.obj (.text)
                  0008595d    00000002                            : pre_init.c.obj (.text)
                  0008595f    00000001     c2000ware_libraries.obj (.text:C2000Ware_libraries_init)
                  00085960    00000001     board.obj (.text:PinMux_init)
                  00085961    00000001     rts2800_fpu32_eabi.lib : startup.c.obj (.text)

MODULE SUMMARY

       Module                        code    ro data   rw data
       ------                        ----    -------   -------
    .\
       spll_sample_study.obj         3153    244       94     
    +--+-----------------------------+-------+---------+---------+
       Total:                        3153    244       94     
                                                              
    .\device\
       device.obj                    428     85        0      
       f28004x_codestartbranch.obj   10      0         0      
    +--+-----------------------------+-------+---------+---------+
       Total:                        438     85        0      
                                                              
    .\syscfg\
       board.obj                     6       0         0      
       c2000ware_libraries.obj       1       0         0      
    +--+-----------------------------+-------+---------+---------+
       Total:                        7       0         0      
                                                              
    C:\ti\C2000Ware_26_00_00_00\driverlib\f28004x\driverlib\ccs\Debug\driverlib_eabi.lib
       sysctl.obj                    1193    154       0      
       flash.obj                     618     155       0      
       gpio.obj                      319     152       0      
       sci.obj                       124     151       0      
       adc.obj                       139     75        0      
       interrupt.obj                 214     0         0      
    +--+-----------------------------+-------+---------+---------+
       Total:                        2607    687       0      
                                                              
    C:\ti\ccs2041\ccs\tools\compiler\ti-cgt-c2000_22.6.3.LTS\lib\rts2800_fpu32_eabi.lib
       _printfi.c.obj                3286    66        0      
       ll_div28.asm.obj              263     0         0      
       ctype.c.obj                   0       257       0      
       s_scalbn.c.obj                169     28        0      
       fd_add28.asm.obj              156     0         0      
       fd_div28.asm.obj              139     0         0      
       fd_mpy28.asm.obj              131     0         0      
       s_frexp.c.obj                 90      8         0      
       sprintf.c.obj                 50      0         0      
       atoi.c.obj                    49      0         0      
       _ltoa.c.obj                   48      0         0      
       exit.c.obj                    41      0         6      
       copy_decompress_lzss.c.obj    46      0         0      
       autoinit.c.obj                43      0         0      
       fd_cmp28.asm.obj              42      0         0      
       l_div28.asm.obj               42      0         0      
       s_copysign.c.obj              36      0         0      
       fd_toi28.asm.obj              33      0         0      
       fd_tol28.asm.obj              31      0         0      
       ll_cmp28.asm.obj              30      0         0      
       i_tofd28.asm.obj              29      0         0      
       memcpy.c.obj                  29      0         0      
       l_tofd28.asm.obj              28      0         0      
       ll_aox28.asm.obj              24      0         0      
       boot28.asm.obj                23      0         0      
       memccpy.c.obj                 16      0         0      
       fd_sub28.asm.obj              14      0         0      
       _lock.c.obj                   9       0         4      
       copy_zero_init.c.obj          13      0         0      
       args_main.c.obj               12      0         0      
       strchr.c.obj                  12      0         0      
       wcslen.c.obj                  11      0         0      
       fd_neg28.asm.obj              9       0         0      
       copy_decompress_none.c.obj    8       0         0      
       strlen.c.obj                  8       0         0      
       memset.c.obj                  7       0         0      
       strcpy.c.obj                  5       0         0      
       pre_init.c.obj                2       0         0      
       errno.c.obj                   0       0         1      
       startup.c.obj                 1       0         0      
    +--+-----------------------------+-------+---------+---------+
       Total:                        4985    359       11     
                                                              
       Stack:                        0       0         1016   
       Linker Generated:             0       33        0      
    +--+-----------------------------+-------+---------+---------+
       Grand Total:                  11190   1408      1121   


LINKER GENERATED COPY TABLES

__TI_cinit_table @ 00081146 records: 2, size/record: 4, table size: 8
	.data: load addr=0008112c, load size=0000000f bytes, run addr=0000a842, run size=00000027 bytes, compression=lzss
	.bss: load addr=00081142, load size=00000004 bytes, run addr=0000a800, run size=00000042 bytes, compression=zero_init


LINKER GENERATED HANDLER TABLE

__TI_handler_table @ 0008113c records: 3, size/record: 2, table size: 6
	index: 0, handler: __TI_zero_init
	index: 1, handler: __TI_decompress_lzss
	index: 2, handler: __TI_decompress_none


GLOBAL DATA SYMBOLS: SORTED BY DATA PAGE

address     data page           name
--------    ----------------    ----
00000400      10 (00000400)     __stack

0000a800     2a0 (0000a800)     spll1

0000a842     2a1 (0000a840)     currentDuty
0000a843     2a1 (0000a840)     pwm_flag
0000a844     2a1 (0000a840)     sample_counter
0000a845     2a1 (0000a840)     flatline_counter
0000a846     2a1 (0000a840)     data_ready_flag
0000a848     2a1 (0000a840)     sum_squares_ac
0000a84a     2a1 (0000a840)     final_rms
0000a84c     2a1 (0000a840)     final_dc_voltage
0000a84e     2a1 (0000a840)     temp_sum_squares
0000a850     2a1 (0000a840)     ac_vol_normalized
0000a852     2a1 (0000a840)     v_dc_meas
0000a854     2a1 (0000a840)     i_ac_meas
0000a856     2a1 (0000a840)     v_dc_ref
0000a858     2a1 (0000a840)     i_ref_amplitude
0000a85a     2a1 (0000a840)     i_ref_inst
0000a85c     2a1 (0000a840)     currentDutyFloat
0000a85e     2a1 (0000a840)     __TI_enable_exit_profile_output
0000a860     2a1 (0000a840)     __TI_cleanup_ptr
0000a862     2a1 (0000a840)     __TI_dtors_ptr
0000a864     2a1 (0000a840)     _lock
0000a866     2a1 (0000a840)     _unlock
0000a868     2a1 (0000a840)     errno

00084000    2100 (00084000)     _ctypes_

0008453a    2114 (00084500)     ADC_SCALE_AC
0008453c    2114 (00084500)     ADC_SCALE_DC
0008453e    2114 (00084500)     ADC_SCALE_L_I


GLOBAL SYMBOLS: SORTED ALPHABETICALLY BY Name 

page  address   name                             
----  -------   ----                             
0     0008453a  ADC_SCALE_AC                     
0     0008453c  ADC_SCALE_DC                     
0     0008453e  ADC_SCALE_L_I                    
0     00085183  ADC_setOffsetTrimAll             
0     00083b46  ADC_setVREF                      
0     00085953  Board_init                       
0     0008515a  C$$EXIT                          
0     0008595f  C2000Ware_libraries_init         
0     00083107  Device_enableAllPeripherals      
0     000838e1  Device_init                      
0     000857fc  Device_initGPIO                  
0     00008000  Flash_initModule                 
0     00083dd5  GPIO_setAnalogMode               
0     00083f1d  GPIO_setDirectionMode            
0     00083a56  GPIO_setPadConfig                
0     00083e46  GPIO_setPinConfig                
0     00083e7d  GPIO_setQualificationMode        
0     0008565c  Interrupt_defaultHandler         
0     00083eb4  Interrupt_enable                 
0     000858fa  Interrupt_illegalOperationHandler
0     00083d5e  Interrupt_initModule             
0     0008535f  Interrupt_initVectorTable        
0     00085904  Interrupt_nmiHandler             
0     00085960  PinMux_init                      
0     00081129  RamfuncsLoadEnd                  
abs   00000129  RamfuncsLoadSize                 
0     00081000  RamfuncsLoadStart                
0     00008129  RamfuncsRunEnd                   
abs   00000129  RamfuncsRunSize                  
0     00008000  RamfuncsRunStart                 
0     00083d20  SCI_setConfig                    
0     00008125  SysCtl_delay                     
0     00083943  SysCtl_getClock                  
0     000854b6  SysCtl_getLowSpeedClock          
0     000832af  SysCtl_isPLLValid                
0     00083af9  SysCtl_selectOscSource           
0     00083ca2  SysCtl_selectXTAL                
0     000851d2  SysCtl_selectXTALSingleEnded     
0     000831e7  SysCtl_setClock                  
0     00081146  __TI_CINIT_Base                  
0     0008114e  __TI_CINIT_Limit                 
0     0008114e  __TI_CINIT_Warm                  
0     0008113c  __TI_Handler_Table_Base          
0     00081142  __TI_Handler_Table_Limit         
1     000007f8  __TI_STACK_END                   
abs   000003f8  __TI_STACK_SIZE                  
0     000850b1  __TI_auto_init_nobinit_nopinit   
1     0000a860  __TI_cleanup_ptr                 
0     00085000  __TI_decompress_lzss             
0     00085920  __TI_decompress_none             
1     0000a862  __TI_dtors_ptr                   
1     0000a85e  __TI_enable_exit_profile_output  
0     00083f7f  __TI_ltoa                        
abs   ffffffff  __TI_pprof_out_hndl              
0     00082b51  __TI_printfi                     
abs   ffffffff  __TI_prof_data_size              
abs   ffffffff  __TI_prof_data_start             
0     0008589e  __TI_zero_init_nomemset          
0     00083579  __c28xabi_addd                   
0     00085561  __c28xabi_andll                  
0     00085106  __c28xabi_cmpd                   
0     0008537d  __c28xabi_cmpll                  
0     0008538f  __c28xabi_cmpull                 
0     00083615  __c28xabi_divd                   
0     00085130  __c28xabi_divl                   
0     00083000  __c28xabi_divll                  
0     0008514d  __c28xabi_divul                  
0     00083076  __c28xabi_divull                 
0     00085285  __c28xabi_dtoi                   
0     00085304  __c28xabi_dtol                   
0     000853f2  __c28xabi_itod                   
0     00085480  __c28xabi_ltod                   
0     0008513f  __c28xabi_modl                   
0     0008303c  __c28xabi_modll                  
0     00085154  __c28xabi_modul                  
0     000830a5  __c28xabi_modull                 
0     000836a0  __c28xabi_mpyd                   
0     00085917  __c28xabi_negd                   
0     00085569  __c28xabi_orll                   
0     00085869  __c28xabi_subd                   
0     00085571  __c28xabi_xorll                  
n/a   UNDEFED   __c_args__                       
0     0008593f  __error__                        
0     000858d9  __relaxed_cosf                   
0     000858e4  __relaxed_sinf                   
0     00082ff7  __relaxed_sqrtf                  
1     00000400  __stack                          
0     000858ab  _args_main                       
0     00085603  _c_int00                         
0     00084000  _ctypes_                         
1     0000a864  _lock                            
0     00085916  _nop                             
0     00085912  _register_lock                   
0     0008590e  _register_unlock                 
0     00085961  _system_post_cinit               
0     0008595d  _system_pre_init                 
1     0000a866  _unlock                          
0     0008515a  abort                            
1     0000a850  ac_vol_normalized                
0     00083f4e  atoi                             
0     00080000  code_start                       
0     0008523f  copysign                         
0     0008523f  copysignl                        
1     0000a842  currentDuty                      
1     0000a85c  currentDutyFloat                 
1     0000a846  data_ready_flag                  
1     0000a868  errno                            
0     0008515c  exit                             
0     00082e40  fastCurrentLoop_ISR              
1     0000a84c  final_dc_voltage                 
1     0000a84a  final_rms                        
1     0000a845  flatline_counter                 
0     000839fc  frexp                            
0     000839fc  frexpl                           
1     0000a854  i_ac_meas                        
1     0000a858  i_ref_amplitude                  
1     0000a85a  i_ref_inst                       
0     0008380b  initADC                          
0     000834d5  initEPWM_HFL                     
0     0008387b  initEPWM_LFL                     
0     00083aa8  initSCIA                         
0     00082f4e  ldexp                            
0     00082f4e  ldexpl                           
0     00083422  main                             
0     0008582c  memccpy                          
0     0008540f  memcpy                           
0     00085946  memset                           
1     0000a843  pwm_flag                         
1     0000a844  sample_counter                   
0     00082f4e  scalbn                           
0     00082f4e  scalbnl                          
0     0008585a  sendSCIText                      
0     00083b92  slowVoltageLoop_ISR              
1     0000a800  spll1                            
0     00083eeb  sprintf                          
0     000858b7  strchr                           
0     00085958  strcpy                           
0     00085930  strlen                           
1     0000a848  sum_squares_ac                   
1     0000a84e  temp_sum_squares                 
1     0000a852  v_dc_meas                        
1     0000a856  v_dc_ref                         
0     000858ef  wcslen                           


GLOBAL SYMBOLS: SORTED BY Symbol Address 

page  address   name                             
----  -------   ----                             
0     00008000  Flash_initModule                 
0     00008000  RamfuncsRunStart                 
0     00008125  SysCtl_delay                     
0     00008129  RamfuncsRunEnd                   
0     00080000  code_start                       
0     00081000  RamfuncsLoadStart                
0     00081129  RamfuncsLoadEnd                  
0     0008113c  __TI_Handler_Table_Base          
0     00081142  __TI_Handler_Table_Limit         
0     00081146  __TI_CINIT_Base                  
0     0008114e  __TI_CINIT_Limit                 
0     0008114e  __TI_CINIT_Warm                  
0     00082b51  __TI_printfi                     
0     00082e40  fastCurrentLoop_ISR              
0     00082f4e  ldexp                            
0     00082f4e  ldexpl                           
0     00082f4e  scalbn                           
0     00082f4e  scalbnl                          
0     00082ff7  __relaxed_sqrtf                  
0     00083000  __c28xabi_divll                  
0     0008303c  __c28xabi_modll                  
0     00083076  __c28xabi_divull                 
0     000830a5  __c28xabi_modull                 
0     00083107  Device_enableAllPeripherals      
0     000831e7  SysCtl_setClock                  
0     000832af  SysCtl_isPLLValid                
0     00083422  main                             
0     000834d5  initEPWM_HFL                     
0     00083579  __c28xabi_addd                   
0     00083615  __c28xabi_divd                   
0     000836a0  __c28xabi_mpyd                   
0     0008380b  initADC                          
0     0008387b  initEPWM_LFL                     
0     000838e1  Device_init                      
0     00083943  SysCtl_getClock                  
0     000839fc  frexp                            
0     000839fc  frexpl                           
0     00083a56  GPIO_setPadConfig                
0     00083aa8  initSCIA                         
0     00083af9  SysCtl_selectOscSource           
0     00083b46  ADC_setVREF                      
0     00083b92  slowVoltageLoop_ISR              
0     00083ca2  SysCtl_selectXTAL                
0     00083d20  SCI_setConfig                    
0     00083d5e  Interrupt_initModule             
0     00083dd5  GPIO_setAnalogMode               
0     00083e46  GPIO_setPinConfig                
0     00083e7d  GPIO_setQualificationMode        
0     00083eb4  Interrupt_enable                 
0     00083eeb  sprintf                          
0     00083f1d  GPIO_setDirectionMode            
0     00083f4e  atoi                             
0     00083f7f  __TI_ltoa                        
0     00084000  _ctypes_                         
0     0008453a  ADC_SCALE_AC                     
0     0008453c  ADC_SCALE_DC                     
0     0008453e  ADC_SCALE_L_I                    
0     00085000  __TI_decompress_lzss             
0     000850b1  __TI_auto_init_nobinit_nopinit   
0     00085106  __c28xabi_cmpd                   
0     00085130  __c28xabi_divl                   
0     0008513f  __c28xabi_modl                   
0     0008514d  __c28xabi_divul                  
0     00085154  __c28xabi_modul                  
0     0008515a  C$$EXIT                          
0     0008515a  abort                            
0     0008515c  exit                             
0     00085183  ADC_setOffsetTrimAll             
0     000851d2  SysCtl_selectXTALSingleEnded     
0     0008523f  copysign                         
0     0008523f  copysignl                        
0     00085285  __c28xabi_dtoi                   
0     00085304  __c28xabi_dtol                   
0     0008535f  Interrupt_initVectorTable        
0     0008537d  __c28xabi_cmpll                  
0     0008538f  __c28xabi_cmpull                 
0     000853f2  __c28xabi_itod                   
0     0008540f  memcpy                           
0     00085480  __c28xabi_ltod                   
0     000854b6  SysCtl_getLowSpeedClock          
0     00085561  __c28xabi_andll                  
0     00085569  __c28xabi_orll                   
0     00085571  __c28xabi_xorll                  
0     00085603  _c_int00                         
0     0008565c  Interrupt_defaultHandler         
0     000857fc  Device_initGPIO                  
0     0008582c  memccpy                          
0     0008585a  sendSCIText                      
0     00085869  __c28xabi_subd                   
0     0008589e  __TI_zero_init_nomemset          
0     000858ab  _args_main                       
0     000858b7  strchr                           
0     000858d9  __relaxed_cosf                   
0     000858e4  __relaxed_sinf                   
0     000858ef  wcslen                           
0     000858fa  Interrupt_illegalOperationHandler
0     00085904  Interrupt_nmiHandler             
0     0008590e  _register_unlock                 
0     00085912  _register_lock                   
0     00085916  _nop                             
0     00085917  __c28xabi_negd                   
0     00085920  __TI_decompress_none             
0     00085930  strlen                           
0     0008593f  __error__                        
0     00085946  memset                           
0     00085953  Board_init                       
0     00085958  strcpy                           
0     0008595d  _system_pre_init                 
0     0008595f  C2000Ware_libraries_init         
0     00085960  PinMux_init                      
0     00085961  _system_post_cinit               
1     00000400  __stack                          
1     000007f8  __TI_STACK_END                   
1     0000a800  spll1                            
1     0000a842  currentDuty                      
1     0000a843  pwm_flag                         
1     0000a844  sample_counter                   
1     0000a845  flatline_counter                 
1     0000a846  data_ready_flag                  
1     0000a848  sum_squares_ac                   
1     0000a84a  final_rms                        
1     0000a84c  final_dc_voltage                 
1     0000a84e  temp_sum_squares                 
1     0000a850  ac_vol_normalized                
1     0000a852  v_dc_meas                        
1     0000a854  i_ac_meas                        
1     0000a856  v_dc_ref                         
1     0000a858  i_ref_amplitude                  
1     0000a85a  i_ref_inst                       
1     0000a85c  currentDutyFloat                 
1     0000a85e  __TI_enable_exit_profile_output  
1     0000a860  __TI_cleanup_ptr                 
1     0000a862  __TI_dtors_ptr                   
1     0000a864  _lock                            
1     0000a866  _unlock                          
1     0000a868  errno                            
abs   00000129  RamfuncsLoadSize                 
abs   00000129  RamfuncsRunSize                  
abs   000003f8  __TI_STACK_SIZE                  
abs   ffffffff  __TI_pprof_out_hndl              
abs   ffffffff  __TI_prof_data_size              
abs   ffffffff  __TI_prof_data_start             
n/a   UNDEFED   __c_args__                       

[143 symbols]
