******************************************************************************
             TMS320C2000 Linker PC v22.6.3                     
******************************************************************************
>> Linked Fri Jun  5 13:56:49 2026

OUTPUT FILE NAME:   <totempole_spll.out>
ENTRY POINT SYMBOL: "code_start"  address: 00080000


MEMORY CONFIGURATION

         name            origin    length      used     unused   attr    fill
----------------------  --------  ---------  --------  --------  ----  --------
PAGE 0:
  RAMM0                 000000f6   0000030a  00000000  0000030a  RWIX
  RAMLS0                00008000   00000800  00000129  000006d7  RWIX
  RAMLS1                00008800   00000800  00000000  00000800  RWIX
  RAMLS2                00009000   00000800  00000000  00000800  RWIX
  RAMLS3                00009800   00000800  00000000  00000800  RWIX
  RAMLS4                0000a000   00000800  00000000  00000800  RWIX
  BEGIN                 00080000   00000002  00000002  00000000  RWIX
  FLASH_BANK0_SEC0      00080002   00000ffe  00000000  00000ffe  RWIX
  FLASH_BANK0_SEC1      00081000   00001000  0000014d  00000eb3  RWIX
  FLASH_BANK0_SEC2      00082000   00001000  00001000  00000000  RWIX
  FLASH_BANK0_SEC3      00083000   00001000  00001000  00000000  RWIX
  FLASH_BANK0_SEC4      00084000   00001000  00000572  00000a8e  RWIX
  FLASH_BANK0_SEC5      00085000   00001000  000009c8  00000638  RWIX
  FLASH_BANK0_SEC6      00086000   00001000  00000000  00001000  RWIX
  FLASH_BANK0_SEC7      00087000   00001000  00000000  00001000  RWIX
  FLASH_BANK0_SEC8      00088000   00001000  00000000  00001000  RWIX
  FLASH_BANK0_SEC9      00089000   00001000  00000000  00001000  RWIX
  FLASH_BANK0_SEC10     0008a000   00001000  00000000  00001000  RWIX
  FLASH_BANK0_SEC11     0008b000   00001000  00000000  00001000  RWIX
  FLASH_BANK0_SEC12     0008c000   00001000  00000000  00001000  RWIX
  FLASH_BANK0_SEC13     0008d000   00001000  00000000  00001000  RWIX
  FLASH_BANK0_SEC14     0008e000   00001000  00000000  00001000  RWIX
  FLASH_BANK0_SEC15     0008f000   00001000  00000000  00001000  RWIX
  FLASH_BANK1_SEC0      00090000   00001000  00000000  00001000  RWIX
  FLASH_BANK1_SEC1      00091000   00001000  00000000  00001000  RWIX
  FLASH_BANK1_SEC2      00092000   00001000  00000000  00001000  RWIX
  FLASH_BANK1_SEC3      00093000   00001000  00000000  00001000  RWIX
  FLASH_BANK1_SEC4      00094000   00001000  00000000  00001000  RWIX
  FLASH_BANK1_SEC5      00095000   00001000  00000000  00001000  RWIX
  FLASH_BANK1_SEC6      00096000   00001000  00000000  00001000  RWIX
  FLASH_BANK1_SEC7      00097000   00001000  00000000  00001000  RWIX
  FLASH_BANK1_SEC8      00098000   00001000  00000000  00001000  RWIX
  FLASH_BANK1_SEC9      00099000   00001000  00000000  00001000  RWIX
  FLASH_BANK1_SEC10     0009a000   00001000  00000000  00001000  RWIX
  FLASH_BANK1_SEC11     0009b000   00001000  00000000  00001000  RWIX
  FLASH_BANK1_SEC12     0009c000   00001000  00000000  00001000  RWIX
  FLASH_BANK1_SEC13     0009d000   00001000  00000000  00001000  RWIX
  FLASH_BANK1_SEC14     0009e000   00001000  00000000  00001000  RWIX
  FLASH_BANK1_SEC15     0009f000   00000ff0  00000000  00000ff0  RWIX
  RESET                 003fffc0   00000002  00000000  00000002  RWIX

PAGE 1:
  BOOT_RSVD             00000002   000000f1  00000000  000000f1  RWIX
  RAMM1                 00000400   000003f8  000003f8  00000000  RWIX
  RAMLS5                0000a800   00000800  0000006f  00000791  RWIX
  RAMLS6                0000b000   00000800  00000000  00000800  RWIX
  RAMLS7                0000b800   00000800  00000000  00000800  RWIX
  RAMGS0                0000c000   00002000  00000000  00002000  RWIX
  RAMGS1                0000e000   00002000  00000000  00002000  RWIX
  RAMGS2                00010000   00002000  00000000  00002000  RWIX
  RAMGS3                00012000   00001ff8  00000000  00001ff8  RWIX


SECTION ALLOCATION MAP

 output                                  attributes/
section   page    origin      length       input sections
--------  ----  ----------  ----------   ----------------
codestart 
*          0    00080000    00000002     
                  00080000    00000002     f28004x_codestartbranch.obj (codestart)

.cinit     0    0008112c    00000024     
                  0008112c    00000012     (.cinit..data.load) [load image, compression = lzss]
                  0008113e    00000006     (__TI_handler_table)
                  00081144    00000004     (.cinit..bss.load) [load image, compression = zero_init]
                  00081148    00000008     (__TI_cinit_table)

.reset     0    003fffc0    00000000     DSECT

.stack     1    00000400    000003f8     UNINITIALIZED
                  00000400    000003f8     --HOLE--

.init_array 
*          0    00081000    00000000     UNINITIALIZED

.bss       1    0000a800    00000042     UNINITIALIZED
                  0000a800    00000042     spll_sample_study.obj (.bss)

.data      1    0000a842    0000002d     UNINITIALIZED
                  0000a842    00000022     spll_sample_study.obj (.data)
                  0000a864    00000006     rts2800_fpu32_eabi.lib : exit.c.obj (.data)
                  0000a86a    00000002                            : _lock.c.obj (.data:_lock)
                  0000a86c    00000002                            : _lock.c.obj (.data:_unlock)
                  0000a86e    00000001                            : errno.c.obj (.data)

.const     0    00084000    00000572     
                  00084000    00000101     rts2800_fpu32_eabi.lib : ctype.c.obj (.const:.string:_ctypes_)
                  00084101    00000001     --HOLE-- [fill = 0]
                  00084102    000000fb     spll_sample_study.obj (.const:.string)
                  000841fd    00000001     --HOLE-- [fill = 0]
                  000841fe    0000009b     driverlib_eabi.lib : flash.obj (.const:.string)
                  00084299    00000001     --HOLE-- [fill = 0]
                  0008429a    0000009a                        : sysctl.obj (.const:.string)
                  00084334    00000098                        : gpio.obj (.const:.string)
                  000843cc    00000097                        : sci.obj (.const:.string)
                  00084463    00000001     --HOLE-- [fill = 0]
                  00084464    00000055     device.obj (.const:.string)
                  000844b9    00000001     --HOLE-- [fill = 0]
                  000844ba    0000004b     driverlib_eabi.lib : adc.obj (.const:.string)
                  00084505    00000001     --HOLE-- [fill = 0]
                  00084506    00000026     rts2800_fpu32_eabi.lib : _printfi.c.obj (.const:.string)
                  0008452c    0000001c                            : _printfi.c.obj (.const)
                  00084548    0000001c                            : s_scalbn.c.obj (.const)
                  00084564    00000008                            : s_frexp.c.obj (.const)
                  0008456c    00000006     spll_sample_study.obj (.const)

.TI.ramfunc 
*          0    00081000    00000129     RUN ADDR = 00008000
                  00081000    00000044     driverlib_eabi.lib : flash.obj (.TI.ramfunc:Flash_initModule)
                  00081044    0000002c                        : flash.obj (.TI.ramfunc:Flash_setBankPowerMode)
                  00081070    00000024                        : flash.obj (.TI.ramfunc:Flash_setWaitstates)
                  00081094    0000001d                        : flash.obj (.TI.ramfunc:Flash_setPumpPowerMode)
                  000810b1    00000018                        : flash.obj (.TI.ramfunc:Flash_disableCache)
                  000810c9    00000018                        : flash.obj (.TI.ramfunc:Flash_disablePrefetch)
                  000810e1    00000017                        : flash.obj (.TI.ramfunc:Flash_enableCache)
                  000810f8    00000017                        : flash.obj (.TI.ramfunc:Flash_enablePrefetch)
                  0008110f    00000016                        : flash.obj (.TI.ramfunc:Flash_enableECC)
                  00081125    00000004                        : sysctl.obj (.TI.ramfunc)

.text.1    0    00082000    00001000     
                  00082000    000006c2     rts2800_fpu32_eabi.lib : _printfi.c.obj (.text)
                  000826c2    00000614                            : _printfi.c.obj (.text:__TI_printfi)
                  00082cd6    0000016a     spll_sample_study.obj (.text:SPLL_1PH_SOGI_run)
                  00082e40    0000012f     spll_sample_study.obj (.text:fastCurrentLoop_ISR)
                  00082f6f    0000008b     rts2800_fpu32_eabi.lib : fd_div28.asm.obj (.text)
                  00082ffa    00000006     spll_sample_study.obj (.text:Interrupt_clearACKGroup)

.text.2    0    00083000    00001000     
                  00083000    00000107     rts2800_fpu32_eabi.lib : ll_div28.asm.obj (.text)
                  00083107    000000e0     device.obj (.text:Device_enableAllPeripherals)
                  000831e7    000000ca     spll_sample_study.obj (.text:main)
                  000832b1    000000c8     driverlib_eabi.lib : sysctl.obj (.text:SysCtl_setClock)
                  00083379    000000bd                        : sysctl.obj (.text:SysCtl_isPLLValid)
                  00083436    000000b6     spll_sample_study.obj (.text:SPLL_1PH_SOGI_coeff_calc)
                  000834ec    000000ab     spll_sample_study.obj (.text:initEPWM_HFL)
                  00083597    000000a9     rts2800_fpu32_eabi.lib : s_scalbn.c.obj (.text)
                  00083640    0000009c                            : fd_add28.asm.obj (.text)
                  000836dc    00000083                            : fd_mpy28.asm.obj (.text)
                  0008375f    00000075     spll_sample_study.obj (.text:EPWM_setADCTriggerSource)
                  000837d4    00000073     driverlib_eabi.lib : sysctl.obj (.text:DCC_setCounterSeeds)
                  00083847    00000066     spll_sample_study.obj (.text:initEPWM_LFL)
                  000838ad    00000062     device.obj (.text:Device_init)
                  0008390f    0000005e     driverlib_eabi.lib : sysctl.obj (.text:SysCtl_getClock)
                  0008396d    0000005b     spll_sample_study.obj (.text:SPLL_1PH_SOGI_reset)
                  000839c8    0000005a     rts2800_fpu32_eabi.lib : s_frexp.c.obj (.text)
                  00083a22    00000052     driverlib_eabi.lib : gpio.obj (.text:GPIO_setPadConfig)
                  00083a74    00000051     spll_sample_study.obj (.text:initSCIA)
                  00083ac5    0000004d     driverlib_eabi.lib : sysctl.obj (.text:SysCtl_selectOscSource)
                  00083b12    0000004c                        : adc.obj (.text:ADC_setVREF)
                  00083b5e    00000049     spll_sample_study.obj (.text:slowVoltageLoop_ISR)
                  00083ba7    00000046     spll_sample_study.obj (.text:ADC_setupSOC)
                  00083bed    00000040     spll_sample_study.obj (.text:EPWM_setActionQualifierAction)
                  00083c2d    00000040     driverlib_eabi.lib : sysctl.obj (.text:SysCtl_pollX1Counter)
                  00083c6d    00000040                        : sysctl.obj (.text:SysCtl_selectXTAL)
                  00083cad    0000003e     spll_sample_study.obj (.text:EPWM_setCounterCompareShadowLoadMode)
                  00083ceb    0000003e     driverlib_eabi.lib : sci.obj (.text:SCI_setConfig)
                  00083d29    0000003d                        : interrupt.obj (.text:Interrupt_initModule)
                  00083d66    0000003a     spll_sample_study.obj (.text:EPWM_setADCTriggerEventPrescale)
                  00083da0    0000003a     driverlib_eabi.lib : gpio.obj (.text:GPIO_setAnalogMode)
                  00083dda    0000003a     spll_sample_study.obj (.text:initADCC)
                  00083e14    00000039     spll_sample_study.obj (.text:initADCA)
                  00083e4d    00000037     spll_sample_study.obj (.text:EPWM_setFallingEdgeDeadBandDelayInput)
                  00083e84    00000037     driverlib_eabi.lib : gpio.obj (.text:GPIO_setPinConfig)
                  00083ebb    00000037                        : gpio.obj (.text:GPIO_setQualificationMode)
                  00083ef2    00000037                        : interrupt.obj (.text:Interrupt_enable)
                  00083f29    00000032     rts2800_fpu32_eabi.lib : sprintf.c.obj (.text)
                  00083f5b    00000031     driverlib_eabi.lib : gpio.obj (.text:GPIO_setDirectionMode)
                  00083f8c    00000031     rts2800_fpu32_eabi.lib : atoi.c.obj (.text)
                  00083fbd    00000030                            : _ltoa.c.obj (.text)
                  00083fed    00000013     spll_sample_study.obj (.text:ADC_enableConverter)

.text.3    0    00085000    000009c8     
                  00085000    0000002f     spll_sample_study.obj (.text:ADC_setInterruptSource)
                  0008502f    0000002e     rts2800_fpu32_eabi.lib : copy_decompress_lzss.c.obj (.text:decompress:lzss)
                  0008505d    0000002c     spll_sample_study.obj (.text:EPWM_setActionQualifierContSWForceAction)
                  00085089    0000002c     spll_sample_study.obj (.text:EPWM_setDeadBandDelayMode)
                  000850b5    0000002b     spll_sample_study.obj (.text:EPWM_isBaseValid)
                  000850e0    0000002b     rts2800_fpu32_eabi.lib : autoinit.c.obj (.text:__TI_auto_init_nobinit_nopinit)
                  0008510b    0000002a     spll_sample_study.obj (.text:SPLL_1PH_SOGI_config)
                  00085135    0000002a     rts2800_fpu32_eabi.lib : fd_cmp28.asm.obj (.text)
                  0008515f    0000002a                            : l_div28.asm.obj (.text)
                  00085189    00000029                            : exit.c.obj (.text)
                  000851b2    00000028     driverlib_eabi.lib : adc.obj (.text:ADC_setOffsetTrimAll)
                  000851da    00000027     spll_sample_study.obj (.text:EPWM_setRisingEdgeDeadBandDelayInput)
                  00085201    00000025     driverlib_eabi.lib : sysctl.obj (.text:SysCtl_selectXTALSingleEnded)
                  00085226    00000025     spll_sample_study.obj (.text:initADCB)
                  0008524b    00000024     driverlib_eabi.lib : sysctl.obj (.text:DCC_enableSingleShotMode)
                  0008526f    00000024     spll_sample_study.obj (.text:EPWM_setDeadBandDelayPolarity)
                  00085293    00000024     rts2800_fpu32_eabi.lib : s_copysign.c.obj (.text)
                  000852b7    00000022     spll_sample_study.obj (.text:EPWM_setCounterCompareValue)
                  000852d9    00000022     spll_sample_study.obj (.text:EPWM_setTripZoneAction)
                  000852fb    00000021     rts2800_fpu32_eabi.lib : fd_toi28.asm.obj (.text)
                  0008531c    00000020     spll_sample_study.obj (.text:ADC_enableInterrupt)
                  0008533c    0000001f     spll_sample_study.obj (.text:EPWM_clearTripZoneFlag)
                  0008535b    0000001f     spll_sample_study.obj (.text:EPWM_forceTripZoneEvent)
                  0008537a    0000001f     rts2800_fpu32_eabi.lib : fd_tol28.asm.obj (.text)
                  00085399    0000001e     driverlib_eabi.lib : sysctl.obj (.text:DCC_setCounter1ClkSource)
                  000853b7    0000001e     spll_sample_study.obj (.text:EPWM_setPhaseShift)
                  000853d5    0000001e     driverlib_eabi.lib : interrupt.obj (.text:Interrupt_initVectorTable)
                  000853f3    0000001e     rts2800_fpu32_eabi.lib : ll_cmp28.asm.obj (.text)
                  00085411    0000001d     spll_sample_study.obj (.text:EPWM_setFallingEdgeDelayCount)
                  0008542e    0000001d     spll_sample_study.obj (.text:EPWM_setRisingEdgeDelayCount)
                  0008544b    0000001d     spll_sample_study.obj (.text:SCI_enableFIFO)
                  00085468    0000001d     rts2800_fpu32_eabi.lib : i_tofd28.asm.obj (.text)
                  00085485    0000001d                            : memcpy.c.obj (.text)
                  000854a2    0000001c     driverlib_eabi.lib : sysctl.obj (.text:DCC_setCounter0ClkSource)
                  000854be    0000001c     spll_sample_study.obj (.text:EPWM_enableADCTrigger)
                  000854da    0000001c     spll_sample_study.obj (.text:EPWM_setClockPrescaler)
                  000854f6    0000001c     rts2800_fpu32_eabi.lib : l_tofd28.asm.obj (.text)
                  00085512    0000001a     spll_sample_study.obj (.text:ADC_readResult)
                  0008552c    0000001a     driverlib_eabi.lib : sysctl.obj (.text:SysCtl_getLowSpeedClock)
                  00085546    00000019     spll_sample_study.obj (.text:SCI_writeCharBlockingFIFO)
                  0008555f    00000018     driverlib_eabi.lib : sci.obj (.text:SCI_disableModule)
                  00085577    00000018     spll_sample_study.obj (.text:SCI_resetChannels)
                  0008558f    00000018     spll_sample_study.obj (.text:SCI_resetRxFIFO)
                  000855a7    00000018     spll_sample_study.obj (.text:SCI_resetTxFIFO)
                  000855bf    00000018     spll_sample_study.obj (.text:SysCtl_disablePeripheral)
                  000855d7    00000018     rts2800_fpu32_eabi.lib : ll_aox28.asm.obj (.text)
                  000855ef    00000017     spll_sample_study.obj (.text:ADC_forceSOC)
                  00085606    00000017     driverlib_eabi.lib : adc.obj (.text:ADC_isBaseValid)
                  0008561d    00000017     spll_sample_study.obj (.text:ADC_isBaseValid)
                  00085634    00000017     device.obj (.text:SysCtl_enablePeripheral)
                  0008564b    00000017     driverlib_eabi.lib : sysctl.obj (.text:SysCtl_enablePeripheral)
                  00085662    00000017     spll_sample_study.obj (.text:SysCtl_enablePeripheral)
                  00085679    00000017     rts2800_fpu32_eabi.lib : boot28.asm.obj (.text)
                  00085690    00000016     spll_sample_study.obj (.text:ADC_setPrescaler)
                  000856a6    00000016     driverlib_eabi.lib : sysctl.obj (.text:DCC_disableDoneSignal)
                  000856bc    00000016                        : sysctl.obj (.text:DCC_enableDoneSignal)
                  000856d2    00000016                        : interrupt.obj (.text:Interrupt_defaultHandler)
                  000856e8    00000015                        : sysctl.obj (.text:DCC_clearDoneFlag)
                  000856fd    00000015                        : sysctl.obj (.text:DCC_clearErrorFlag)
                  00085712    00000015                        : sysctl.obj (.text:DCC_disableErrorSignal)
                  00085727    00000015                        : sysctl.obj (.text:DCC_enableErrorSignal)
                  0008573c    00000015     device.obj (.text:GPIO_unlockPortConfig)
                  00085751    00000014     spll_sample_study.obj (.text:ADC_clearInterruptStatus)
                  00085765    00000014     driverlib_eabi.lib : sysctl.obj (.text:DCC_disableModule)
                  00085779    00000014                        : sysctl.obj (.text:DCC_enableModule)
                  0008578d    00000014     spll_sample_study.obj (.text:EPWM_setTimeBaseCounterMode)
                  000857a1    00000014     spll_sample_study.obj (.text:EPWM_setTimeBasePeriod)
                  000857b5    00000014     driverlib_eabi.lib : gpio.obj (.text:GPIO_isPinValid)
                  000857c9    00000014     spll_sample_study.obj (.text:SCI_getTxFIFOStatus)
                  000857dd    00000013     driverlib_eabi.lib : sci.obj (.text:SCI_enableModule)
                  000857f0    00000013     spll_sample_study.obj (.text:SCI_enableModule)
                  00085803    00000013     spll_sample_study.obj (.text:SCI_enableRxModule)
                  00085816    00000013     spll_sample_study.obj (.text:SCI_enableTxModule)
                  00085829    00000013     driverlib_eabi.lib : sci.obj (.text:SCI_isBaseValid)
                  0008583c    00000013     spll_sample_study.obj (.text:SCI_isBaseValid)
                  0008584f    00000010     driverlib_eabi.lib : sysctl.obj (.text:DCC_isBaseValid)
                  0008585f    00000010     device.obj (.text:Device_initGPIO)
                  0008586f    00000010     driverlib_eabi.lib : flash.obj (.text:Flash_isCtrlBaseValid)
                  0008587f    00000010                        : flash.obj (.text:Flash_isECCBaseValid)
                  0008588f    00000010     rts2800_fpu32_eabi.lib : memccpy.c.obj (.text)
                  0008589f    0000000f     device.obj (.text:ASysCtl_disableDCDC)
                  000858ae    0000000f     spll_sample_study.obj (.text:Interrupt_register)
                  000858bd    0000000f     spll_sample_study.obj (.text:sendSCIText)
                  000858cc    0000000e     rts2800_fpu32_eabi.lib : fd_sub28.asm.obj (.text)
                  000858da    0000000d     driverlib_eabi.lib : interrupt.obj (.text:Interrupt_disableGlobal)
                  000858e7    0000000d                        : interrupt.obj (.text:Interrupt_enableGlobal)
                  000858f4    0000000d     device.obj (.text:SysCtl_setLowSpeedClock)
                  00085901    0000000d     rts2800_fpu32_eabi.lib : copy_zero_init.c.obj (.text:decompress:ZI:__TI_zero_init_nomemset)
                  0008590e    0000000c                            : args_main.c.obj (.text)
                  0008591a    0000000c                            : strchr.c.obj (.text)
                  00085926    0000000b     device.obj (.text:SysCtl_disableWatchdog)
                  00085931    0000000b     driverlib_eabi.lib : sysctl.obj (.text:SysCtl_isMCDClockFailureDetected)
                  0008593c    0000000b     spll_sample_study.obj (.text:__relaxed_cosf)
                  00085947    0000000b     spll_sample_study.obj (.text:__relaxed_sinf)
                  00085952    0000000b     rts2800_fpu32_eabi.lib : wcslen.c.obj (.text)
                  0008595d    0000000a     driverlib_eabi.lib : interrupt.obj (.text:Interrupt_illegalOperationHandler)
                  00085967    0000000a                        : interrupt.obj (.text:Interrupt_nmiHandler)
                  00085971    00000009     spll_sample_study.obj (.text:__relaxed_sqrtf)
                  0008597a    00000009     rts2800_fpu32_eabi.lib : _lock.c.obj (.text)
                  00085983    00000009                            : fd_neg28.asm.obj (.text)
                  0008598c    00000008                            : copy_decompress_none.c.obj (.text:decompress:none)
                  00085994    00000008     f28004x_codestartbranch.obj (.text)
                  0008599c    00000008     rts2800_fpu32_eabi.lib : strlen.c.obj (.text)
                  000859a4    00000007     driverlib_eabi.lib : sysctl.obj (.text:SysCtl_resetMCD)
                  000859ab    00000007     device.obj (.text:__error__)
                  000859b2    00000007     rts2800_fpu32_eabi.lib : memset.c.obj (.text)
                  000859b9    00000005     board.obj (.text:Board_init)
                  000859be    00000005     rts2800_fpu32_eabi.lib : strcpy.c.obj (.text)
                  000859c3    00000002                            : pre_init.c.obj (.text)
                  000859c5    00000001     c2000ware_libraries.obj (.text:C2000Ware_libraries_init)
                  000859c6    00000001     board.obj (.text:PinMux_init)
                  000859c7    00000001     rts2800_fpu32_eabi.lib : startup.c.obj (.text)

MODULE SUMMARY

       Module                        code    ro data   rw data
       ------                        ----    -------   -------
    .\
       spll_sample_study.obj         3255    257       100    
    +--+-----------------------------+-------+---------+---------+
       Total:                        3255    257       100    
                                                              
    .\device\
       device.obj                    428     85        0      
       f28004x_codestartbranch.obj   10      0         0      
    +--+-----------------------------+-------+---------+---------+
       Total:                        438     85        0      
                                                              
    .\syscfg\
       board.obj                     6       0         0      
       c2000ware_libraries.obj       1       0         0      
    +--+-----------------------------+-------+---------+---------+
       Total:                        7       0         0      
                                                              
    C:\ti\C2000Ware_26_00_00_00\driverlib\f28004x\driverlib\ccs\Debug\driverlib_eabi.lib
       sysctl.obj                    1193    154       0      
       flash.obj                     618     155       0      
       gpio.obj                      319     152       0      
       sci.obj                       124     151       0      
       adc.obj                       139     75        0      
       interrupt.obj                 214     0         0      
    +--+-----------------------------+-------+---------+---------+
       Total:                        2607    687       0      
                                                              
    C:\ti\ccs2041\ccs\tools\compiler\ti-cgt-c2000_22.6.3.LTS\lib\rts2800_fpu32_eabi.lib
       _printfi.c.obj                3286    66        0      
       ll_div28.asm.obj              263     0         0      
       ctype.c.obj                   0       257       0      
       s_scalbn.c.obj                169     28        0      
       fd_add28.asm.obj              156     0         0      
       fd_div28.asm.obj              139     0         0      
       fd_mpy28.asm.obj              131     0         0      
       s_frexp.c.obj                 90      8         0      
       sprintf.c.obj                 50      0         0      
       atoi.c.obj                    49      0         0      
       _ltoa.c.obj                   48      0         0      
       exit.c.obj                    41      0         6      
       copy_decompress_lzss.c.obj    46      0         0      
       autoinit.c.obj                43      0         0      
       fd_cmp28.asm.obj              42      0         0      
       l_div28.asm.obj               42      0         0      
       s_copysign.c.obj              36      0         0      
       fd_toi28.asm.obj              33      0         0      
       fd_tol28.asm.obj              31      0         0      
       ll_cmp28.asm.obj              30      0         0      
       i_tofd28.asm.obj              29      0         0      
       memcpy.c.obj                  29      0         0      
       l_tofd28.asm.obj              28      0         0      
       ll_aox28.asm.obj              24      0         0      
       boot28.asm.obj                23      0         0      
       memccpy.c.obj                 16      0         0      
       fd_sub28.asm.obj              14      0         0      
       _lock.c.obj                   9       0         4      
       copy_zero_init.c.obj          13      0         0      
       args_main.c.obj               12      0         0      
       strchr.c.obj                  12      0         0      
       wcslen.c.obj                  11      0         0      
       fd_neg28.asm.obj              9       0         0      
       copy_decompress_none.c.obj    8       0         0      
       strlen.c.obj                  8       0         0      
       memset.c.obj                  7       0         0      
       strcpy.c.obj                  5       0         0      
       pre_init.c.obj                2       0         0      
       errno.c.obj                   0       0         1      
       startup.c.obj                 1       0         0      
    +--+-----------------------------+-------+---------+---------+
       Total:                        4985    359       11     
                                                              
       Stack:                        0       0         1016   
       Linker Generated:             0       36        0      
    +--+-----------------------------+-------+---------+---------+
       Grand Total:                  11292   1424      1127   


LINKER GENERATED COPY TABLES

__TI_cinit_table @ 00081148 records: 2, size/record: 4, table size: 8
	.data: load addr=0008112c, load size=00000012 bytes, run addr=0000a842, run size=0000002d bytes, compression=lzss
	.bss: load addr=00081144, load size=00000004 bytes, run addr=0000a800, run size=00000042 bytes, compression=zero_init


LINKER GENERATED HANDLER TABLE

__TI_handler_table @ 0008113e records: 3, size/record: 2, table size: 6
	index: 0, handler: __TI_zero_init
	index: 1, handler: __TI_decompress_lzss
	index: 2, handler: __TI_decompress_none


GLOBAL DATA SYMBOLS: SORTED BY DATA PAGE

address     data page           name
--------    ----------------    ----
00000400      10 (00000400)     __stack

0000a800     2a0 (0000a800)     spll1

0000a842     2a1 (0000a840)     currentDuty
0000a843     2a1 (0000a840)     pwm_flag
0000a844     2a1 (0000a840)     sample_counter
0000a845     2a1 (0000a840)     flatline_counter
0000a846     2a1 (0000a840)     data_ready_flag
0000a848     2a1 (0000a840)     final_rms
0000a84a     2a1 (0000a840)     final_dc_voltage
0000a84c     2a1 (0000a840)     final_i_rms
0000a84e     2a1 (0000a840)     temp_sum_squares
0000a850     2a1 (0000a840)     temp_sum_squares_i
0000a852     2a1 (0000a840)     sum_squares_ac
0000a854     2a1 (0000a840)     sum_squares_i_ac
0000a856     2a1 (0000a840)     ac_vol_adc_offset
0000a858     2a1 (0000a840)     ac_vol_normalized
0000a85a     2a1 (0000a840)     v_dc_meas
0000a85c     2a1 (0000a840)     i_ac_meas
0000a85e     2a1 (0000a840)     v_dc_ref
0000a860     2a1 (0000a840)     i_ref_amplitude
0000a862     2a1 (0000a840)     i_ref_inst
0000a864     2a1 (0000a840)     __TI_enable_exit_profile_output
0000a866     2a1 (0000a840)     __TI_cleanup_ptr
0000a868     2a1 (0000a840)     __TI_dtors_ptr
0000a86a     2a1 (0000a840)     _lock
0000a86c     2a1 (0000a840)     _unlock
0000a86e     2a1 (0000a840)     errno

00084000    2100 (00084000)     _ctypes_

0008456c    2115 (00084540)     ADC_SCALE_AC
0008456e    2115 (00084540)     ADC_SCALE_DC
00084570    2115 (00084540)     ADC_SCALE_L_I


GLOBAL SYMBOLS: SORTED ALPHABETICALLY BY Name 

page  address   name                             
----  -------   ----                             
0     0008456c  ADC_SCALE_AC                     
0     0008456e  ADC_SCALE_DC                     
0     00084570  ADC_SCALE_L_I                    
0     000851b2  ADC_setOffsetTrimAll             
0     00083b12  ADC_setVREF                      
0     000859b9  Board_init                       
0     00085189  C$$EXIT                          
0     000859c5  C2000Ware_libraries_init         
0     00083107  Device_enableAllPeripherals      
0     000838ad  Device_init                      
0     0008585f  Device_initGPIO                  
0     00008000  Flash_initModule                 
0     00083da0  GPIO_setAnalogMode               
0     00083f5b  GPIO_setDirectionMode            
0     00083a22  GPIO_setPadConfig                
0     00083e84  GPIO_setPinConfig                
0     00083ebb  GPIO_setQualificationMode        
0     000856d2  Interrupt_defaultHandler         
0     00083ef2  Interrupt_enable                 
0     0008595d  Interrupt_illegalOperationHandler
0     00083d29  Interrupt_initModule             
0     000853d5  Interrupt_initVectorTable        
0     00085967  Interrupt_nmiHandler             
0     000859c6  PinMux_init                      
0     00081129  RamfuncsLoadEnd                  
abs   00000129  RamfuncsLoadSize                 
0     00081000  RamfuncsLoadStart                
0     00008129  RamfuncsRunEnd                   
abs   00000129  RamfuncsRunSize                  
0     00008000  RamfuncsRunStart                 
0     00083ceb  SCI_setConfig                    
0     00008125  SysCtl_delay                     
0     0008390f  SysCtl_getClock                  
0     0008552c  SysCtl_getLowSpeedClock          
0     00083379  SysCtl_isPLLValid                
0     00083ac5  SysCtl_selectOscSource           
0     00083c6d  SysCtl_selectXTAL                
0     00085201  SysCtl_selectXTALSingleEnded     
0     000832b1  SysCtl_setClock                  
0     00081148  __TI_CINIT_Base                  
0     00081150  __TI_CINIT_Limit                 
0     00081150  __TI_CINIT_Warm                  
0     0008113e  __TI_Handler_Table_Base          
0     00081144  __TI_Handler_Table_Limit         
1     000007f8  __TI_STACK_END                   
abs   000003f8  __TI_STACK_SIZE                  
0     000850e0  __TI_auto_init_nobinit_nopinit   
1     0000a866  __TI_cleanup_ptr                 
0     0008502f  __TI_decompress_lzss             
0     0008598c  __TI_decompress_none             
1     0000a868  __TI_dtors_ptr                   
1     0000a864  __TI_enable_exit_profile_output  
0     00083fbd  __TI_ltoa                        
abs   ffffffff  __TI_pprof_out_hndl              
0     00082b51  __TI_printfi                     
abs   ffffffff  __TI_prof_data_size              
abs   ffffffff  __TI_prof_data_start             
0     00085901  __TI_zero_init_nomemset          
0     00083640  __c28xabi_addd                   
0     000855d7  __c28xabi_andll                  
0     00085135  __c28xabi_cmpd                   
0     000853f3  __c28xabi_cmpll                  
0     00085405  __c28xabi_cmpull                 
0     00082f6f  __c28xabi_divd                   
0     0008515f  __c28xabi_divl                   
0     00083000  __c28xabi_divll                  
0     0008517c  __c28xabi_divul                  
0     00083076  __c28xabi_divull                 
0     000852fb  __c28xabi_dtoi                   
0     0008537a  __c28xabi_dtol                   
0     00085468  __c28xabi_itod                   
0     000854f6  __c28xabi_ltod                   
0     0008516e  __c28xabi_modl                   
0     0008303c  __c28xabi_modll                  
0     00085183  __c28xabi_modul                  
0     000830a5  __c28xabi_modull                 
0     000836dc  __c28xabi_mpyd                   
0     00085983  __c28xabi_negd                   
0     000855df  __c28xabi_orll                   
0     000858cc  __c28xabi_subd                   
0     000855e7  __c28xabi_xorll                  
n/a   UNDEFED   __c_args__                       
0     000859ab  __error__                        
0     0008593c  __relaxed_cosf                   
0     00085947  __relaxed_sinf                   
0     00085971  __relaxed_sqrtf                  
1     00000400  __stack                          
0     0008590e  _args_main                       
0     00085679  _c_int00                         
0     00084000  _ctypes_                         
1     0000a86a  _lock                            
0     00085982  _nop                             
0     0008597e  _register_lock                   
0     0008597a  _register_unlock                 
0     000859c7  _system_post_cinit               
0     000859c3  _system_pre_init                 
1     0000a86c  _unlock                          
0     00085189  abort                            
1     0000a856  ac_vol_adc_offset                
1     0000a858  ac_vol_normalized                
0     00083f8c  atoi                             
0     00080000  code_start                       
0     00085293  copysign                         
0     00085293  copysignl                        
1     0000a842  currentDuty                      
1     0000a846  data_ready_flag                  
1     0000a86e  errno                            
0     0008518b  exit                             
0     00082e40  fastCurrentLoop_ISR              
1     0000a84a  final_dc_voltage                 
1     0000a84c  final_i_rms                      
1     0000a848  final_rms                        
1     0000a845  flatline_counter                 
0     000839c8  frexp                            
0     000839c8  frexpl                           
1     0000a85c  i_ac_meas                        
1     0000a860  i_ref_amplitude                  
1     0000a862  i_ref_inst                       
0     00083e14  initADCA                         
0     00085226  initADCB                         
0     00083dda  initADCC                         
0     000834ec  initEPWM_HFL                     
0     00083847  initEPWM_LFL                     
0     00083a74  initSCIA                         
0     00083597  ldexp                            
0     00083597  ldexpl                           
0     000831e7  main                             
0     0008588f  memccpy                          
0     00085485  memcpy                           
0     000859b2  memset                           
1     0000a843  pwm_flag                         
1     0000a844  sample_counter                   
0     00083597  scalbn                           
0     00083597  scalbnl                          
0     000858bd  sendSCIText                      
0     00083b5e  slowVoltageLoop_ISR              
1     0000a800  spll1                            
0     00083f29  sprintf                          
0     0008591a  strchr                           
0     000859be  strcpy                           
0     0008599c  strlen                           
1     0000a852  sum_squares_ac                   
1     0000a854  sum_squares_i_ac                 
1     0000a84e  temp_sum_squares                 
1     0000a850  temp_sum_squares_i               
1     0000a85a  v_dc_meas                        
1     0000a85e  v_dc_ref                         
0     00085952  wcslen                           


GLOBAL SYMBOLS: SORTED BY Symbol Address 

page  address   name                             
----  -------   ----                             
0     00008000  Flash_initModule                 
0     00008000  RamfuncsRunStart                 
0     00008125  SysCtl_delay                     
0     00008129  RamfuncsRunEnd                   
0     00080000  code_start                       
0     00081000  RamfuncsLoadStart                
0     00081129  RamfuncsLoadEnd                  
0     0008113e  __TI_Handler_Table_Base          
0     00081144  __TI_Handler_Table_Limit         
0     00081148  __TI_CINIT_Base                  
0     00081150  __TI_CINIT_Limit                 
0     00081150  __TI_CINIT_Warm                  
0     00082b51  __TI_printfi                     
0     00082e40  fastCurrentLoop_ISR              
0     00082f6f  __c28xabi_divd                   
0     00083000  __c28xabi_divll                  
0     0008303c  __c28xabi_modll                  
0     00083076  __c28xabi_divull                 
0     000830a5  __c28xabi_modull                 
0     00083107  Device_enableAllPeripherals      
0     000831e7  main                             
0     000832b1  SysCtl_setClock                  
0     00083379  SysCtl_isPLLValid                
0     000834ec  initEPWM_HFL                     
0     00083597  ldexp                            
0     00083597  ldexpl                           
0     00083597  scalbn                           
0     00083597  scalbnl                          
0     00083640  __c28xabi_addd                   
0     000836dc  __c28xabi_mpyd                   
0     00083847  initEPWM_LFL                     
0     000838ad  Device_init                      
0     0008390f  SysCtl_getClock                  
0     000839c8  frexp                            
0     000839c8  frexpl                           
0     00083a22  GPIO_setPadConfig                
0     00083a74  initSCIA                         
0     00083ac5  SysCtl_selectOscSource           
0     00083b12  ADC_setVREF                      
0     00083b5e  slowVoltageLoop_ISR              
0     00083c6d  SysCtl_selectXTAL                
0     00083ceb  SCI_setConfig                    
0     00083d29  Interrupt_initModule             
0     00083da0  GPIO_setAnalogMode               
0     00083dda  initADCC                         
0     00083e14  initADCA                         
0     00083e84  GPIO_setPinConfig                
0     00083ebb  GPIO_setQualificationMode        
0     00083ef2  Interrupt_enable                 
0     00083f29  sprintf                          
0     00083f5b  GPIO_setDirectionMode            
0     00083f8c  atoi                             
0     00083fbd  __TI_ltoa                        
0     00084000  _ctypes_                         
0     0008456c  ADC_SCALE_AC                     
0     0008456e  ADC_SCALE_DC                     
0     00084570  ADC_SCALE_L_I                    
0     0008502f  __TI_decompress_lzss             
0     000850e0  __TI_auto_init_nobinit_nopinit   
0     00085135  __c28xabi_cmpd                   
0     0008515f  __c28xabi_divl                   
0     0008516e  __c28xabi_modl                   
0     0008517c  __c28xabi_divul                  
0     00085183  __c28xabi_modul                  
0     00085189  C$$EXIT                          
0     00085189  abort                            
0     0008518b  exit                             
0     000851b2  ADC_setOffsetTrimAll             
0     00085201  SysCtl_selectXTALSingleEnded     
0     00085226  initADCB                         
0     00085293  copysign                         
0     00085293  copysignl                        
0     000852fb  __c28xabi_dtoi                   
0     0008537a  __c28xabi_dtol                   
0     000853d5  Interrupt_initVectorTable        
0     000853f3  __c28xabi_cmpll                  
0     00085405  __c28xabi_cmpull                 
0     00085468  __c28xabi_itod                   
0     00085485  memcpy                           
0     000854f6  __c28xabi_ltod                   
0     0008552c  SysCtl_getLowSpeedClock          
0     000855d7  __c28xabi_andll                  
0     000855df  __c28xabi_orll                   
0     000855e7  __c28xabi_xorll                  
0     00085679  _c_int00                         
0     000856d2  Interrupt_defaultHandler         
0     0008585f  Device_initGPIO                  
0     0008588f  memccpy                          
0     000858bd  sendSCIText                      
0     000858cc  __c28xabi_subd                   
0     00085901  __TI_zero_init_nomemset          
0     0008590e  _args_main                       
0     0008591a  strchr                           
0     0008593c  __relaxed_cosf                   
0     00085947  __relaxed_sinf                   
0     00085952  wcslen                           
0     0008595d  Interrupt_illegalOperationHandler
0     00085967  Interrupt_nmiHandler             
0     00085971  __relaxed_sqrtf                  
0     0008597a  _register_unlock                 
0     0008597e  _register_lock                   
0     00085982  _nop                             
0     00085983  __c28xabi_negd                   
0     0008598c  __TI_decompress_none             
0     0008599c  strlen                           
0     000859ab  __error__                        
0     000859b2  memset                           
0     000859b9  Board_init                       
0     000859be  strcpy                           
0     000859c3  _system_pre_init                 
0     000859c5  C2000Ware_libraries_init         
0     000859c6  PinMux_init                      
0     000859c7  _system_post_cinit               
1     00000400  __stack                          
1     000007f8  __TI_STACK_END                   
1     0000a800  spll1                            
1     0000a842  currentDuty                      
1     0000a843  pwm_flag                         
1     0000a844  sample_counter                   
1     0000a845  flatline_counter                 
1     0000a846  data_ready_flag                  
1     0000a848  final_rms                        
1     0000a84a  final_dc_voltage                 
1     0000a84c  final_i_rms                      
1     0000a84e  temp_sum_squares                 
1     0000a850  temp_sum_squares_i               
1     0000a852  sum_squares_ac                   
1     0000a854  sum_squares_i_ac                 
1     0000a856  ac_vol_adc_offset                
1     0000a858  ac_vol_normalized                
1     0000a85a  v_dc_meas                        
1     0000a85c  i_ac_meas                        
1     0000a85e  v_dc_ref                         
1     0000a860  i_ref_amplitude                  
1     0000a862  i_ref_inst                       
1     0000a864  __TI_enable_exit_profile_output  
1     0000a866  __TI_cleanup_ptr                 
1     0000a868  __TI_dtors_ptr                   
1     0000a86a  _lock                            
1     0000a86c  _unlock                          
1     0000a86e  errno                            
abs   00000129  RamfuncsLoadSize                 
abs   00000129  RamfuncsRunSize                  
abs   000003f8  __TI_STACK_SIZE                  
abs   ffffffff  __TI_pprof_out_hndl              
abs   ffffffff  __TI_prof_data_size              
abs   ffffffff  __TI_prof_data_start             
n/a   UNDEFED   __c_args__                       

[148 symbols]
